<html>
<body>
<pre>
<h1>µVision Build Log</h1>
<h2>Tool Versions:</h2>
IDE-Version: ¦ÌVision V5.38.0.0
Copyright (C) 2022 ARM Ltd and ARM Germany GmbH. All rights reserved.
License Information: askcvjba Lenovo, asdckn, LIC=EXJT4-FMPR4-KP8ZY-IVXE8-2KWDJ-ABB6Y
 
Tool Versions:
Toolchain:       MDK-ARM Plus  Version: 5.38.0.0
Toolchain Path:  C:\Keil_v5\ARM\ARM_Compiler_5.06u7\Bin
C Compiler:      Armcc.exe V5.06 update 7 (build 960)
Assembler:       Armasm.exe V5.06 update 7 (build 960)
Linker/Locator:  ArmLink.exe V5.06 update 7 (build 960)
Library Manager: ArmAr.exe V5.06 update 7 (build 960)
Hex Converter:   FromElf.exe V5.06 update 7 (build 960)
CPU DLL:         SARMCM3.DLL V5.38.0.0
Dialog DLL:      DCM.DLL V1.17.5.0
Target DLL:      Segger\JL2CM3.dll V2.99.18.0
Dialog DLL:      TCM.DLL V1.56.4.0
 
<h2>Project:</h2>
E:\nRFDeviceDownload\nRF5_SDK_17.1.0_ddde560\examples\peripheral\0adc_rtos\pca10056\blank\arm5_no_packs\blinky_FreeRTOS_pca10056.uvprojx
Project File Date:  06/11/2024

<h2>Output:</h2>
*** Using Compiler 'V5.06 update 7 (build 960)', folder: 'C:\Keil_v5\ARM\ARM_Compiler_5.06u7\Bin'
Build target 'nrf52840_xxaa'
compiling ad8233.c...
..\..\..\..\..\..\components\libraries\util\app_util.h(225): warning:  #47-D: incompatible redefinition of macro "STATIC_ASSERT_SIMPLE"  (declared at line 219)
  #define STATIC_ASSERT_SIMPLE(EXPR)      extern char (*_do_assert(void)) [sizeof(char[1 - 2*!(EXPR)])]
..\..\..\..\..\..\components\libraries\util\app_util.h(226): warning:  #47-D: incompatible redefinition of macro "STATIC_ASSERT_MSG"  (declared at line 220)
  #define STATIC_ASSERT_MSG(EXPR, MSG)    extern char (*_do_assert(void)) [sizeof(char[1 - 2*!(EXPR)])]
..\..\..\usr_lib\hardware\ad8233.c: 2 warnings, 0 errors
linking...
Program Size: Code=23292 RO-data=26380 RW-data=248 ZI-data=17680  
FromELF: creating hex file...
".\_build\nrf52840_xxaa.axf" - 0 Error(s), 2 Warning(s).

<h2>Software Packages used:</h2>

Package Vendor: ARM
                http://www.keil.com/pack/ARM.CMSIS.5.6.0.pack
                ARM.CMSIS.5.6.0
                CMSIS (Cortex Microcontroller Software Interface Standard)
   * Component: CORE Version: 5.3.0

Package Vendor: NordicSemiconductor
                http://developer.nordicsemi.com/nRF5_SDK/pieces/nRF_DeviceFamilyPack/NordicSemiconductor.nRF_DeviceFamilyPack.8.40.3.pack
                NordicSemiconductor.nRF_DeviceFamilyPack.8.40.3
                Nordic Semiconductor nRF ARM devices Device Family Pack with BSD license.
   * Component: Startup Version: 8.40.3

<h2>Collection of Component include folders:</h2>
  ./RTE/_nrf52840_xxaa
  C:/Users/Lenovo/AppData/Local/Arm/Packs/ARM/CMSIS/5.6.0/CMSIS/Core/Include
  C:/Users/Lenovo/AppData/Local/Arm/Packs/NordicSemiconductor/nRF_DeviceFamilyPack/8.40.3/Device/Include

<h2>Collection of Component Files used:</h2>

   * Component: ARM::CMSIS:CORE:5.3.0

   * Component: NordicSemiconductor::Device:Startup:8.40.3
      Source file:   Device/Source/arm/arm_startup_nrf52840.s
      Source file:   Device/Source/system_nrf52.c
      Include file:  Device/Include/system_nrf.h
      Include file:  Device/Include/system_nrf52840.h
Build Time Elapsed:  00:00:01
</pre>
</body>
</html>
