<!doctype html public "-//w3c//dtd html 4.0 transitional//en">
<html><head>
<title>Static Call Graph - [.\_build\nrf52840_xxaa.axf]</title></head>
<body><HR>
<H1>Static Call Graph for image .\_build\nrf52840_xxaa.axf</H1><HR>
<BR><P>#&#060CALLGRAPH&#062# ARM Linker, 5060960: Last Updated: Wed Jun 12 10:22:08 2024
<BR><P>
<H3>Maximum Stack Usage =       2072 bytes + Unknown(Cycles, Untraceable Function Pointers)</H3><H3>
Call chain for Maximum Stack Depth:</H3>
saadc_callback &rArr; dwt &rArr; dwt1 &rArr; wconv &rArr; conv_fft &rArr; fft_r2c_exec &rArr; fft_exec &rArr; mixed_radix_dit_rec &rArr;  mixed_radix_dit_rec (Cycle)
<P>
<H3>
Mutually Recursive functions
</H3> <LI><a href="#[2]">NMI_Handler</a>&nbsp;&nbsp;&nbsp;&rArr;&nbsp;&nbsp;&nbsp;<a href="#[2]">NMI_Handler</a><BR>
 <LI><a href="#[3]">HardFault_Handler</a>&nbsp;&nbsp;&nbsp;&rArr;&nbsp;&nbsp;&nbsp;<a href="#[3]">HardFault_Handler</a><BR>
 <LI><a href="#[4]">MemoryManagement_Handler</a>&nbsp;&nbsp;&nbsp;&rArr;&nbsp;&nbsp;&nbsp;<a href="#[4]">MemoryManagement_Handler</a><BR>
 <LI><a href="#[5]">BusFault_Handler</a>&nbsp;&nbsp;&nbsp;&rArr;&nbsp;&nbsp;&nbsp;<a href="#[5]">BusFault_Handler</a><BR>
 <LI><a href="#[6]">UsageFault_Handler</a>&nbsp;&nbsp;&nbsp;&rArr;&nbsp;&nbsp;&nbsp;<a href="#[6]">UsageFault_Handler</a><BR>
 <LI><a href="#[8]">DebugMon_Handler</a>&nbsp;&nbsp;&nbsp;&rArr;&nbsp;&nbsp;&nbsp;<a href="#[8]">DebugMon_Handler</a><BR>
 <LI><a href="#[a]">SysTick_Handler</a>&nbsp;&nbsp;&nbsp;&rArr;&nbsp;&nbsp;&nbsp;<a href="#[a]">SysTick_Handler</a><BR>
 <LI><a href="#[1a]">CCM_AAR_IRQHandler</a>&nbsp;&nbsp;&nbsp;&rArr;&nbsp;&nbsp;&nbsp;<a href="#[1a]">CCM_AAR_IRQHandler</a><BR>
 <LI><a href="#[bc]">mixed_radix_dit_rec</a>&nbsp;&nbsp;&nbsp;&rArr;&nbsp;&nbsp;&nbsp;<a href="#[bc]">mixed_radix_dit_rec</a><BR>
 <LI><a href="#[a5]">bluestein_fft</a>&nbsp;&nbsp;&nbsp;&rArr;&nbsp;&nbsp;&nbsp;<a href="#[a7]">fft_exec</a><BR>
</UL>
<P>
<H3>
Function Pointers
</H3><UL>
 <LI><a href="#[5]">BusFault_Handler</a> from arm_startup_nrf52840.o(.text) referenced from arm_startup_nrf52840.o(RESET)
 <LI><a href="#[1a]">CCM_AAR_IRQHandler</a> from arm_startup_nrf52840.o(.text) referenced from arm_startup_nrf52840.o(RESET)
 <LI><a href="#[1e]">COMP_LPCOMP_IRQHandler</a> from arm_startup_nrf52840.o(.text) referenced from arm_startup_nrf52840.o(RESET)
 <LI><a href="#[33]">CRYPTOCELL_IRQHandler</a> from arm_startup_nrf52840.o(.text) referenced from arm_startup_nrf52840.o(RESET)
 <LI><a href="#[8]">DebugMon_Handler</a> from arm_startup_nrf52840.o(.text) referenced from arm_startup_nrf52840.o(RESET)
 <LI><a href="#[19]">ECB_IRQHandler</a> from arm_startup_nrf52840.o(.text) referenced from arm_startup_nrf52840.o(RESET)
 <LI><a href="#[2f]">FPU_IRQHandler</a> from arm_startup_nrf52840.o(.text) referenced from arm_startup_nrf52840.o(RESET)
 <LI><a href="#[11]">GPIOTE_IRQHandler</a> from nrfx_gpiote.o(i.GPIOTE_IRQHandler) referenced from arm_startup_nrf52840.o(RESET)
 <LI><a href="#[3]">HardFault_Handler</a> from arm_startup_nrf52840.o(.text) referenced from arm_startup_nrf52840.o(RESET)
 <LI><a href="#[2e]">I2S_IRQHandler</a> from arm_startup_nrf52840.o(.text) referenced from arm_startup_nrf52840.o(RESET)
 <LI><a href="#[29]">MWU_IRQHandler</a> from arm_startup_nrf52840.o(.text) referenced from arm_startup_nrf52840.o(RESET)
 <LI><a href="#[4]">MemoryManagement_Handler</a> from arm_startup_nrf52840.o(.text) referenced from arm_startup_nrf52840.o(RESET)
 <LI><a href="#[10]">NFCT_IRQHandler</a> from arm_startup_nrf52840.o(.text) referenced from arm_startup_nrf52840.o(RESET)
 <LI><a href="#[2]">NMI_Handler</a> from arm_startup_nrf52840.o(.text) referenced from arm_startup_nrf52840.o(RESET)
 <LI><a href="#[28]">PDM_IRQHandler</a> from arm_startup_nrf52840.o(.text) referenced from arm_startup_nrf52840.o(RESET)
 <LI><a href="#[b]">POWER_CLOCK_IRQHandler</a> from nrfx_clock.o(i.POWER_CLOCK_IRQHandler) referenced from arm_startup_nrf52840.o(RESET)
 <LI><a href="#[27]">PWM0_IRQHandler</a> from arm_startup_nrf52840.o(.text) referenced from arm_startup_nrf52840.o(RESET)
 <LI><a href="#[2a]">PWM1_IRQHandler</a> from arm_startup_nrf52840.o(.text) referenced from arm_startup_nrf52840.o(RESET)
 <LI><a href="#[2b]">PWM2_IRQHandler</a> from arm_startup_nrf52840.o(.text) referenced from arm_startup_nrf52840.o(RESET)
 <LI><a href="#[34]">PWM3_IRQHandler</a> from arm_startup_nrf52840.o(.text) referenced from arm_startup_nrf52840.o(RESET)
 <LI><a href="#[9]">PendSV_Handler</a> from port.o(.emb_text) referenced from arm_startup_nrf52840.o(RESET)
 <LI><a href="#[1d]">QDEC_IRQHandler</a> from arm_startup_nrf52840.o(.text) referenced from arm_startup_nrf52840.o(RESET)
 <LI><a href="#[32]">QSPI_IRQHandler</a> from arm_startup_nrf52840.o(.text) referenced from arm_startup_nrf52840.o(RESET)
 <LI><a href="#[c]">RADIO_IRQHandler</a> from arm_startup_nrf52840.o(.text) referenced from arm_startup_nrf52840.o(RESET)
 <LI><a href="#[18]">RNG_IRQHandler</a> from arm_startup_nrf52840.o(.text) referenced from arm_startup_nrf52840.o(RESET)
 <LI><a href="#[16]">RTC0_IRQHandler</a> from arm_startup_nrf52840.o(.text) referenced from arm_startup_nrf52840.o(RESET)
 <LI><a href="#[1c]">RTC1_IRQHandler</a> from port_cmsis_systick.o(i.RTC1_IRQHandler) referenced from arm_startup_nrf52840.o(RESET)
 <LI><a href="#[2d]">RTC2_IRQHandler</a> from arm_startup_nrf52840.o(.text) referenced from arm_startup_nrf52840.o(RESET)
 <LI><a href="#[1]">Reset_Handler</a> from arm_startup_nrf52840.o(.text) referenced from arm_startup_nrf52840.o(RESET)
 <LI><a href="#[12]">SAADC_IRQHandler</a> from nrfx_saadc.o(i.SAADC_IRQHandler) referenced from arm_startup_nrf52840.o(RESET)
 <LI><a href="#[e]">SPIM0_SPIS0_TWIM0_TWIS0_SPI0_TWI0_IRQHandler</a> from nrfx_twim.o(i.SPIM0_SPIS0_TWIM0_TWIS0_SPI0_TWI0_IRQHandler) referenced from arm_startup_nrf52840.o(RESET)
 <LI><a href="#[f]">SPIM1_SPIS1_TWIM1_TWIS1_SPI1_TWI1_IRQHandler</a> from arm_startup_nrf52840.o(.text) referenced from arm_startup_nrf52840.o(RESET)
 <LI><a href="#[2c]">SPIM2_SPIS2_SPI2_IRQHandler</a> from arm_startup_nrf52840.o(.text) referenced from arm_startup_nrf52840.o(RESET)
 <LI><a href="#[35]">SPIM3_IRQHandler</a> from arm_startup_nrf52840.o(.text) referenced from arm_startup_nrf52840.o(RESET)
 <LI><a href="#[7]">SVC_Handler</a> from port.o(.emb_text) referenced from arm_startup_nrf52840.o(RESET)
 <LI><a href="#[1f]">SWI0_EGU0_IRQHandler</a> from arm_startup_nrf52840.o(.text) referenced from arm_startup_nrf52840.o(RESET)
 <LI><a href="#[20]">SWI1_EGU1_IRQHandler</a> from arm_startup_nrf52840.o(.text) referenced from arm_startup_nrf52840.o(RESET)
 <LI><a href="#[21]">SWI2_EGU2_IRQHandler</a> from arm_startup_nrf52840.o(.text) referenced from arm_startup_nrf52840.o(RESET)
 <LI><a href="#[22]">SWI3_EGU3_IRQHandler</a> from arm_startup_nrf52840.o(.text) referenced from arm_startup_nrf52840.o(RESET)
 <LI><a href="#[23]">SWI4_EGU4_IRQHandler</a> from arm_startup_nrf52840.o(.text) referenced from arm_startup_nrf52840.o(RESET)
 <LI><a href="#[24]">SWI5_EGU5_IRQHandler</a> from arm_startup_nrf52840.o(.text) referenced from arm_startup_nrf52840.o(RESET)
 <LI><a href="#[a]">SysTick_Handler</a> from arm_startup_nrf52840.o(.text) referenced from arm_startup_nrf52840.o(RESET)
 <LI><a href="#[37]">SystemInit</a> from system_nrf52.o(i.SystemInit) referenced from arm_startup_nrf52840.o(.text)
 <LI><a href="#[17]">TEMP_IRQHandler</a> from arm_startup_nrf52840.o(.text) referenced from arm_startup_nrf52840.o(RESET)
 <LI><a href="#[13]">TIMER0_IRQHandler</a> from nrfx_timer.o(i.TIMER0_IRQHandler) referenced from arm_startup_nrf52840.o(RESET)
 <LI><a href="#[14]">TIMER1_IRQHandler</a> from nrfx_timer.o(i.TIMER1_IRQHandler) referenced from arm_startup_nrf52840.o(RESET)
 <LI><a href="#[15]">TIMER2_IRQHandler</a> from nrfx_timer.o(i.TIMER2_IRQHandler) referenced from arm_startup_nrf52840.o(RESET)
 <LI><a href="#[25]">TIMER3_IRQHandler</a> from nrfx_timer.o(i.TIMER3_IRQHandler) referenced from arm_startup_nrf52840.o(RESET)
 <LI><a href="#[26]">TIMER4_IRQHandler</a> from nrfx_timer.o(i.TIMER4_IRQHandler) referenced from arm_startup_nrf52840.o(RESET)
 <LI><a href="#[d]">UARTE0_UART0_IRQHandler</a> from nrfx_prs.o(i.UARTE0_UART0_IRQHandler) referenced from arm_startup_nrf52840.o(RESET)
 <LI><a href="#[31]">UARTE1_IRQHandler</a> from arm_startup_nrf52840.o(.text) referenced from arm_startup_nrf52840.o(RESET)
 <LI><a href="#[30]">USBD_IRQHandler</a> from arm_startup_nrf52840.o(.text) referenced from arm_startup_nrf52840.o(RESET)
 <LI><a href="#[6]">UsageFault_Handler</a> from arm_startup_nrf52840.o(.text) referenced from arm_startup_nrf52840.o(RESET)
 <LI><a href="#[1b]">WDT_IRQHandler</a> from arm_startup_nrf52840.o(.text) referenced from arm_startup_nrf52840.o(RESET)
 <LI><a href="#[38]">__main</a> from entry.o(.ARM.Collect$$$$00000000) referenced from arm_startup_nrf52840.o(.text)
 <LI><a href="#[39]">fputc</a> from fputc.o(i.fputc) referenced from printfa.o(i.__0printf)
 <LI><a href="#[36]">main</a> from main.o(i.main) referenced from entry9a.o(.ARM.Collect$$$$0000000B)
 <LI><a href="#[3a]">saadc_callback</a> from ad8233.o(i.saadc_callback) referenced from ad8233.o(i.saadc_init)
 <LI><a href="#[3b]">timer_handler</a> from ad8233.o(i.timer_handler) referenced from ad8233.o(i.saadc_sampling_event_init)
</UL>
<P>
<H3>
Global Symbols
</H3>
<P><STRONG><a name="[38]"></a>__main</STRONG> (Thumb, 0 bytes, Stack size unknown bytes, entry.o(.ARM.Collect$$$$00000000))
<BR>[Address Reference Count : 1]<UL><LI> arm_startup_nrf52840.o(.text)
</UL>
<P><STRONG><a name="[fd]"></a>_main_stk</STRONG> (Thumb, 0 bytes, Stack size unknown bytes, entry2.o(.ARM.Collect$$$$00000001))

<P><STRONG><a name="[3c]"></a>_main_scatterload</STRONG> (Thumb, 0 bytes, Stack size unknown bytes, entry5.o(.ARM.Collect$$$$00000004))
<BR><BR>[Calls]<UL><LI><a href="#[3d]">&gt;&gt;</a>&nbsp;&nbsp;&nbsp;__scatterload
</UL>

<P><STRONG><a name="[58]"></a>__main_after_scatterload</STRONG> (Thumb, 0 bytes, Stack size unknown bytes, entry5.o(.ARM.Collect$$$$00000004))
<BR><BR>[Called By]<UL><LI><a href="#[3d]">&gt;&gt;</a>&nbsp;&nbsp;&nbsp;__scatterload
</UL>

<P><STRONG><a name="[fe]"></a>_main_clock</STRONG> (Thumb, 0 bytes, Stack size unknown bytes, entry7b.o(.ARM.Collect$$$$00000008))

<P><STRONG><a name="[ff]"></a>_main_cpp_init</STRONG> (Thumb, 0 bytes, Stack size unknown bytes, entry8b.o(.ARM.Collect$$$$0000000A))

<P><STRONG><a name="[100]"></a>_main_init</STRONG> (Thumb, 0 bytes, Stack size unknown bytes, entry9a.o(.ARM.Collect$$$$0000000B))

<P><STRONG><a name="[101]"></a>__rt_lib_shutdown_fini</STRONG> (Thumb, 0 bytes, Stack size unknown bytes, entry12b.o(.ARM.Collect$$$$0000000E))

<P><STRONG><a name="[102]"></a>__rt_final_cpp</STRONG> (Thumb, 0 bytes, Stack size unknown bytes, entry10a.o(.ARM.Collect$$$$0000000F))

<P><STRONG><a name="[103]"></a>__rt_final_exit</STRONG> (Thumb, 0 bytes, Stack size unknown bytes, entry11a.o(.ARM.Collect$$$$00000011))

<P><STRONG><a name="[7]"></a>SVC_Handler</STRONG> (Thumb, 28 bytes, Stack size 0 bytes, port.o(.emb_text))
<BR>[Address Reference Count : 1]<UL><LI> arm_startup_nrf52840.o(RESET)
</UL>
<P><STRONG><a name="[104]"></a>vPortStartFirstTask</STRONG> (Thumb, 24 bytes, Stack size 0 bytes, port.o(.emb_text), UNUSED)

<P><STRONG><a name="[9]"></a>PendSV_Handler</STRONG> (Thumb, 88 bytes, Stack size 0 bytes, port.o(.emb_text))
<BR><BR>[Calls]<UL><LI><a href="#[3e]">&gt;&gt;</a>&nbsp;&nbsp;&nbsp;vTaskSwitchContext
</UL>
<BR>[Address Reference Count : 1]<UL><LI> arm_startup_nrf52840.o(RESET)
</UL>
<P><STRONG><a name="[1]"></a>Reset_Handler</STRONG> (Thumb, 8 bytes, Stack size 0 bytes, arm_startup_nrf52840.o(.text))
<BR>[Address Reference Count : 1]<UL><LI> arm_startup_nrf52840.o(RESET)
</UL>
<P><STRONG><a name="[2]"></a>NMI_Handler</STRONG> (Thumb, 2 bytes, Stack size 0 bytes, arm_startup_nrf52840.o(.text))
<BR><BR>[Calls]<UL><LI><a href="#[2]">&gt;&gt;</a>&nbsp;&nbsp;&nbsp;NMI_Handler
</UL>
<BR>[Called By]<UL><LI><a href="#[2]">&gt;&gt;</a>&nbsp;&nbsp;&nbsp;NMI_Handler
</UL>
<BR>[Address Reference Count : 1]<UL><LI> arm_startup_nrf52840.o(RESET)
</UL>
<P><STRONG><a name="[3]"></a>HardFault_Handler</STRONG> (Thumb, 2 bytes, Stack size 0 bytes, arm_startup_nrf52840.o(.text))
<BR><BR>[Calls]<UL><LI><a href="#[3]">&gt;&gt;</a>&nbsp;&nbsp;&nbsp;HardFault_Handler
</UL>
<BR>[Called By]<UL><LI><a href="#[3]">&gt;&gt;</a>&nbsp;&nbsp;&nbsp;HardFault_Handler
</UL>
<BR>[Address Reference Count : 1]<UL><LI> arm_startup_nrf52840.o(RESET)
</UL>
<P><STRONG><a name="[4]"></a>MemoryManagement_Handler</STRONG> (Thumb, 2 bytes, Stack size 0 bytes, arm_startup_nrf52840.o(.text))
<BR><BR>[Calls]<UL><LI><a href="#[4]">&gt;&gt;</a>&nbsp;&nbsp;&nbsp;MemoryManagement_Handler
</UL>
<BR>[Called By]<UL><LI><a href="#[4]">&gt;&gt;</a>&nbsp;&nbsp;&nbsp;MemoryManagement_Handler
</UL>
<BR>[Address Reference Count : 1]<UL><LI> arm_startup_nrf52840.o(RESET)
</UL>
<P><STRONG><a name="[5]"></a>BusFault_Handler</STRONG> (Thumb, 2 bytes, Stack size 0 bytes, arm_startup_nrf52840.o(.text))
<BR><BR>[Calls]<UL><LI><a href="#[5]">&gt;&gt;</a>&nbsp;&nbsp;&nbsp;BusFault_Handler
</UL>
<BR>[Called By]<UL><LI><a href="#[5]">&gt;&gt;</a>&nbsp;&nbsp;&nbsp;BusFault_Handler
</UL>
<BR>[Address Reference Count : 1]<UL><LI> arm_startup_nrf52840.o(RESET)
</UL>
<P><STRONG><a name="[6]"></a>UsageFault_Handler</STRONG> (Thumb, 2 bytes, Stack size 0 bytes, arm_startup_nrf52840.o(.text))
<BR><BR>[Calls]<UL><LI><a href="#[6]">&gt;&gt;</a>&nbsp;&nbsp;&nbsp;UsageFault_Handler
</UL>
<BR>[Called By]<UL><LI><a href="#[6]">&gt;&gt;</a>&nbsp;&nbsp;&nbsp;UsageFault_Handler
</UL>
<BR>[Address Reference Count : 1]<UL><LI> arm_startup_nrf52840.o(RESET)
</UL>
<P><STRONG><a name="[8]"></a>DebugMon_Handler</STRONG> (Thumb, 2 bytes, Stack size 0 bytes, arm_startup_nrf52840.o(.text))
<BR><BR>[Calls]<UL><LI><a href="#[8]">&gt;&gt;</a>&nbsp;&nbsp;&nbsp;DebugMon_Handler
</UL>
<BR>[Called By]<UL><LI><a href="#[8]">&gt;&gt;</a>&nbsp;&nbsp;&nbsp;DebugMon_Handler
</UL>
<BR>[Address Reference Count : 1]<UL><LI> arm_startup_nrf52840.o(RESET)
</UL>
<P><STRONG><a name="[a]"></a>SysTick_Handler</STRONG> (Thumb, 2 bytes, Stack size 0 bytes, arm_startup_nrf52840.o(.text))
<BR><BR>[Calls]<UL><LI><a href="#[a]">&gt;&gt;</a>&nbsp;&nbsp;&nbsp;SysTick_Handler
</UL>
<BR>[Called By]<UL><LI><a href="#[a]">&gt;&gt;</a>&nbsp;&nbsp;&nbsp;SysTick_Handler
</UL>
<BR>[Address Reference Count : 1]<UL><LI> arm_startup_nrf52840.o(RESET)
</UL>
<P><STRONG><a name="[1a]"></a>CCM_AAR_IRQHandler</STRONG> (Thumb, 0 bytes, Stack size 0 bytes, arm_startup_nrf52840.o(.text))
<BR><BR>[Calls]<UL><LI><a href="#[1a]">&gt;&gt;</a>&nbsp;&nbsp;&nbsp;CCM_AAR_IRQHandler
</UL>
<BR>[Called By]<UL><LI><a href="#[1a]">&gt;&gt;</a>&nbsp;&nbsp;&nbsp;CCM_AAR_IRQHandler
</UL>
<BR>[Address Reference Count : 1]<UL><LI> arm_startup_nrf52840.o(RESET)
</UL>
<P><STRONG><a name="[1e]"></a>COMP_LPCOMP_IRQHandler</STRONG> (Thumb, 0 bytes, Stack size 0 bytes, arm_startup_nrf52840.o(.text))
<BR>[Address Reference Count : 1]<UL><LI> arm_startup_nrf52840.o(RESET)
</UL>
<P><STRONG><a name="[33]"></a>CRYPTOCELL_IRQHandler</STRONG> (Thumb, 0 bytes, Stack size 0 bytes, arm_startup_nrf52840.o(.text))
<BR>[Address Reference Count : 1]<UL><LI> arm_startup_nrf52840.o(RESET)
</UL>
<P><STRONG><a name="[19]"></a>ECB_IRQHandler</STRONG> (Thumb, 0 bytes, Stack size 0 bytes, arm_startup_nrf52840.o(.text))
<BR>[Address Reference Count : 1]<UL><LI> arm_startup_nrf52840.o(RESET)
</UL>
<P><STRONG><a name="[2f]"></a>FPU_IRQHandler</STRONG> (Thumb, 0 bytes, Stack size 0 bytes, arm_startup_nrf52840.o(.text))
<BR>[Address Reference Count : 1]<UL><LI> arm_startup_nrf52840.o(RESET)
</UL>
<P><STRONG><a name="[2e]"></a>I2S_IRQHandler</STRONG> (Thumb, 0 bytes, Stack size 0 bytes, arm_startup_nrf52840.o(.text))
<BR>[Address Reference Count : 1]<UL><LI> arm_startup_nrf52840.o(RESET)
</UL>
<P><STRONG><a name="[29]"></a>MWU_IRQHandler</STRONG> (Thumb, 0 bytes, Stack size 0 bytes, arm_startup_nrf52840.o(.text))
<BR>[Address Reference Count : 1]<UL><LI> arm_startup_nrf52840.o(RESET)
</UL>
<P><STRONG><a name="[10]"></a>NFCT_IRQHandler</STRONG> (Thumb, 0 bytes, Stack size 0 bytes, arm_startup_nrf52840.o(.text))
<BR>[Address Reference Count : 1]<UL><LI> arm_startup_nrf52840.o(RESET)
</UL>
<P><STRONG><a name="[28]"></a>PDM_IRQHandler</STRONG> (Thumb, 0 bytes, Stack size 0 bytes, arm_startup_nrf52840.o(.text))
<BR>[Address Reference Count : 1]<UL><LI> arm_startup_nrf52840.o(RESET)
</UL>
<P><STRONG><a name="[27]"></a>PWM0_IRQHandler</STRONG> (Thumb, 0 bytes, Stack size 0 bytes, arm_startup_nrf52840.o(.text))
<BR>[Address Reference Count : 1]<UL><LI> arm_startup_nrf52840.o(RESET)
</UL>
<P><STRONG><a name="[2a]"></a>PWM1_IRQHandler</STRONG> (Thumb, 0 bytes, Stack size 0 bytes, arm_startup_nrf52840.o(.text))
<BR>[Address Reference Count : 1]<UL><LI> arm_startup_nrf52840.o(RESET)
</UL>
<P><STRONG><a name="[2b]"></a>PWM2_IRQHandler</STRONG> (Thumb, 0 bytes, Stack size 0 bytes, arm_startup_nrf52840.o(.text))
<BR>[Address Reference Count : 1]<UL><LI> arm_startup_nrf52840.o(RESET)
</UL>
<P><STRONG><a name="[34]"></a>PWM3_IRQHandler</STRONG> (Thumb, 0 bytes, Stack size 0 bytes, arm_startup_nrf52840.o(.text))
<BR>[Address Reference Count : 1]<UL><LI> arm_startup_nrf52840.o(RESET)
</UL>
<P><STRONG><a name="[1d]"></a>QDEC_IRQHandler</STRONG> (Thumb, 0 bytes, Stack size 0 bytes, arm_startup_nrf52840.o(.text))
<BR>[Address Reference Count : 1]<UL><LI> arm_startup_nrf52840.o(RESET)
</UL>
<P><STRONG><a name="[32]"></a>QSPI_IRQHandler</STRONG> (Thumb, 0 bytes, Stack size 0 bytes, arm_startup_nrf52840.o(.text))
<BR>[Address Reference Count : 1]<UL><LI> arm_startup_nrf52840.o(RESET)
</UL>
<P><STRONG><a name="[c]"></a>RADIO_IRQHandler</STRONG> (Thumb, 0 bytes, Stack size 0 bytes, arm_startup_nrf52840.o(.text))
<BR>[Address Reference Count : 1]<UL><LI> arm_startup_nrf52840.o(RESET)
</UL>
<P><STRONG><a name="[18]"></a>RNG_IRQHandler</STRONG> (Thumb, 0 bytes, Stack size 0 bytes, arm_startup_nrf52840.o(.text))
<BR>[Address Reference Count : 1]<UL><LI> arm_startup_nrf52840.o(RESET)
</UL>
<P><STRONG><a name="[16]"></a>RTC0_IRQHandler</STRONG> (Thumb, 0 bytes, Stack size 0 bytes, arm_startup_nrf52840.o(.text))
<BR>[Address Reference Count : 1]<UL><LI> arm_startup_nrf52840.o(RESET)
</UL>
<P><STRONG><a name="[2d]"></a>RTC2_IRQHandler</STRONG> (Thumb, 0 bytes, Stack size 0 bytes, arm_startup_nrf52840.o(.text))
<BR>[Address Reference Count : 1]<UL><LI> arm_startup_nrf52840.o(RESET)
</UL>
<P><STRONG><a name="[f]"></a>SPIM1_SPIS1_TWIM1_TWIS1_SPI1_TWI1_IRQHandler</STRONG> (Thumb, 0 bytes, Stack size 0 bytes, arm_startup_nrf52840.o(.text))
<BR>[Address Reference Count : 1]<UL><LI> arm_startup_nrf52840.o(RESET)
</UL>
<P><STRONG><a name="[2c]"></a>SPIM2_SPIS2_SPI2_IRQHandler</STRONG> (Thumb, 0 bytes, Stack size 0 bytes, arm_startup_nrf52840.o(.text))
<BR>[Address Reference Count : 1]<UL><LI> arm_startup_nrf52840.o(RESET)
</UL>
<P><STRONG><a name="[35]"></a>SPIM3_IRQHandler</STRONG> (Thumb, 0 bytes, Stack size 0 bytes, arm_startup_nrf52840.o(.text))
<BR>[Address Reference Count : 1]<UL><LI> arm_startup_nrf52840.o(RESET)
</UL>
<P><STRONG><a name="[1f]"></a>SWI0_EGU0_IRQHandler</STRONG> (Thumb, 0 bytes, Stack size 0 bytes, arm_startup_nrf52840.o(.text))
<BR>[Address Reference Count : 1]<UL><LI> arm_startup_nrf52840.o(RESET)
</UL>
<P><STRONG><a name="[20]"></a>SWI1_EGU1_IRQHandler</STRONG> (Thumb, 0 bytes, Stack size 0 bytes, arm_startup_nrf52840.o(.text))
<BR>[Address Reference Count : 1]<UL><LI> arm_startup_nrf52840.o(RESET)
</UL>
<P><STRONG><a name="[21]"></a>SWI2_EGU2_IRQHandler</STRONG> (Thumb, 0 bytes, Stack size 0 bytes, arm_startup_nrf52840.o(.text))
<BR>[Address Reference Count : 1]<UL><LI> arm_startup_nrf52840.o(RESET)
</UL>
<P><STRONG><a name="[22]"></a>SWI3_EGU3_IRQHandler</STRONG> (Thumb, 0 bytes, Stack size 0 bytes, arm_startup_nrf52840.o(.text))
<BR>[Address Reference Count : 1]<UL><LI> arm_startup_nrf52840.o(RESET)
</UL>
<P><STRONG><a name="[23]"></a>SWI4_EGU4_IRQHandler</STRONG> (Thumb, 0 bytes, Stack size 0 bytes, arm_startup_nrf52840.o(.text))
<BR>[Address Reference Count : 1]<UL><LI> arm_startup_nrf52840.o(RESET)
</UL>
<P><STRONG><a name="[24]"></a>SWI5_EGU5_IRQHandler</STRONG> (Thumb, 0 bytes, Stack size 0 bytes, arm_startup_nrf52840.o(.text))
<BR>[Address Reference Count : 1]<UL><LI> arm_startup_nrf52840.o(RESET)
</UL>
<P><STRONG><a name="[17]"></a>TEMP_IRQHandler</STRONG> (Thumb, 0 bytes, Stack size 0 bytes, arm_startup_nrf52840.o(.text))
<BR>[Address Reference Count : 1]<UL><LI> arm_startup_nrf52840.o(RESET)
</UL>
<P><STRONG><a name="[31]"></a>UARTE1_IRQHandler</STRONG> (Thumb, 0 bytes, Stack size 0 bytes, arm_startup_nrf52840.o(.text))
<BR>[Address Reference Count : 1]<UL><LI> arm_startup_nrf52840.o(RESET)
</UL>
<P><STRONG><a name="[30]"></a>USBD_IRQHandler</STRONG> (Thumb, 0 bytes, Stack size 0 bytes, arm_startup_nrf52840.o(.text))
<BR>[Address Reference Count : 1]<UL><LI> arm_startup_nrf52840.o(RESET)
</UL>
<P><STRONG><a name="[1b]"></a>WDT_IRQHandler</STRONG> (Thumb, 0 bytes, Stack size 0 bytes, arm_startup_nrf52840.o(.text))
<BR>[Address Reference Count : 1]<UL><LI> arm_startup_nrf52840.o(RESET)
</UL>
<P><STRONG><a name="[46]"></a>__aeabi_llsl</STRONG> (Thumb, 30 bytes, Stack size 0 bytes, llshl.o(.text))
<BR><BR>[Called By]<UL><LI><a href="#[45]">&gt;&gt;</a>&nbsp;&nbsp;&nbsp;__aeabi_dadd
<LI><a href="#[53]">&gt;&gt;</a>&nbsp;&nbsp;&nbsp;__aeabi_uldivmod
<LI><a href="#[48]">&gt;&gt;</a>&nbsp;&nbsp;&nbsp;_double_epilogue
<LI><a href="#[57]">&gt;&gt;</a>&nbsp;&nbsp;&nbsp;__aeabi_d2ulz
</UL>

<P><STRONG><a name="[105]"></a>_ll_shift_l</STRONG> (Thumb, 0 bytes, Stack size 0 bytes, llshl.o(.text), UNUSED)

<P><STRONG><a name="[50]"></a>__aeabi_llsr</STRONG> (Thumb, 32 bytes, Stack size 0 bytes, llushr.o(.text))
<BR><BR>[Called By]<UL><LI><a href="#[9c]">&gt;&gt;</a>&nbsp;&nbsp;&nbsp;saadc_sampling_event_init
<LI><a href="#[4f]">&gt;&gt;</a>&nbsp;&nbsp;&nbsp;__aeabi_d2iz
<LI><a href="#[56]">&gt;&gt;</a>&nbsp;&nbsp;&nbsp;_dsqrt
<LI><a href="#[53]">&gt;&gt;</a>&nbsp;&nbsp;&nbsp;__aeabi_uldivmod
<LI><a href="#[48]">&gt;&gt;</a>&nbsp;&nbsp;&nbsp;_double_epilogue
<LI><a href="#[57]">&gt;&gt;</a>&nbsp;&nbsp;&nbsp;__aeabi_d2ulz
</UL>

<P><STRONG><a name="[106]"></a>_ll_ushift_r</STRONG> (Thumb, 0 bytes, Stack size 0 bytes, llushr.o(.text), UNUSED)

<P><STRONG><a name="[107]"></a>__aeabi_memcpy</STRONG> (Thumb, 36 bytes, Stack size 0 bytes, memcpya.o(.text), UNUSED)

<P><STRONG><a name="[f6]"></a>__aeabi_memcpy4</STRONG> (Thumb, 0 bytes, Stack size 0 bytes, memcpya.o(.text))
<BR><BR>[Called By]<UL><LI><a href="#[76]">&gt;&gt;</a>&nbsp;&nbsp;&nbsp;twim_irq_handler
</UL>

<P><STRONG><a name="[108]"></a>__aeabi_memcpy8</STRONG> (Thumb, 0 bytes, Stack size 0 bytes, memcpya.o(.text), UNUSED)

<P><STRONG><a name="[40]"></a>__aeabi_memset</STRONG> (Thumb, 14 bytes, Stack size 0 bytes, memseta.o(.text))
<BR><BR>[Called By]<UL><LI><a href="#[41]">&gt;&gt;</a>&nbsp;&nbsp;&nbsp;_memset$wrapper
<LI><a href="#[3f]">&gt;&gt;</a>&nbsp;&nbsp;&nbsp;__aeabi_memclr
</UL>

<P><STRONG><a name="[109]"></a>__aeabi_memset4</STRONG> (Thumb, 0 bytes, Stack size 0 bytes, memseta.o(.text), UNUSED)

<P><STRONG><a name="[10a]"></a>__aeabi_memset8</STRONG> (Thumb, 0 bytes, Stack size 0 bytes, memseta.o(.text), UNUSED)

<P><STRONG><a name="[3f]"></a>__aeabi_memclr</STRONG> (Thumb, 4 bytes, Stack size 0 bytes, memseta.o(.text))
<BR><BR>[Calls]<UL><LI><a href="#[40]">&gt;&gt;</a>&nbsp;&nbsp;&nbsp;__aeabi_memset
</UL>
<BR>[Called By]<UL><LI><a href="#[6e]">&gt;&gt;</a>&nbsp;&nbsp;&nbsp;PT_init
</UL>

<P><STRONG><a name="[10b]"></a>__aeabi_memclr4</STRONG> (Thumb, 0 bytes, Stack size 0 bytes, memseta.o(.text), UNUSED)

<P><STRONG><a name="[10c]"></a>__aeabi_memclr8</STRONG> (Thumb, 0 bytes, Stack size 0 bytes, memseta.o(.text), UNUSED)

<P><STRONG><a name="[41]"></a>_memset$wrapper</STRONG> (Thumb, 18 bytes, Stack size 8 bytes, memseta.o(.text), UNUSED)
<BR><BR>[Calls]<UL><LI><a href="#[40]">&gt;&gt;</a>&nbsp;&nbsp;&nbsp;__aeabi_memset
</UL>

<P><STRONG><a name="[c8]"></a>strstr</STRONG> (Thumb, 36 bytes, Stack size 12 bytes, strstr.o(.text))
<BR><BR>[Stack]<UL><LI>Max Depth = 12<LI>Call Chain = strstr
</UL>
<BR>[Called By]<UL><LI><a href="#[c2]">&gt;&gt;</a>&nbsp;&nbsp;&nbsp;filtlength
<LI><a href="#[ea]">&gt;&gt;</a>&nbsp;&nbsp;&nbsp;wt_init
</UL>

<P><STRONG><a name="[c7]"></a>strlen</STRONG> (Thumb, 14 bytes, Stack size 0 bytes, strlen.o(.text))
<BR><BR>[Called By]<UL><LI><a href="#[c2]">&gt;&gt;</a>&nbsp;&nbsp;&nbsp;filtlength
</UL>

<P><STRONG><a name="[b2]"></a>strcmp</STRONG> (Thumb, 28 bytes, Stack size 8 bytes, strcmp.o(.text))
<BR><BR>[Stack]<UL><LI>Max Depth = 8<LI>Call Chain = strcmp
</UL>
<BR>[Called By]<UL><LI><a href="#[ec]">&gt;&gt;</a>&nbsp;&nbsp;&nbsp;setWTConv
<LI><a href="#[eb]">&gt;&gt;</a>&nbsp;&nbsp;&nbsp;setDWTExtension
<LI><a href="#[cc]">&gt;&gt;</a>&nbsp;&nbsp;&nbsp;idwt
<LI><a href="#[b1]">&gt;&gt;</a>&nbsp;&nbsp;&nbsp;dwt
<LI><a href="#[b8]">&gt;&gt;</a>&nbsp;&nbsp;&nbsp;wconv
<LI><a href="#[cd]">&gt;&gt;</a>&nbsp;&nbsp;&nbsp;idwt1
<LI><a href="#[b5]">&gt;&gt;</a>&nbsp;&nbsp;&nbsp;dwt1
<LI><a href="#[c2]">&gt;&gt;</a>&nbsp;&nbsp;&nbsp;filtlength
<LI><a href="#[c1]">&gt;&gt;</a>&nbsp;&nbsp;&nbsp;filtcoef
<LI><a href="#[ea]">&gt;&gt;</a>&nbsp;&nbsp;&nbsp;wt_init
</UL>

<P><STRONG><a name="[f2]"></a>strcpy</STRONG> (Thumb, 18 bytes, Stack size 0 bytes, strcpy.o(.text))
<BR><BR>[Called By]<UL><LI><a href="#[e9]">&gt;&gt;</a>&nbsp;&nbsp;&nbsp;wave_init
<LI><a href="#[ec]">&gt;&gt;</a>&nbsp;&nbsp;&nbsp;setWTConv
<LI><a href="#[eb]">&gt;&gt;</a>&nbsp;&nbsp;&nbsp;setDWTExtension
<LI><a href="#[ea]">&gt;&gt;</a>&nbsp;&nbsp;&nbsp;wt_init
</UL>

<P><STRONG><a name="[42]"></a>atoi</STRONG> (Thumb, 26 bytes, Stack size 16 bytes, atoi.o(.text))
<BR><BR>[Stack]<UL><LI>Max Depth = 88<LI>Call Chain = atoi &rArr; strtol &rArr; _strtoul
</UL>
<BR>[Calls]<UL><LI><a href="#[44]">&gt;&gt;</a>&nbsp;&nbsp;&nbsp;strtol
<LI><a href="#[43]">&gt;&gt;</a>&nbsp;&nbsp;&nbsp;__aeabi_errno_addr
</UL>
<BR>[Called By]<UL><LI><a href="#[c2]">&gt;&gt;</a>&nbsp;&nbsp;&nbsp;filtlength
</UL>

<P><STRONG><a name="[45]"></a>__aeabi_dadd</STRONG> (Thumb, 322 bytes, Stack size 48 bytes, dadd.o(.text))
<BR><BR>[Stack]<UL><LI>Max Depth = 88<LI>Call Chain = __aeabi_dadd &rArr; _double_epilogue &rArr; _double_round
</UL>
<BR>[Calls]<UL><LI><a href="#[46]">&gt;&gt;</a>&nbsp;&nbsp;&nbsp;__aeabi_llsl
<LI><a href="#[47]">&gt;&gt;</a>&nbsp;&nbsp;&nbsp;__aeabi_lasr
<LI><a href="#[49]">&gt;&gt;</a>&nbsp;&nbsp;&nbsp;_double_round
<LI><a href="#[48]">&gt;&gt;</a>&nbsp;&nbsp;&nbsp;_double_epilogue
</UL>
<BR>[Called By]<UL><LI><a href="#[cc]">&gt;&gt;</a>&nbsp;&nbsp;&nbsp;idwt
<LI><a href="#[cd]">&gt;&gt;</a>&nbsp;&nbsp;&nbsp;idwt1
<LI><a href="#[bc]">&gt;&gt;</a>&nbsp;&nbsp;&nbsp;mixed_radix_dit_rec
<LI><a href="#[a5]">&gt;&gt;</a>&nbsp;&nbsp;&nbsp;bluestein_fft
<LI><a href="#[ac]">&gt;&gt;</a>&nbsp;&nbsp;&nbsp;fft_r2c_exec
<LI><a href="#[ad]">&gt;&gt;</a>&nbsp;&nbsp;&nbsp;fft_c2r_exec
<LI><a href="#[4b]">&gt;&gt;</a>&nbsp;&nbsp;&nbsp;__aeabi_drsub
<LI><a href="#[cf]">&gt;&gt;</a>&nbsp;&nbsp;&nbsp;idwt_sym_stride
<LI><a href="#[ce]">&gt;&gt;</a>&nbsp;&nbsp;&nbsp;idwt_per_stride
<LI><a href="#[b6]">&gt;&gt;</a>&nbsp;&nbsp;&nbsp;dwt_sym_stride
<LI><a href="#[b4]">&gt;&gt;</a>&nbsp;&nbsp;&nbsp;dwt_per_stride
<LI><a href="#[ab]">&gt;&gt;</a>&nbsp;&nbsp;&nbsp;conv_fft
<LI><a href="#[a9]">&gt;&gt;</a>&nbsp;&nbsp;&nbsp;conv_direct
<LI><a href="#[4a]">&gt;&gt;</a>&nbsp;&nbsp;&nbsp;__aeabi_dsub
<LI><a href="#[8a]">&gt;&gt;</a>&nbsp;&nbsp;&nbsp;__hardfp_pow
<LI><a href="#[88]">&gt;&gt;</a>&nbsp;&nbsp;&nbsp;__hardfp_log10
<LI><a href="#[84]">&gt;&gt;</a>&nbsp;&nbsp;&nbsp;__hardfp_log
<LI><a href="#[7b]">&gt;&gt;</a>&nbsp;&nbsp;&nbsp;__hardfp_ceil
<LI><a href="#[82]">&gt;&gt;</a>&nbsp;&nbsp;&nbsp;__kernel_sin
<LI><a href="#[81]">&gt;&gt;</a>&nbsp;&nbsp;&nbsp;__ieee754_rem_pio2
<LI><a href="#[87]">&gt;&gt;</a>&nbsp;&nbsp;&nbsp;__kernel_poly
<LI><a href="#[8b]">&gt;&gt;</a>&nbsp;&nbsp;&nbsp;__mathlib_dbl_infnan2
<LI><a href="#[80]">&gt;&gt;</a>&nbsp;&nbsp;&nbsp;__mathlib_dbl_infnan
<LI><a href="#[93]">&gt;&gt;</a>&nbsp;&nbsp;&nbsp;_fp_digits
</UL>

<P><STRONG><a name="[4a]"></a>__aeabi_dsub</STRONG> (Thumb, 6 bytes, Stack size 0 bytes, dadd.o(.text))
<BR><BR>[Stack]<UL><LI>Max Depth = 88<LI>Call Chain = __aeabi_dsub &rArr; __aeabi_dadd &rArr; _double_epilogue &rArr; _double_round
</UL>
<BR>[Calls]<UL><LI><a href="#[45]">&gt;&gt;</a>&nbsp;&nbsp;&nbsp;__aeabi_dadd
</UL>
<BR>[Called By]<UL><LI><a href="#[bc]">&gt;&gt;</a>&nbsp;&nbsp;&nbsp;mixed_radix_dit_rec
<LI><a href="#[a5]">&gt;&gt;</a>&nbsp;&nbsp;&nbsp;bluestein_fft
<LI><a href="#[ac]">&gt;&gt;</a>&nbsp;&nbsp;&nbsp;fft_r2c_exec
<LI><a href="#[ad]">&gt;&gt;</a>&nbsp;&nbsp;&nbsp;fft_c2r_exec
<LI><a href="#[f8]">&gt;&gt;</a>&nbsp;&nbsp;&nbsp;wmaxiter
<LI><a href="#[ab]">&gt;&gt;</a>&nbsp;&nbsp;&nbsp;conv_fft
<LI><a href="#[8a]">&gt;&gt;</a>&nbsp;&nbsp;&nbsp;__hardfp_pow
<LI><a href="#[84]">&gt;&gt;</a>&nbsp;&nbsp;&nbsp;__hardfp_log
<LI><a href="#[82]">&gt;&gt;</a>&nbsp;&nbsp;&nbsp;__kernel_sin
<LI><a href="#[81]">&gt;&gt;</a>&nbsp;&nbsp;&nbsp;__ieee754_rem_pio2
<LI><a href="#[83]">&gt;&gt;</a>&nbsp;&nbsp;&nbsp;__kernel_cos
</UL>

<P><STRONG><a name="[4b]"></a>__aeabi_drsub</STRONG> (Thumb, 6 bytes, Stack size 0 bytes, dadd.o(.text))
<BR><BR>[Stack]<UL><LI>Max Depth = 88<LI>Call Chain = __aeabi_drsub &rArr; __aeabi_dadd &rArr; _double_epilogue &rArr; _double_round
</UL>
<BR>[Calls]<UL><LI><a href="#[45]">&gt;&gt;</a>&nbsp;&nbsp;&nbsp;__aeabi_dadd
</UL>
<BR>[Called By]<UL><LI><a href="#[bc]">&gt;&gt;</a>&nbsp;&nbsp;&nbsp;mixed_radix_dit_rec
<LI><a href="#[8a]">&gt;&gt;</a>&nbsp;&nbsp;&nbsp;__hardfp_pow
<LI><a href="#[84]">&gt;&gt;</a>&nbsp;&nbsp;&nbsp;__hardfp_log
<LI><a href="#[7b]">&gt;&gt;</a>&nbsp;&nbsp;&nbsp;__hardfp_ceil
<LI><a href="#[82]">&gt;&gt;</a>&nbsp;&nbsp;&nbsp;__kernel_sin
<LI><a href="#[81]">&gt;&gt;</a>&nbsp;&nbsp;&nbsp;__ieee754_rem_pio2
<LI><a href="#[83]">&gt;&gt;</a>&nbsp;&nbsp;&nbsp;__kernel_cos
</UL>

<P><STRONG><a name="[4c]"></a>__aeabi_dmul</STRONG> (Thumb, 228 bytes, Stack size 48 bytes, dmul.o(.text))
<BR><BR>[Stack]<UL><LI>Max Depth = 88<LI>Call Chain = __aeabi_dmul &rArr; _double_epilogue &rArr; _double_round
</UL>
<BR>[Calls]<UL><LI><a href="#[48]">&gt;&gt;</a>&nbsp;&nbsp;&nbsp;_double_epilogue
</UL>
<BR>[Called By]<UL><LI><a href="#[b1]">&gt;&gt;</a>&nbsp;&nbsp;&nbsp;dwt
<LI><a href="#[9a]">&gt;&gt;</a>&nbsp;&nbsp;&nbsp;low_pass_filter_init
<LI><a href="#[c0]">&gt;&gt;</a>&nbsp;&nbsp;&nbsp;longvectorN
<LI><a href="#[bc]">&gt;&gt;</a>&nbsp;&nbsp;&nbsp;mixed_radix_dit_rec
<LI><a href="#[a5]">&gt;&gt;</a>&nbsp;&nbsp;&nbsp;bluestein_fft
<LI><a href="#[a4]">&gt;&gt;</a>&nbsp;&nbsp;&nbsp;bluestein_exp
<LI><a href="#[b0]">&gt;&gt;</a>&nbsp;&nbsp;&nbsp;fft_real_init
<LI><a href="#[ac]">&gt;&gt;</a>&nbsp;&nbsp;&nbsp;fft_r2c_exec
<LI><a href="#[ad]">&gt;&gt;</a>&nbsp;&nbsp;&nbsp;fft_c2r_exec
<LI><a href="#[cf]">&gt;&gt;</a>&nbsp;&nbsp;&nbsp;idwt_sym_stride
<LI><a href="#[ce]">&gt;&gt;</a>&nbsp;&nbsp;&nbsp;idwt_per_stride
<LI><a href="#[c1]">&gt;&gt;</a>&nbsp;&nbsp;&nbsp;filtcoef
<LI><a href="#[b6]">&gt;&gt;</a>&nbsp;&nbsp;&nbsp;dwt_sym_stride
<LI><a href="#[b4]">&gt;&gt;</a>&nbsp;&nbsp;&nbsp;dwt_per_stride
<LI><a href="#[ab]">&gt;&gt;</a>&nbsp;&nbsp;&nbsp;conv_fft
<LI><a href="#[a9]">&gt;&gt;</a>&nbsp;&nbsp;&nbsp;conv_direct
<LI><a href="#[8a]">&gt;&gt;</a>&nbsp;&nbsp;&nbsp;__hardfp_pow
<LI><a href="#[88]">&gt;&gt;</a>&nbsp;&nbsp;&nbsp;__hardfp_log10
<LI><a href="#[84]">&gt;&gt;</a>&nbsp;&nbsp;&nbsp;__hardfp_log
<LI><a href="#[82]">&gt;&gt;</a>&nbsp;&nbsp;&nbsp;__kernel_sin
<LI><a href="#[81]">&gt;&gt;</a>&nbsp;&nbsp;&nbsp;__ieee754_rem_pio2
<LI><a href="#[87]">&gt;&gt;</a>&nbsp;&nbsp;&nbsp;__kernel_poly
<LI><a href="#[8f]">&gt;&gt;</a>&nbsp;&nbsp;&nbsp;__mathlib_dbl_underflow
<LI><a href="#[8c]">&gt;&gt;</a>&nbsp;&nbsp;&nbsp;__mathlib_dbl_overflow
<LI><a href="#[83]">&gt;&gt;</a>&nbsp;&nbsp;&nbsp;__kernel_cos
<LI><a href="#[93]">&gt;&gt;</a>&nbsp;&nbsp;&nbsp;_fp_digits
</UL>

<P><STRONG><a name="[4d]"></a>__aeabi_ddiv</STRONG> (Thumb, 222 bytes, Stack size 32 bytes, ddiv.o(.text))
<BR><BR>[Stack]<UL><LI>Max Depth = 40<LI>Call Chain = __aeabi_ddiv &rArr; _double_round
</UL>
<BR>[Calls]<UL><LI><a href="#[49]">&gt;&gt;</a>&nbsp;&nbsp;&nbsp;_double_round
</UL>
<BR>[Called By]<UL><LI><a href="#[c0]">&gt;&gt;</a>&nbsp;&nbsp;&nbsp;longvectorN
<LI><a href="#[bc]">&gt;&gt;</a>&nbsp;&nbsp;&nbsp;mixed_radix_dit_rec
<LI><a href="#[a5]">&gt;&gt;</a>&nbsp;&nbsp;&nbsp;bluestein_fft
<LI><a href="#[a4]">&gt;&gt;</a>&nbsp;&nbsp;&nbsp;bluestein_exp
<LI><a href="#[b0]">&gt;&gt;</a>&nbsp;&nbsp;&nbsp;fft_real_init
<LI><a href="#[f8]">&gt;&gt;</a>&nbsp;&nbsp;&nbsp;wmaxiter
<LI><a href="#[bd]">&gt;&gt;</a>&nbsp;&nbsp;&nbsp;fft_init
<LI><a href="#[ab]">&gt;&gt;</a>&nbsp;&nbsp;&nbsp;conv_fft
<LI><a href="#[8a]">&gt;&gt;</a>&nbsp;&nbsp;&nbsp;__hardfp_pow
<LI><a href="#[84]">&gt;&gt;</a>&nbsp;&nbsp;&nbsp;__hardfp_log
<LI><a href="#[7f]">&gt;&gt;</a>&nbsp;&nbsp;&nbsp;__mathlib_dbl_invalid
<LI><a href="#[85]">&gt;&gt;</a>&nbsp;&nbsp;&nbsp;__mathlib_dbl_divzero
<LI><a href="#[93]">&gt;&gt;</a>&nbsp;&nbsp;&nbsp;_fp_digits
</UL>

<P><STRONG><a name="[4e]"></a>__aeabi_i2d</STRONG> (Thumb, 34 bytes, Stack size 16 bytes, dflti.o(.text))
<BR><BR>[Stack]<UL><LI>Max Depth = 56<LI>Call Chain = __aeabi_i2d &rArr; _double_epilogue &rArr; _double_round
</UL>
<BR>[Calls]<UL><LI><a href="#[48]">&gt;&gt;</a>&nbsp;&nbsp;&nbsp;_double_epilogue
</UL>
<BR>[Called By]<UL><LI><a href="#[b1]">&gt;&gt;</a>&nbsp;&nbsp;&nbsp;dwt
<LI><a href="#[c0]">&gt;&gt;</a>&nbsp;&nbsp;&nbsp;longvectorN
<LI><a href="#[bc]">&gt;&gt;</a>&nbsp;&nbsp;&nbsp;mixed_radix_dit_rec
<LI><a href="#[a5]">&gt;&gt;</a>&nbsp;&nbsp;&nbsp;bluestein_fft
<LI><a href="#[a4]">&gt;&gt;</a>&nbsp;&nbsp;&nbsp;bluestein_exp
<LI><a href="#[b0]">&gt;&gt;</a>&nbsp;&nbsp;&nbsp;fft_real_init
<LI><a href="#[f8]">&gt;&gt;</a>&nbsp;&nbsp;&nbsp;wmaxiter
<LI><a href="#[bd]">&gt;&gt;</a>&nbsp;&nbsp;&nbsp;fft_init
<LI><a href="#[ab]">&gt;&gt;</a>&nbsp;&nbsp;&nbsp;conv_fft
<LI><a href="#[a9]">&gt;&gt;</a>&nbsp;&nbsp;&nbsp;conv_direct
<LI><a href="#[8a]">&gt;&gt;</a>&nbsp;&nbsp;&nbsp;__hardfp_pow
<LI><a href="#[88]">&gt;&gt;</a>&nbsp;&nbsp;&nbsp;__hardfp_log10
<LI><a href="#[84]">&gt;&gt;</a>&nbsp;&nbsp;&nbsp;__hardfp_log
<LI><a href="#[81]">&gt;&gt;</a>&nbsp;&nbsp;&nbsp;__ieee754_rem_pio2
</UL>

<P><STRONG><a name="[4f]"></a>__aeabi_d2iz</STRONG> (Thumb, 62 bytes, Stack size 16 bytes, dfixi.o(.text))
<BR><BR>[Stack]<UL><LI>Max Depth = 16<LI>Call Chain = __aeabi_d2iz
</UL>
<BR>[Calls]<UL><LI><a href="#[50]">&gt;&gt;</a>&nbsp;&nbsp;&nbsp;__aeabi_llsr
</UL>
<BR>[Called By]<UL><LI><a href="#[b1]">&gt;&gt;</a>&nbsp;&nbsp;&nbsp;dwt
<LI><a href="#[a5]">&gt;&gt;</a>&nbsp;&nbsp;&nbsp;bluestein_fft
<LI><a href="#[f8]">&gt;&gt;</a>&nbsp;&nbsp;&nbsp;wmaxiter
<LI><a href="#[bd]">&gt;&gt;</a>&nbsp;&nbsp;&nbsp;fft_init
<LI><a href="#[81]">&gt;&gt;</a>&nbsp;&nbsp;&nbsp;__ieee754_rem_pio2
<LI><a href="#[83]">&gt;&gt;</a>&nbsp;&nbsp;&nbsp;__kernel_cos
</UL>

<P><STRONG><a name="[d3]"></a>__aeabi_f2d</STRONG> (Thumb, 38 bytes, Stack size 0 bytes, f2d.o(.text))
<BR><BR>[Called By]<UL><LI><a href="#[9a]">&gt;&gt;</a>&nbsp;&nbsp;&nbsp;low_pass_filter_init
</UL>

<P><STRONG><a name="[86]"></a>__aeabi_cdcmpeq</STRONG> (Thumb, 0 bytes, Stack size 0 bytes, cdcmple.o(.text))
<BR><BR>[Called By]<UL><LI><a href="#[84]">&gt;&gt;</a>&nbsp;&nbsp;&nbsp;__hardfp_log
</UL>

<P><STRONG><a name="[aa]"></a>__aeabi_cdcmple</STRONG> (Thumb, 48 bytes, Stack size 0 bytes, cdcmple.o(.text))
<BR><BR>[Called By]<UL><LI><a href="#[a9]">&gt;&gt;</a>&nbsp;&nbsp;&nbsp;conv_direct
</UL>

<P><STRONG><a name="[7c]"></a>__aeabi_cdrcmple</STRONG> (Thumb, 48 bytes, Stack size 0 bytes, cdrcmple.o(.text))
<BR><BR>[Called By]<UL><LI><a href="#[a9]">&gt;&gt;</a>&nbsp;&nbsp;&nbsp;conv_direct
<LI><a href="#[8a]">&gt;&gt;</a>&nbsp;&nbsp;&nbsp;__hardfp_pow
<LI><a href="#[7b]">&gt;&gt;</a>&nbsp;&nbsp;&nbsp;__hardfp_ceil
<LI><a href="#[93]">&gt;&gt;</a>&nbsp;&nbsp;&nbsp;_fp_digits
</UL>

<P><STRONG><a name="[51]"></a>__aeabi_d2f</STRONG> (Thumb, 56 bytes, Stack size 8 bytes, d2f.o(.text))
<BR><BR>[Stack]<UL><LI>Max Depth = 8<LI>Call Chain = __aeabi_d2f
</UL>
<BR>[Calls]<UL><LI><a href="#[52]">&gt;&gt;</a>&nbsp;&nbsp;&nbsp;_float_round
</UL>
<BR>[Called By]<UL><LI><a href="#[9a]">&gt;&gt;</a>&nbsp;&nbsp;&nbsp;low_pass_filter_init
</UL>

<P><STRONG><a name="[10d]"></a>__aeabi_uidiv</STRONG> (Thumb, 0 bytes, Stack size 12 bytes, uidiv.o(.text), UNUSED)

<P><STRONG><a name="[96]"></a>__aeabi_uidivmod</STRONG> (Thumb, 44 bytes, Stack size 12 bytes, uidiv.o(.text), UNUSED)
<BR><BR>[Called By]<UL><LI><a href="#[7a]">&gt;&gt;</a>&nbsp;&nbsp;&nbsp;_printf_core
</UL>

<P><STRONG><a name="[53]"></a>__aeabi_uldivmod</STRONG> (Thumb, 98 bytes, Stack size 40 bytes, uldiv.o(.text), UNUSED)
<BR><BR>[Calls]<UL><LI><a href="#[50]">&gt;&gt;</a>&nbsp;&nbsp;&nbsp;__aeabi_llsr
<LI><a href="#[46]">&gt;&gt;</a>&nbsp;&nbsp;&nbsp;__aeabi_llsl
</UL>
<BR>[Called By]<UL><LI><a href="#[7a]">&gt;&gt;</a>&nbsp;&nbsp;&nbsp;_printf_core
<LI><a href="#[93]">&gt;&gt;</a>&nbsp;&nbsp;&nbsp;_fp_digits
</UL>

<P><STRONG><a name="[47]"></a>__aeabi_lasr</STRONG> (Thumb, 36 bytes, Stack size 0 bytes, llsshr.o(.text))
<BR><BR>[Called By]<UL><LI><a href="#[45]">&gt;&gt;</a>&nbsp;&nbsp;&nbsp;__aeabi_dadd
</UL>

<P><STRONG><a name="[10e]"></a>_ll_sshift_r</STRONG> (Thumb, 0 bytes, Stack size 0 bytes, llsshr.o(.text), UNUSED)

<P><STRONG><a name="[44]"></a>strtol</STRONG> (Thumb, 112 bytes, Stack size 32 bytes, strtol.o(.text))
<BR><BR>[Stack]<UL><LI>Max Depth = 72<LI>Call Chain = strtol &rArr; _strtoul
</UL>
<BR>[Calls]<UL><LI><a href="#[55]">&gt;&gt;</a>&nbsp;&nbsp;&nbsp;_strtoul
<LI><a href="#[54]">&gt;&gt;</a>&nbsp;&nbsp;&nbsp;__rt_ctype_table
<LI><a href="#[43]">&gt;&gt;</a>&nbsp;&nbsp;&nbsp;__aeabi_errno_addr
</UL>
<BR>[Called By]<UL><LI><a href="#[42]">&gt;&gt;</a>&nbsp;&nbsp;&nbsp;atoi
</UL>

<P><STRONG><a name="[10f]"></a>__I$use$fp</STRONG> (Thumb, 0 bytes, Stack size 0 bytes, iusefp.o(.text), UNUSED)

<P><STRONG><a name="[52]"></a>_float_round</STRONG> (Thumb, 18 bytes, Stack size 0 bytes, fepilogue.o(.text))
<BR><BR>[Called By]<UL><LI><a href="#[51]">&gt;&gt;</a>&nbsp;&nbsp;&nbsp;__aeabi_d2f
</UL>

<P><STRONG><a name="[110]"></a>_float_epilogue</STRONG> (Thumb, 92 bytes, Stack size 4 bytes, fepilogue.o(.text), UNUSED)

<P><STRONG><a name="[49]"></a>_double_round</STRONG> (Thumb, 30 bytes, Stack size 8 bytes, depilogue.o(.text))
<BR><BR>[Stack]<UL><LI>Max Depth = 8<LI>Call Chain = _double_round
</UL>
<BR>[Called By]<UL><LI><a href="#[4d]">&gt;&gt;</a>&nbsp;&nbsp;&nbsp;__aeabi_ddiv
<LI><a href="#[45]">&gt;&gt;</a>&nbsp;&nbsp;&nbsp;__aeabi_dadd
<LI><a href="#[56]">&gt;&gt;</a>&nbsp;&nbsp;&nbsp;_dsqrt
<LI><a href="#[48]">&gt;&gt;</a>&nbsp;&nbsp;&nbsp;_double_epilogue
</UL>

<P><STRONG><a name="[48]"></a>_double_epilogue</STRONG> (Thumb, 156 bytes, Stack size 32 bytes, depilogue.o(.text))
<BR><BR>[Stack]<UL><LI>Max Depth = 40<LI>Call Chain = _double_epilogue &rArr; _double_round
</UL>
<BR>[Calls]<UL><LI><a href="#[50]">&gt;&gt;</a>&nbsp;&nbsp;&nbsp;__aeabi_llsr
<LI><a href="#[46]">&gt;&gt;</a>&nbsp;&nbsp;&nbsp;__aeabi_llsl
<LI><a href="#[49]">&gt;&gt;</a>&nbsp;&nbsp;&nbsp;_double_round
</UL>
<BR>[Called By]<UL><LI><a href="#[4c]">&gt;&gt;</a>&nbsp;&nbsp;&nbsp;__aeabi_dmul
<LI><a href="#[4e]">&gt;&gt;</a>&nbsp;&nbsp;&nbsp;__aeabi_i2d
<LI><a href="#[45]">&gt;&gt;</a>&nbsp;&nbsp;&nbsp;__aeabi_dadd
<LI><a href="#[5a]">&gt;&gt;</a>&nbsp;&nbsp;&nbsp;__aeabi_ui2d
</UL>

<P><STRONG><a name="[90]"></a>__ARM_scalbn</STRONG> (Thumb, 46 bytes, Stack size 16 bytes, dscalb.o(.text))
<BR><BR>[Stack]<UL><LI>Max Depth = 16<LI>Call Chain = __ARM_scalbn
</UL>
<BR>[Called By]<UL><LI><a href="#[8a]">&gt;&gt;</a>&nbsp;&nbsp;&nbsp;__hardfp_pow
</UL>

<P><STRONG><a name="[111]"></a>scalbn</STRONG> (Thumb, 0 bytes, Stack size 16 bytes, dscalb.o(.text), UNUSED)

<P><STRONG><a name="[56]"></a>_dsqrt</STRONG> (Thumb, 162 bytes, Stack size 32 bytes, dsqrt.o(.text))
<BR><BR>[Stack]<UL><LI>Max Depth = 40<LI>Call Chain = _dsqrt &rArr; _double_round
</UL>
<BR>[Calls]<UL><LI><a href="#[50]">&gt;&gt;</a>&nbsp;&nbsp;&nbsp;__aeabi_llsr
<LI><a href="#[49]">&gt;&gt;</a>&nbsp;&nbsp;&nbsp;_double_round
</UL>
<BR>[Called By]<UL><LI><a href="#[8d]">&gt;&gt;</a>&nbsp;&nbsp;&nbsp;sqrt
</UL>

<P><STRONG><a name="[57]"></a>__aeabi_d2ulz</STRONG> (Thumb, 48 bytes, Stack size 0 bytes, dfixul.o(.text), UNUSED)
<BR><BR>[Calls]<UL><LI><a href="#[50]">&gt;&gt;</a>&nbsp;&nbsp;&nbsp;__aeabi_llsr
<LI><a href="#[46]">&gt;&gt;</a>&nbsp;&nbsp;&nbsp;__aeabi_llsl
</UL>
<BR>[Called By]<UL><LI><a href="#[93]">&gt;&gt;</a>&nbsp;&nbsp;&nbsp;_fp_digits
</UL>

<P><STRONG><a name="[3d]"></a>__scatterload</STRONG> (Thumb, 28 bytes, Stack size 0 bytes, init.o(.text))
<BR><BR>[Calls]<UL><LI><a href="#[58]">&gt;&gt;</a>&nbsp;&nbsp;&nbsp;__main_after_scatterload
</UL>
<BR>[Called By]<UL><LI><a href="#[3c]">&gt;&gt;</a>&nbsp;&nbsp;&nbsp;_main_scatterload
</UL>

<P><STRONG><a name="[112]"></a>__scatterload_rt2</STRONG> (Thumb, 0 bytes, Stack size 0 bytes, init.o(.text), UNUSED)

<P><STRONG><a name="[54]"></a>__rt_ctype_table</STRONG> (Thumb, 4 bytes, Stack size 0 bytes, ctype_o.o(.text))
<BR><BR>[Called By]<UL><LI><a href="#[44]">&gt;&gt;</a>&nbsp;&nbsp;&nbsp;strtol
</UL>

<P><STRONG><a name="[113]"></a>__semihosting_library_function</STRONG> (Thumb, 0 bytes, Stack size 0 bytes, semi.o(.text), UNUSED)

<P><STRONG><a name="[55]"></a>_strtoul</STRONG> (Thumb, 158 bytes, Stack size 40 bytes, _strtoul.o(.text))
<BR><BR>[Stack]<UL><LI>Max Depth = 40<LI>Call Chain = _strtoul
</UL>
<BR>[Calls]<UL><LI><a href="#[59]">&gt;&gt;</a>&nbsp;&nbsp;&nbsp;_chval
<LI><a href="#[43]">&gt;&gt;</a>&nbsp;&nbsp;&nbsp;__aeabi_errno_addr
</UL>
<BR>[Called By]<UL><LI><a href="#[44]">&gt;&gt;</a>&nbsp;&nbsp;&nbsp;strtol
</UL>

<P><STRONG><a name="[114]"></a>__I$use$semihosting$fputc</STRONG> (Thumb, 0 bytes, Stack size 16 bytes, iusesemip.o(.text), UNUSED)

<P><STRONG><a name="[5a]"></a>__aeabi_ui2d</STRONG> (Thumb, 26 bytes, Stack size 16 bytes, dfltui.o(.text))
<BR><BR>[Stack]<UL><LI>Max Depth = 56<LI>Call Chain = __aeabi_ui2d &rArr; _double_epilogue &rArr; _double_round
</UL>
<BR>[Calls]<UL><LI><a href="#[48]">&gt;&gt;</a>&nbsp;&nbsp;&nbsp;_double_epilogue
</UL>
<BR>[Called By]<UL><LI><a href="#[81]">&gt;&gt;</a>&nbsp;&nbsp;&nbsp;__ieee754_rem_pio2
</UL>

<P><STRONG><a name="[59]"></a>_chval</STRONG> (Thumb, 28 bytes, Stack size 0 bytes, _chval.o(.text))
<BR><BR>[Called By]<UL><LI><a href="#[55]">&gt;&gt;</a>&nbsp;&nbsp;&nbsp;_strtoul
</UL>

<P><STRONG><a name="[65]"></a>DerivFilter</STRONG> (Thumb, 70 bytes, Stack size 12 bytes, pantompkins.o(i.DerivFilter))
<BR><BR>[Stack]<UL><LI>Max Depth = 12<LI>Call Chain = DerivFilter
</UL>
<BR>[Called By]<UL><LI><a href="#[61]">&gt;&gt;</a>&nbsp;&nbsp;&nbsp;PT_StateMachine
</UL>

<P><STRONG><a name="[11]"></a>GPIOTE_IRQHandler</STRONG> (Thumb, 156 bytes, Stack size 32 bytes, nrfx_gpiote.o(i.GPIOTE_IRQHandler))
<BR><BR>[Stack]<UL><LI>Max Depth = 92<LI>Call Chain = GPIOTE_IRQHandler &rArr; port_event_handle &rArr; nrf_gpio_latches_read_and_clear
</UL>
<BR>[Calls]<UL><LI><a href="#[5e]">&gt;&gt;</a>&nbsp;&nbsp;&nbsp;port_event_handle
<LI><a href="#[5b]">&gt;&gt;</a>&nbsp;&nbsp;&nbsp;nrf_gpiote_event_is_set
<LI><a href="#[5c]">&gt;&gt;</a>&nbsp;&nbsp;&nbsp;nrf_gpiote_event_clear
<LI><a href="#[5d]">&gt;&gt;</a>&nbsp;&nbsp;&nbsp;nrf_gpio_latches_read_and_clear
</UL>
<BR>[Address Reference Count : 1]<UL><LI> arm_startup_nrf52840.o(RESET)
</UL>
<P><STRONG><a name="[63]"></a>HPFilter</STRONG> (Thumb, 134 bytes, Stack size 16 bytes, pantompkins.o(i.HPFilter))
<BR><BR>[Stack]<UL><LI>Max Depth = 16<LI>Call Chain = HPFilter
</UL>
<BR>[Called By]<UL><LI><a href="#[61]">&gt;&gt;</a>&nbsp;&nbsp;&nbsp;PT_StateMachine
</UL>

<P><STRONG><a name="[62]"></a>LPFilter</STRONG> (Thumb, 108 bytes, Stack size 20 bytes, pantompkins.o(i.LPFilter))
<BR><BR>[Stack]<UL><LI>Max Depth = 20<LI>Call Chain = LPFilter
</UL>
<BR>[Called By]<UL><LI><a href="#[61]">&gt;&gt;</a>&nbsp;&nbsp;&nbsp;PT_StateMachine
</UL>

<P><STRONG><a name="[6c]"></a>LearningPhase1</STRONG> (Thumb, 144 bytes, Stack size 16 bytes, pantompkins.o(i.LearningPhase1))
<BR><BR>[Stack]<UL><LI>Max Depth = 16<LI>Call Chain = LearningPhase1
</UL>
<BR>[Called By]<UL><LI><a href="#[61]">&gt;&gt;</a>&nbsp;&nbsp;&nbsp;PT_StateMachine
</UL>

<P><STRONG><a name="[68]"></a>MVAFilter</STRONG> (Thumb, 112 bytes, Stack size 16 bytes, pantompkins.o(i.MVAFilter))
<BR><BR>[Stack]<UL><LI>Max Depth = 16<LI>Call Chain = MVAFilter
</UL>
<BR>[Called By]<UL><LI><a href="#[61]">&gt;&gt;</a>&nbsp;&nbsp;&nbsp;PT_StateMachine
</UL>

<P><STRONG><a name="[b]"></a>POWER_CLOCK_IRQHandler</STRONG> (Thumb, 154 bytes, Stack size 24 bytes, nrfx_clock.o(i.POWER_CLOCK_IRQHandler))
<BR><BR>[Stack]<UL><LI>Max Depth = 32<LI>Call Chain = POWER_CLOCK_IRQHandler &rArr; nrf_clock_event_clear
</UL>
<BR>[Calls]<UL><LI><a href="#[60]">&gt;&gt;</a>&nbsp;&nbsp;&nbsp;nrf_clock_event_clear
<LI><a href="#[5f]">&gt;&gt;</a>&nbsp;&nbsp;&nbsp;nrf_clock_event_check
</UL>
<BR>[Address Reference Count : 1]<UL><LI> arm_startup_nrf52840.o(RESET)
</UL>
<P><STRONG><a name="[61]"></a>PT_StateMachine</STRONG> (Thumb, 488 bytes, Stack size 32 bytes, pantompkins.o(i.PT_StateMachine))
<BR><BR>[Stack]<UL><LI>Max Depth = 52<LI>Call Chain = PT_StateMachine &rArr; UpdateRR
</UL>
<BR>[Calls]<UL><LI><a href="#[6e]">&gt;&gt;</a>&nbsp;&nbsp;&nbsp;PT_init
<LI><a href="#[6a]">&gt;&gt;</a>&nbsp;&nbsp;&nbsp;UpdateThI
<LI><a href="#[6b]">&gt;&gt;</a>&nbsp;&nbsp;&nbsp;UpdateThF
<LI><a href="#[6d]">&gt;&gt;</a>&nbsp;&nbsp;&nbsp;UpdateRR
<LI><a href="#[67]">&gt;&gt;</a>&nbsp;&nbsp;&nbsp;SQRFilter
<LI><a href="#[69]">&gt;&gt;</a>&nbsp;&nbsp;&nbsp;PeakDtcI
<LI><a href="#[66]">&gt;&gt;</a>&nbsp;&nbsp;&nbsp;PeakDtcDR
<LI><a href="#[64]">&gt;&gt;</a>&nbsp;&nbsp;&nbsp;PeakDtcBP
<LI><a href="#[68]">&gt;&gt;</a>&nbsp;&nbsp;&nbsp;MVAFilter
<LI><a href="#[6c]">&gt;&gt;</a>&nbsp;&nbsp;&nbsp;LearningPhase1
<LI><a href="#[62]">&gt;&gt;</a>&nbsp;&nbsp;&nbsp;LPFilter
<LI><a href="#[63]">&gt;&gt;</a>&nbsp;&nbsp;&nbsp;HPFilter
<LI><a href="#[65]">&gt;&gt;</a>&nbsp;&nbsp;&nbsp;DerivFilter
</UL>
<BR>[Called By]<UL><LI><a href="#[3a]">&gt;&gt;</a>&nbsp;&nbsp;&nbsp;saadc_callback
</UL>

<P><STRONG><a name="[6e]"></a>PT_init</STRONG> (Thumb, 224 bytes, Stack size 16 bytes, pantompkins.o(i.PT_init))
<BR><BR>[Stack]<UL><LI>Max Depth = 16<LI>Call Chain = PT_init
</UL>
<BR>[Calls]<UL><LI><a href="#[3f]">&gt;&gt;</a>&nbsp;&nbsp;&nbsp;__aeabi_memclr
</UL>
<BR>[Called By]<UL><LI><a href="#[36]">&gt;&gt;</a>&nbsp;&nbsp;&nbsp;main
<LI><a href="#[61]">&gt;&gt;</a>&nbsp;&nbsp;&nbsp;PT_StateMachine
</UL>

<P><STRONG><a name="[64]"></a>PeakDtcBP</STRONG> (Thumb, 42 bytes, Stack size 0 bytes, pantompkins.o(i.PeakDtcBP))
<BR><BR>[Called By]<UL><LI><a href="#[61]">&gt;&gt;</a>&nbsp;&nbsp;&nbsp;PT_StateMachine
</UL>

<P><STRONG><a name="[66]"></a>PeakDtcDR</STRONG> (Thumb, 42 bytes, Stack size 0 bytes, pantompkins.o(i.PeakDtcDR))
<BR><BR>[Called By]<UL><LI><a href="#[61]">&gt;&gt;</a>&nbsp;&nbsp;&nbsp;PT_StateMachine
</UL>

<P><STRONG><a name="[69]"></a>PeakDtcI</STRONG> (Thumb, 32 bytes, Stack size 0 bytes, pantompkins.o(i.PeakDtcI))
<BR><BR>[Called By]<UL><LI><a href="#[61]">&gt;&gt;</a>&nbsp;&nbsp;&nbsp;PT_StateMachine
</UL>

<P><STRONG><a name="[1c]"></a>RTC1_IRQHandler</STRONG> (Thumb, 96 bytes, Stack size 24 bytes, port_cmsis_systick.o(i.RTC1_IRQHandler))
<BR><BR>[Stack]<UL><LI>Max Depth = 48<LI>Call Chain = RTC1_IRQHandler &rArr; xTaskIncrementTick
</UL>
<BR>[Calls]<UL><LI><a href="#[72]">&gt;&gt;</a>&nbsp;&nbsp;&nbsp;xTaskIncrementTick
<LI><a href="#[70]">&gt;&gt;</a>&nbsp;&nbsp;&nbsp;xTaskGetTickCount
<LI><a href="#[71]">&gt;&gt;</a>&nbsp;&nbsp;&nbsp;xTaskGetSchedulerState
<LI><a href="#[6f]">&gt;&gt;</a>&nbsp;&nbsp;&nbsp;nrf_rtc_event_clear
</UL>
<BR>[Address Reference Count : 1]<UL><LI> arm_startup_nrf52840.o(RESET)
</UL>
<P><STRONG><a name="[12]"></a>SAADC_IRQHandler</STRONG> (Thumb, 320 bytes, Stack size 40 bytes, nrfx_saadc.o(i.SAADC_IRQHandler))
<BR><BR>[Stack]<UL><LI>Max Depth = 48<LI>Call Chain = SAADC_IRQHandler &rArr; nrf_saadc_event_clear
</UL>
<BR>[Calls]<UL><LI><a href="#[74]">&gt;&gt;</a>&nbsp;&nbsp;&nbsp;nrf_saadc_event_clear
<LI><a href="#[73]">&gt;&gt;</a>&nbsp;&nbsp;&nbsp;nrf_saadc_event_check
<LI><a href="#[75]">&gt;&gt;</a>&nbsp;&nbsp;&nbsp;nrf_saadc_buffer_init
</UL>
<BR>[Address Reference Count : 1]<UL><LI> arm_startup_nrf52840.o(RESET)
</UL>
<P><STRONG><a name="[e]"></a>SPIM0_SPIS0_TWIM0_TWIS0_SPI0_TWI0_IRQHandler</STRONG> (Thumb, 8 bytes, Stack size 0 bytes, nrfx_twim.o(i.SPIM0_SPIS0_TWIM0_TWIS0_SPI0_TWI0_IRQHandler))
<BR><BR>[Stack]<UL><LI>Max Depth = 72<LI>Call Chain = SPIM0_SPIS0_TWIM0_TWIS0_SPI0_TWI0_IRQHandler &rArr; twim_irq_handler &rArr; xfer_completeness_check
</UL>
<BR>[Calls]<UL><LI><a href="#[76]">&gt;&gt;</a>&nbsp;&nbsp;&nbsp;twim_irq_handler
</UL>
<BR>[Address Reference Count : 1]<UL><LI> arm_startup_nrf52840.o(RESET)
</UL>
<P><STRONG><a name="[67]"></a>SQRFilter</STRONG> (Thumb, 64 bytes, Stack size 0 bytes, pantompkins.o(i.SQRFilter))
<BR><BR>[Called By]<UL><LI><a href="#[61]">&gt;&gt;</a>&nbsp;&nbsp;&nbsp;PT_StateMachine
</UL>

<P><STRONG><a name="[37]"></a>SystemInit</STRONG> (Thumb, 420 bytes, Stack size 12 bytes, system_nrf52.o(i.SystemInit))
<BR><BR>[Stack]<UL><LI>Max Depth = 12<LI>Call Chain = SystemInit
</UL>
<BR>[Calls]<UL><LI><a href="#[77]">&gt;&gt;</a>&nbsp;&nbsp;&nbsp;nvmc_config
</UL>
<BR>[Address Reference Count : 1]<UL><LI> arm_startup_nrf52840.o(.text)
</UL>
<P><STRONG><a name="[13]"></a>TIMER0_IRQHandler</STRONG> (Thumb, 10 bytes, Stack size 0 bytes, nrfx_timer.o(i.TIMER0_IRQHandler))
<BR><BR>[Stack]<UL><LI>Max Depth = 32<LI>Call Chain = TIMER0_IRQHandler &rArr; irq_handler &rArr; nrf_timer_event_clear
</UL>
<BR>[Calls]<UL><LI><a href="#[78]">&gt;&gt;</a>&nbsp;&nbsp;&nbsp;irq_handler
</UL>
<BR>[Address Reference Count : 1]<UL><LI> arm_startup_nrf52840.o(RESET)
</UL>
<P><STRONG><a name="[14]"></a>TIMER1_IRQHandler</STRONG> (Thumb, 10 bytes, Stack size 0 bytes, nrfx_timer.o(i.TIMER1_IRQHandler))
<BR><BR>[Stack]<UL><LI>Max Depth = 32<LI>Call Chain = TIMER1_IRQHandler &rArr; irq_handler &rArr; nrf_timer_event_clear
</UL>
<BR>[Calls]<UL><LI><a href="#[78]">&gt;&gt;</a>&nbsp;&nbsp;&nbsp;irq_handler
</UL>
<BR>[Address Reference Count : 1]<UL><LI> arm_startup_nrf52840.o(RESET)
</UL>
<P><STRONG><a name="[15]"></a>TIMER2_IRQHandler</STRONG> (Thumb, 10 bytes, Stack size 0 bytes, nrfx_timer.o(i.TIMER2_IRQHandler))
<BR><BR>[Stack]<UL><LI>Max Depth = 32<LI>Call Chain = TIMER2_IRQHandler &rArr; irq_handler &rArr; nrf_timer_event_clear
</UL>
<BR>[Calls]<UL><LI><a href="#[78]">&gt;&gt;</a>&nbsp;&nbsp;&nbsp;irq_handler
</UL>
<BR>[Address Reference Count : 1]<UL><LI> arm_startup_nrf52840.o(RESET)
</UL>
<P><STRONG><a name="[25]"></a>TIMER3_IRQHandler</STRONG> (Thumb, 10 bytes, Stack size 0 bytes, nrfx_timer.o(i.TIMER3_IRQHandler))
<BR><BR>[Stack]<UL><LI>Max Depth = 32<LI>Call Chain = TIMER3_IRQHandler &rArr; irq_handler &rArr; nrf_timer_event_clear
</UL>
<BR>[Calls]<UL><LI><a href="#[78]">&gt;&gt;</a>&nbsp;&nbsp;&nbsp;irq_handler
</UL>
<BR>[Address Reference Count : 1]<UL><LI> arm_startup_nrf52840.o(RESET)
</UL>
<P><STRONG><a name="[26]"></a>TIMER4_IRQHandler</STRONG> (Thumb, 10 bytes, Stack size 0 bytes, nrfx_timer.o(i.TIMER4_IRQHandler))
<BR><BR>[Stack]<UL><LI>Max Depth = 32<LI>Call Chain = TIMER4_IRQHandler &rArr; irq_handler &rArr; nrf_timer_event_clear
</UL>
<BR>[Calls]<UL><LI><a href="#[78]">&gt;&gt;</a>&nbsp;&nbsp;&nbsp;irq_handler
</UL>
<BR>[Address Reference Count : 1]<UL><LI> arm_startup_nrf52840.o(RESET)
</UL>
<P><STRONG><a name="[d]"></a>UARTE0_UART0_IRQHandler</STRONG> (Thumb, 6 bytes, Stack size 0 bytes, nrfx_prs.o(i.UARTE0_UART0_IRQHandler))
<BR>[Address Reference Count : 1]<UL><LI> arm_startup_nrf52840.o(RESET)
</UL>
<P><STRONG><a name="[6d]"></a>UpdateRR</STRONG> (Thumb, 228 bytes, Stack size 20 bytes, pantompkins.o(i.UpdateRR))
<BR><BR>[Stack]<UL><LI>Max Depth = 20<LI>Call Chain = UpdateRR
</UL>
<BR>[Called By]<UL><LI><a href="#[61]">&gt;&gt;</a>&nbsp;&nbsp;&nbsp;PT_StateMachine
</UL>

<P><STRONG><a name="[6b]"></a>UpdateThF</STRONG> (Thumb, 88 bytes, Stack size 0 bytes, pantompkins.o(i.UpdateThF))
<BR><BR>[Called By]<UL><LI><a href="#[61]">&gt;&gt;</a>&nbsp;&nbsp;&nbsp;PT_StateMachine
</UL>

<P><STRONG><a name="[6a]"></a>UpdateThI</STRONG> (Thumb, 76 bytes, Stack size 0 bytes, pantompkins.o(i.UpdateThI))
<BR><BR>[Called By]<UL><LI><a href="#[61]">&gt;&gt;</a>&nbsp;&nbsp;&nbsp;PT_StateMachine
</UL>

<P><STRONG><a name="[79]"></a>__0printf</STRONG> (Thumb, 22 bytes, Stack size 24 bytes, printfa.o(i.__0printf), UNUSED)
<BR><BR>[Calls]<UL><LI><a href="#[7a]">&gt;&gt;</a>&nbsp;&nbsp;&nbsp;_printf_core
</UL>

<P><STRONG><a name="[115]"></a>__1printf</STRONG> (Thumb, 0 bytes, Stack size 24 bytes, printfa.o(i.__0printf), UNUSED)

<P><STRONG><a name="[b3]"></a>__2printf</STRONG> (Thumb, 0 bytes, Stack size 24 bytes, printfa.o(i.__0printf))
<BR><BR>[Stack]<UL><LI>Max Depth = 24<LI>Call Chain = __2printf
</UL>
<BR>[Called By]<UL><LI><a href="#[ec]">&gt;&gt;</a>&nbsp;&nbsp;&nbsp;setWTConv
<LI><a href="#[eb]">&gt;&gt;</a>&nbsp;&nbsp;&nbsp;setDWTExtension
<LI><a href="#[cc]">&gt;&gt;</a>&nbsp;&nbsp;&nbsp;idwt
<LI><a href="#[b1]">&gt;&gt;</a>&nbsp;&nbsp;&nbsp;dwt
<LI><a href="#[b8]">&gt;&gt;</a>&nbsp;&nbsp;&nbsp;wconv
<LI><a href="#[cd]">&gt;&gt;</a>&nbsp;&nbsp;&nbsp;idwt1
<LI><a href="#[b5]">&gt;&gt;</a>&nbsp;&nbsp;&nbsp;dwt1
<LI><a href="#[c2]">&gt;&gt;</a>&nbsp;&nbsp;&nbsp;filtlength
<LI><a href="#[c1]">&gt;&gt;</a>&nbsp;&nbsp;&nbsp;filtcoef
<LI><a href="#[ea]">&gt;&gt;</a>&nbsp;&nbsp;&nbsp;wt_init
</UL>

<P><STRONG><a name="[116]"></a>__c89printf</STRONG> (Thumb, 0 bytes, Stack size 24 bytes, printfa.o(i.__0printf), UNUSED)

<P><STRONG><a name="[117]"></a>printf</STRONG> (Thumb, 0 bytes, Stack size 24 bytes, printfa.o(i.__0printf), UNUSED)

<P><STRONG><a name="[91]"></a>__ARM_fpclassify</STRONG> (Thumb, 48 bytes, Stack size 8 bytes, fpclassify.o(i.__ARM_fpclassify))
<BR><BR>[Stack]<UL><LI>Max Depth = 8<LI>Call Chain = __ARM_fpclassify
</UL>
<BR>[Called By]<UL><LI><a href="#[8a]">&gt;&gt;</a>&nbsp;&nbsp;&nbsp;__hardfp_pow
<LI><a href="#[82]">&gt;&gt;</a>&nbsp;&nbsp;&nbsp;__kernel_sin
</UL>

<P><STRONG><a name="[43]"></a>__aeabi_errno_addr</STRONG> (Thumb, 4 bytes, Stack size 0 bytes, errno.o(i.__aeabi_errno_addr))
<BR><BR>[Called By]<UL><LI><a href="#[55]">&gt;&gt;</a>&nbsp;&nbsp;&nbsp;_strtoul
<LI><a href="#[44]">&gt;&gt;</a>&nbsp;&nbsp;&nbsp;strtol
<LI><a href="#[42]">&gt;&gt;</a>&nbsp;&nbsp;&nbsp;atoi
</UL>

<P><STRONG><a name="[118]"></a>__rt_errno_addr</STRONG> (Thumb, 0 bytes, Stack size 0 bytes, errno.o(i.__aeabi_errno_addr), UNUSED)

<P><STRONG><a name="[7b]"></a>__hardfp_ceil</STRONG> (Thumb, 252 bytes, Stack size 40 bytes, ceil.o(i.__hardfp_ceil))
<BR><BR>[Stack]<UL><LI>Max Depth = 128<LI>Call Chain = __hardfp_ceil &rArr; __aeabi_drsub &rArr; __aeabi_dadd &rArr; _double_epilogue &rArr; _double_round
</UL>
<BR>[Calls]<UL><LI><a href="#[4b]">&gt;&gt;</a>&nbsp;&nbsp;&nbsp;__aeabi_drsub
<LI><a href="#[45]">&gt;&gt;</a>&nbsp;&nbsp;&nbsp;__aeabi_dadd
<LI><a href="#[7c]">&gt;&gt;</a>&nbsp;&nbsp;&nbsp;__aeabi_cdrcmple
</UL>
<BR>[Called By]<UL><LI><a href="#[b1]">&gt;&gt;</a>&nbsp;&nbsp;&nbsp;dwt
<LI><a href="#[a5]">&gt;&gt;</a>&nbsp;&nbsp;&nbsp;bluestein_fft
<LI><a href="#[bd]">&gt;&gt;</a>&nbsp;&nbsp;&nbsp;fft_init
</UL>

<P><STRONG><a name="[7d]"></a>__hardfp_cos</STRONG> (Thumb, 180 bytes, Stack size 32 bytes, cos.o(i.__hardfp_cos))
<BR><BR>[Stack]<UL><LI>Max Depth = 240<LI>Call Chain = __hardfp_cos &rArr; __ieee754_rem_pio2 &rArr; __aeabi_dmul &rArr; _double_epilogue &rArr; _double_round
</UL>
<BR>[Calls]<UL><LI><a href="#[7e]">&gt;&gt;</a>&nbsp;&nbsp;&nbsp;__set_errno
<LI><a href="#[82]">&gt;&gt;</a>&nbsp;&nbsp;&nbsp;__kernel_sin
<LI><a href="#[81]">&gt;&gt;</a>&nbsp;&nbsp;&nbsp;__ieee754_rem_pio2
<LI><a href="#[7f]">&gt;&gt;</a>&nbsp;&nbsp;&nbsp;__mathlib_dbl_invalid
<LI><a href="#[80]">&gt;&gt;</a>&nbsp;&nbsp;&nbsp;__mathlib_dbl_infnan
<LI><a href="#[83]">&gt;&gt;</a>&nbsp;&nbsp;&nbsp;__kernel_cos
</UL>
<BR>[Called By]<UL><LI><a href="#[c0]">&gt;&gt;</a>&nbsp;&nbsp;&nbsp;longvectorN
<LI><a href="#[bc]">&gt;&gt;</a>&nbsp;&nbsp;&nbsp;mixed_radix_dit_rec
<LI><a href="#[a4]">&gt;&gt;</a>&nbsp;&nbsp;&nbsp;bluestein_exp
<LI><a href="#[b0]">&gt;&gt;</a>&nbsp;&nbsp;&nbsp;fft_real_init
</UL>

<P><STRONG><a name="[84]"></a>__hardfp_log</STRONG> (Thumb, 872 bytes, Stack size 88 bytes, log.o(i.__hardfp_log))
<BR><BR>[Stack]<UL><LI>Max Depth = 200<LI>Call Chain = __hardfp_log &rArr; __kernel_poly &rArr; __aeabi_dmul &rArr; _double_epilogue &rArr; _double_round
</UL>
<BR>[Calls]<UL><LI><a href="#[4c]">&gt;&gt;</a>&nbsp;&nbsp;&nbsp;__aeabi_dmul
<LI><a href="#[4b]">&gt;&gt;</a>&nbsp;&nbsp;&nbsp;__aeabi_drsub
<LI><a href="#[4e]">&gt;&gt;</a>&nbsp;&nbsp;&nbsp;__aeabi_i2d
<LI><a href="#[4a]">&gt;&gt;</a>&nbsp;&nbsp;&nbsp;__aeabi_dsub
<LI><a href="#[4d]">&gt;&gt;</a>&nbsp;&nbsp;&nbsp;__aeabi_ddiv
<LI><a href="#[45]">&gt;&gt;</a>&nbsp;&nbsp;&nbsp;__aeabi_dadd
<LI><a href="#[86]">&gt;&gt;</a>&nbsp;&nbsp;&nbsp;__aeabi_cdcmpeq
<LI><a href="#[7e]">&gt;&gt;</a>&nbsp;&nbsp;&nbsp;__set_errno
<LI><a href="#[87]">&gt;&gt;</a>&nbsp;&nbsp;&nbsp;__kernel_poly
<LI><a href="#[7f]">&gt;&gt;</a>&nbsp;&nbsp;&nbsp;__mathlib_dbl_invalid
<LI><a href="#[80]">&gt;&gt;</a>&nbsp;&nbsp;&nbsp;__mathlib_dbl_infnan
<LI><a href="#[85]">&gt;&gt;</a>&nbsp;&nbsp;&nbsp;__mathlib_dbl_divzero
</UL>
<BR>[Called By]<UL><LI><a href="#[f8]">&gt;&gt;</a>&nbsp;&nbsp;&nbsp;wmaxiter
<LI><a href="#[89]">&gt;&gt;</a>&nbsp;&nbsp;&nbsp;log
</UL>

<P><STRONG><a name="[88]"></a>__hardfp_log10</STRONG> (Thumb, 260 bytes, Stack size 40 bytes, log10.o(i.__hardfp_log10))
<BR><BR>[Stack]<UL><LI>Max Depth = 248<LI>Call Chain = __hardfp_log10 &rArr; log &rArr; __hardfp_log &rArr; __kernel_poly &rArr; __aeabi_dmul &rArr; _double_epilogue &rArr; _double_round
</UL>
<BR>[Calls]<UL><LI><a href="#[4c]">&gt;&gt;</a>&nbsp;&nbsp;&nbsp;__aeabi_dmul
<LI><a href="#[4e]">&gt;&gt;</a>&nbsp;&nbsp;&nbsp;__aeabi_i2d
<LI><a href="#[45]">&gt;&gt;</a>&nbsp;&nbsp;&nbsp;__aeabi_dadd
<LI><a href="#[89]">&gt;&gt;</a>&nbsp;&nbsp;&nbsp;log
<LI><a href="#[7e]">&gt;&gt;</a>&nbsp;&nbsp;&nbsp;__set_errno
<LI><a href="#[7f]">&gt;&gt;</a>&nbsp;&nbsp;&nbsp;__mathlib_dbl_invalid
<LI><a href="#[80]">&gt;&gt;</a>&nbsp;&nbsp;&nbsp;__mathlib_dbl_infnan
<LI><a href="#[85]">&gt;&gt;</a>&nbsp;&nbsp;&nbsp;__mathlib_dbl_divzero
</UL>
<BR>[Called By]<UL><LI><a href="#[a5]">&gt;&gt;</a>&nbsp;&nbsp;&nbsp;bluestein_fft
<LI><a href="#[bd]">&gt;&gt;</a>&nbsp;&nbsp;&nbsp;fft_init
</UL>

<P><STRONG><a name="[8a]"></a>__hardfp_pow</STRONG> (Thumb, 3072 bytes, Stack size 192 bytes, pow.o(i.__hardfp_pow))
<BR><BR>[Stack]<UL><LI>Max Depth = 304<LI>Call Chain = __hardfp_pow &rArr; __kernel_poly &rArr; __aeabi_dmul &rArr; _double_epilogue &rArr; _double_round
</UL>
<BR>[Calls]<UL><LI><a href="#[4c]">&gt;&gt;</a>&nbsp;&nbsp;&nbsp;__aeabi_dmul
<LI><a href="#[4b]">&gt;&gt;</a>&nbsp;&nbsp;&nbsp;__aeabi_drsub
<LI><a href="#[4e]">&gt;&gt;</a>&nbsp;&nbsp;&nbsp;__aeabi_i2d
<LI><a href="#[4a]">&gt;&gt;</a>&nbsp;&nbsp;&nbsp;__aeabi_dsub
<LI><a href="#[4d]">&gt;&gt;</a>&nbsp;&nbsp;&nbsp;__aeabi_ddiv
<LI><a href="#[45]">&gt;&gt;</a>&nbsp;&nbsp;&nbsp;__aeabi_dadd
<LI><a href="#[7c]">&gt;&gt;</a>&nbsp;&nbsp;&nbsp;__aeabi_cdrcmple
<LI><a href="#[8d]">&gt;&gt;</a>&nbsp;&nbsp;&nbsp;sqrt
<LI><a href="#[90]">&gt;&gt;</a>&nbsp;&nbsp;&nbsp;__ARM_scalbn
<LI><a href="#[8e]">&gt;&gt;</a>&nbsp;&nbsp;&nbsp;fabs
<LI><a href="#[7e]">&gt;&gt;</a>&nbsp;&nbsp;&nbsp;__set_errno
<LI><a href="#[87]">&gt;&gt;</a>&nbsp;&nbsp;&nbsp;__kernel_poly
<LI><a href="#[91]">&gt;&gt;</a>&nbsp;&nbsp;&nbsp;__ARM_fpclassify
<LI><a href="#[8f]">&gt;&gt;</a>&nbsp;&nbsp;&nbsp;__mathlib_dbl_underflow
<LI><a href="#[8c]">&gt;&gt;</a>&nbsp;&nbsp;&nbsp;__mathlib_dbl_overflow
<LI><a href="#[7f]">&gt;&gt;</a>&nbsp;&nbsp;&nbsp;__mathlib_dbl_invalid
<LI><a href="#[8b]">&gt;&gt;</a>&nbsp;&nbsp;&nbsp;__mathlib_dbl_infnan2
<LI><a href="#[85]">&gt;&gt;</a>&nbsp;&nbsp;&nbsp;__mathlib_dbl_divzero
</UL>
<BR>[Called By]<UL><LI><a href="#[a5]">&gt;&gt;</a>&nbsp;&nbsp;&nbsp;bluestein_fft
<LI><a href="#[bd]">&gt;&gt;</a>&nbsp;&nbsp;&nbsp;fft_init
</UL>

<P><STRONG><a name="[92]"></a>__hardfp_sin</STRONG> (Thumb, 180 bytes, Stack size 32 bytes, sin.o(i.__hardfp_sin))
<BR><BR>[Stack]<UL><LI>Max Depth = 240<LI>Call Chain = __hardfp_sin &rArr; __ieee754_rem_pio2 &rArr; __aeabi_dmul &rArr; _double_epilogue &rArr; _double_round
</UL>
<BR>[Calls]<UL><LI><a href="#[7e]">&gt;&gt;</a>&nbsp;&nbsp;&nbsp;__set_errno
<LI><a href="#[82]">&gt;&gt;</a>&nbsp;&nbsp;&nbsp;__kernel_sin
<LI><a href="#[81]">&gt;&gt;</a>&nbsp;&nbsp;&nbsp;__ieee754_rem_pio2
<LI><a href="#[7f]">&gt;&gt;</a>&nbsp;&nbsp;&nbsp;__mathlib_dbl_invalid
<LI><a href="#[80]">&gt;&gt;</a>&nbsp;&nbsp;&nbsp;__mathlib_dbl_infnan
<LI><a href="#[83]">&gt;&gt;</a>&nbsp;&nbsp;&nbsp;__kernel_cos
</UL>
<BR>[Called By]<UL><LI><a href="#[c0]">&gt;&gt;</a>&nbsp;&nbsp;&nbsp;longvectorN
<LI><a href="#[bc]">&gt;&gt;</a>&nbsp;&nbsp;&nbsp;mixed_radix_dit_rec
<LI><a href="#[a4]">&gt;&gt;</a>&nbsp;&nbsp;&nbsp;bluestein_exp
<LI><a href="#[b0]">&gt;&gt;</a>&nbsp;&nbsp;&nbsp;fft_real_init
</UL>

<P><STRONG><a name="[81]"></a>__ieee754_rem_pio2</STRONG> (Thumb, 938 bytes, Stack size 120 bytes, rred.o(i.__ieee754_rem_pio2))
<BR><BR>[Stack]<UL><LI>Max Depth = 208<LI>Call Chain = __ieee754_rem_pio2 &rArr; __aeabi_dmul &rArr; _double_epilogue &rArr; _double_round
</UL>
<BR>[Calls]<UL><LI><a href="#[4c]">&gt;&gt;</a>&nbsp;&nbsp;&nbsp;__aeabi_dmul
<LI><a href="#[4b]">&gt;&gt;</a>&nbsp;&nbsp;&nbsp;__aeabi_drsub
<LI><a href="#[4e]">&gt;&gt;</a>&nbsp;&nbsp;&nbsp;__aeabi_i2d
<LI><a href="#[4a]">&gt;&gt;</a>&nbsp;&nbsp;&nbsp;__aeabi_dsub
<LI><a href="#[45]">&gt;&gt;</a>&nbsp;&nbsp;&nbsp;__aeabi_dadd
<LI><a href="#[4f]">&gt;&gt;</a>&nbsp;&nbsp;&nbsp;__aeabi_d2iz
<LI><a href="#[8e]">&gt;&gt;</a>&nbsp;&nbsp;&nbsp;fabs
<LI><a href="#[5a]">&gt;&gt;</a>&nbsp;&nbsp;&nbsp;__aeabi_ui2d
</UL>
<BR>[Called By]<UL><LI><a href="#[92]">&gt;&gt;</a>&nbsp;&nbsp;&nbsp;__hardfp_sin
<LI><a href="#[7d]">&gt;&gt;</a>&nbsp;&nbsp;&nbsp;__hardfp_cos
</UL>

<P><STRONG><a name="[83]"></a>__kernel_cos</STRONG> (Thumb, 322 bytes, Stack size 64 bytes, cos_i.o(i.__kernel_cos))
<BR><BR>[Stack]<UL><LI>Max Depth = 176<LI>Call Chain = __kernel_cos &rArr; __kernel_poly &rArr; __aeabi_dmul &rArr; _double_epilogue &rArr; _double_round
</UL>
<BR>[Calls]<UL><LI><a href="#[4c]">&gt;&gt;</a>&nbsp;&nbsp;&nbsp;__aeabi_dmul
<LI><a href="#[4b]">&gt;&gt;</a>&nbsp;&nbsp;&nbsp;__aeabi_drsub
<LI><a href="#[4a]">&gt;&gt;</a>&nbsp;&nbsp;&nbsp;__aeabi_dsub
<LI><a href="#[4f]">&gt;&gt;</a>&nbsp;&nbsp;&nbsp;__aeabi_d2iz
<LI><a href="#[87]">&gt;&gt;</a>&nbsp;&nbsp;&nbsp;__kernel_poly
</UL>
<BR>[Called By]<UL><LI><a href="#[92]">&gt;&gt;</a>&nbsp;&nbsp;&nbsp;__hardfp_sin
<LI><a href="#[7d]">&gt;&gt;</a>&nbsp;&nbsp;&nbsp;__hardfp_cos
</UL>

<P><STRONG><a name="[87]"></a>__kernel_poly</STRONG> (Thumb, 248 bytes, Stack size 24 bytes, poly.o(i.__kernel_poly))
<BR><BR>[Stack]<UL><LI>Max Depth = 112<LI>Call Chain = __kernel_poly &rArr; __aeabi_dmul &rArr; _double_epilogue &rArr; _double_round
</UL>
<BR>[Calls]<UL><LI><a href="#[4c]">&gt;&gt;</a>&nbsp;&nbsp;&nbsp;__aeabi_dmul
<LI><a href="#[45]">&gt;&gt;</a>&nbsp;&nbsp;&nbsp;__aeabi_dadd
</UL>
<BR>[Called By]<UL><LI><a href="#[8a]">&gt;&gt;</a>&nbsp;&nbsp;&nbsp;__hardfp_pow
<LI><a href="#[84]">&gt;&gt;</a>&nbsp;&nbsp;&nbsp;__hardfp_log
<LI><a href="#[82]">&gt;&gt;</a>&nbsp;&nbsp;&nbsp;__kernel_sin
<LI><a href="#[83]">&gt;&gt;</a>&nbsp;&nbsp;&nbsp;__kernel_cos
</UL>

<P><STRONG><a name="[82]"></a>__kernel_sin</STRONG> (Thumb, 280 bytes, Stack size 72 bytes, sin_i.o(i.__kernel_sin))
<BR><BR>[Stack]<UL><LI>Max Depth = 184<LI>Call Chain = __kernel_sin &rArr; __kernel_poly &rArr; __aeabi_dmul &rArr; _double_epilogue &rArr; _double_round
</UL>
<BR>[Calls]<UL><LI><a href="#[4c]">&gt;&gt;</a>&nbsp;&nbsp;&nbsp;__aeabi_dmul
<LI><a href="#[4b]">&gt;&gt;</a>&nbsp;&nbsp;&nbsp;__aeabi_drsub
<LI><a href="#[4a]">&gt;&gt;</a>&nbsp;&nbsp;&nbsp;__aeabi_dsub
<LI><a href="#[45]">&gt;&gt;</a>&nbsp;&nbsp;&nbsp;__aeabi_dadd
<LI><a href="#[87]">&gt;&gt;</a>&nbsp;&nbsp;&nbsp;__kernel_poly
<LI><a href="#[91]">&gt;&gt;</a>&nbsp;&nbsp;&nbsp;__ARM_fpclassify
<LI><a href="#[8f]">&gt;&gt;</a>&nbsp;&nbsp;&nbsp;__mathlib_dbl_underflow
</UL>
<BR>[Called By]<UL><LI><a href="#[92]">&gt;&gt;</a>&nbsp;&nbsp;&nbsp;__hardfp_sin
<LI><a href="#[7d]">&gt;&gt;</a>&nbsp;&nbsp;&nbsp;__hardfp_cos
</UL>

<P><STRONG><a name="[85]"></a>__mathlib_dbl_divzero</STRONG> (Thumb, 28 bytes, Stack size 8 bytes, dunder.o(i.__mathlib_dbl_divzero))
<BR><BR>[Stack]<UL><LI>Max Depth = 48<LI>Call Chain = __mathlib_dbl_divzero &rArr; __aeabi_ddiv &rArr; _double_round
</UL>
<BR>[Calls]<UL><LI><a href="#[4d]">&gt;&gt;</a>&nbsp;&nbsp;&nbsp;__aeabi_ddiv
</UL>
<BR>[Called By]<UL><LI><a href="#[8a]">&gt;&gt;</a>&nbsp;&nbsp;&nbsp;__hardfp_pow
<LI><a href="#[88]">&gt;&gt;</a>&nbsp;&nbsp;&nbsp;__hardfp_log10
<LI><a href="#[84]">&gt;&gt;</a>&nbsp;&nbsp;&nbsp;__hardfp_log
</UL>

<P><STRONG><a name="[80]"></a>__mathlib_dbl_infnan</STRONG> (Thumb, 20 bytes, Stack size 8 bytes, dunder.o(i.__mathlib_dbl_infnan))
<BR><BR>[Stack]<UL><LI>Max Depth = 96<LI>Call Chain = __mathlib_dbl_infnan &rArr; __aeabi_dadd &rArr; _double_epilogue &rArr; _double_round
</UL>
<BR>[Calls]<UL><LI><a href="#[45]">&gt;&gt;</a>&nbsp;&nbsp;&nbsp;__aeabi_dadd
</UL>
<BR>[Called By]<UL><LI><a href="#[92]">&gt;&gt;</a>&nbsp;&nbsp;&nbsp;__hardfp_sin
<LI><a href="#[88]">&gt;&gt;</a>&nbsp;&nbsp;&nbsp;__hardfp_log10
<LI><a href="#[84]">&gt;&gt;</a>&nbsp;&nbsp;&nbsp;__hardfp_log
<LI><a href="#[7d]">&gt;&gt;</a>&nbsp;&nbsp;&nbsp;__hardfp_cos
</UL>

<P><STRONG><a name="[8b]"></a>__mathlib_dbl_infnan2</STRONG> (Thumb, 20 bytes, Stack size 8 bytes, dunder.o(i.__mathlib_dbl_infnan2))
<BR><BR>[Stack]<UL><LI>Max Depth = 96<LI>Call Chain = __mathlib_dbl_infnan2 &rArr; __aeabi_dadd &rArr; _double_epilogue &rArr; _double_round
</UL>
<BR>[Calls]<UL><LI><a href="#[45]">&gt;&gt;</a>&nbsp;&nbsp;&nbsp;__aeabi_dadd
</UL>
<BR>[Called By]<UL><LI><a href="#[8a]">&gt;&gt;</a>&nbsp;&nbsp;&nbsp;__hardfp_pow
</UL>

<P><STRONG><a name="[7f]"></a>__mathlib_dbl_invalid</STRONG> (Thumb, 24 bytes, Stack size 8 bytes, dunder.o(i.__mathlib_dbl_invalid))
<BR><BR>[Stack]<UL><LI>Max Depth = 48<LI>Call Chain = __mathlib_dbl_invalid &rArr; __aeabi_ddiv &rArr; _double_round
</UL>
<BR>[Calls]<UL><LI><a href="#[4d]">&gt;&gt;</a>&nbsp;&nbsp;&nbsp;__aeabi_ddiv
</UL>
<BR>[Called By]<UL><LI><a href="#[92]">&gt;&gt;</a>&nbsp;&nbsp;&nbsp;__hardfp_sin
<LI><a href="#[8a]">&gt;&gt;</a>&nbsp;&nbsp;&nbsp;__hardfp_pow
<LI><a href="#[88]">&gt;&gt;</a>&nbsp;&nbsp;&nbsp;__hardfp_log10
<LI><a href="#[84]">&gt;&gt;</a>&nbsp;&nbsp;&nbsp;__hardfp_log
<LI><a href="#[7d]">&gt;&gt;</a>&nbsp;&nbsp;&nbsp;__hardfp_cos
</UL>

<P><STRONG><a name="[8c]"></a>__mathlib_dbl_overflow</STRONG> (Thumb, 24 bytes, Stack size 8 bytes, dunder.o(i.__mathlib_dbl_overflow))
<BR><BR>[Stack]<UL><LI>Max Depth = 96<LI>Call Chain = __mathlib_dbl_overflow &rArr; __aeabi_dmul &rArr; _double_epilogue &rArr; _double_round
</UL>
<BR>[Calls]<UL><LI><a href="#[4c]">&gt;&gt;</a>&nbsp;&nbsp;&nbsp;__aeabi_dmul
</UL>
<BR>[Called By]<UL><LI><a href="#[8a]">&gt;&gt;</a>&nbsp;&nbsp;&nbsp;__hardfp_pow
</UL>

<P><STRONG><a name="[8f]"></a>__mathlib_dbl_underflow</STRONG> (Thumb, 24 bytes, Stack size 8 bytes, dunder.o(i.__mathlib_dbl_underflow))
<BR><BR>[Stack]<UL><LI>Max Depth = 96<LI>Call Chain = __mathlib_dbl_underflow &rArr; __aeabi_dmul &rArr; _double_epilogue &rArr; _double_round
</UL>
<BR>[Calls]<UL><LI><a href="#[4c]">&gt;&gt;</a>&nbsp;&nbsp;&nbsp;__aeabi_dmul
</UL>
<BR>[Called By]<UL><LI><a href="#[8a]">&gt;&gt;</a>&nbsp;&nbsp;&nbsp;__hardfp_pow
<LI><a href="#[82]">&gt;&gt;</a>&nbsp;&nbsp;&nbsp;__kernel_sin
</UL>

<P><STRONG><a name="[119]"></a>__scatterload_copy</STRONG> (Thumb, 14 bytes, Stack size unknown bytes, handlers.o(i.__scatterload_copy), UNUSED)

<P><STRONG><a name="[11a]"></a>__scatterload_null</STRONG> (Thumb, 2 bytes, Stack size unknown bytes, handlers.o(i.__scatterload_null), UNUSED)

<P><STRONG><a name="[11b]"></a>__scatterload_zeroinit</STRONG> (Thumb, 14 bytes, Stack size unknown bytes, handlers.o(i.__scatterload_zeroinit), UNUSED)

<P><STRONG><a name="[7e]"></a>__set_errno</STRONG> (Thumb, 6 bytes, Stack size 0 bytes, errno.o(i.__set_errno))
<BR><BR>[Called By]<UL><LI><a href="#[8d]">&gt;&gt;</a>&nbsp;&nbsp;&nbsp;sqrt
<LI><a href="#[92]">&gt;&gt;</a>&nbsp;&nbsp;&nbsp;__hardfp_sin
<LI><a href="#[8a]">&gt;&gt;</a>&nbsp;&nbsp;&nbsp;__hardfp_pow
<LI><a href="#[88]">&gt;&gt;</a>&nbsp;&nbsp;&nbsp;__hardfp_log10
<LI><a href="#[84]">&gt;&gt;</a>&nbsp;&nbsp;&nbsp;__hardfp_log
<LI><a href="#[7d]">&gt;&gt;</a>&nbsp;&nbsp;&nbsp;__hardfp_cos
</UL>

<P><STRONG><a name="[97]"></a>ad8233_init</STRONG> (Thumb, 84 bytes, Stack size 24 bytes, ad8233.o(i.ad8233_init))
<BR><BR>[Stack]<UL><LI>Max Depth = 136<LI>Call Chain = ad8233_init &rArr; low_pass_filter_init &rArr; __aeabi_dmul &rArr; _double_epilogue &rArr; _double_round
</UL>
<BR>[Calls]<UL><LI><a href="#[9a]">&gt;&gt;</a>&nbsp;&nbsp;&nbsp;low_pass_filter_init
<LI><a href="#[9c]">&gt;&gt;</a>&nbsp;&nbsp;&nbsp;saadc_sampling_event_init
<LI><a href="#[9d]">&gt;&gt;</a>&nbsp;&nbsp;&nbsp;saadc_sampling_event_enable
<LI><a href="#[9b]">&gt;&gt;</a>&nbsp;&nbsp;&nbsp;saadc_init
<LI><a href="#[99]">&gt;&gt;</a>&nbsp;&nbsp;&nbsp;nrf_gpio_pin_write
<LI><a href="#[98]">&gt;&gt;</a>&nbsp;&nbsp;&nbsp;nrf_gpio_cfg_output
</UL>
<BR>[Called By]<UL><LI><a href="#[36]">&gt;&gt;</a>&nbsp;&nbsp;&nbsp;main
</UL>

<P><STRONG><a name="[9f]"></a>app_error_fault_handler</STRONG> (Thumb, 40 bytes, Stack size 0 bytes, app_error_weak.o(i.app_error_fault_handler))
<BR><BR>[Called By]<UL><LI><a href="#[9e]">&gt;&gt;</a>&nbsp;&nbsp;&nbsp;app_error_handler_bare
</UL>

<P><STRONG><a name="[9e]"></a>app_error_handler_bare</STRONG> (Thumb, 22 bytes, Stack size 16 bytes, app_error.o(i.app_error_handler_bare))
<BR><BR>[Stack]<UL><LI>Max Depth = 16<LI>Call Chain = app_error_handler_bare
</UL>
<BR>[Calls]<UL><LI><a href="#[9f]">&gt;&gt;</a>&nbsp;&nbsp;&nbsp;app_error_fault_handler
</UL>
<BR>[Called By]<UL><LI><a href="#[9c]">&gt;&gt;</a>&nbsp;&nbsp;&nbsp;saadc_sampling_event_init
<LI><a href="#[9d]">&gt;&gt;</a>&nbsp;&nbsp;&nbsp;saadc_sampling_event_enable
<LI><a href="#[9b]">&gt;&gt;</a>&nbsp;&nbsp;&nbsp;saadc_init
<LI><a href="#[3a]">&gt;&gt;</a>&nbsp;&nbsp;&nbsp;saadc_callback
</UL>

<P><STRONG><a name="[a0]"></a>app_util_critical_region_enter</STRONG> (Thumb, 4 bytes, Stack size 0 bytes, app_util_platform.o(i.app_util_critical_region_enter))
<BR><BR>[Calls]<UL><LI><a href="#[a1]">&gt;&gt;</a>&nbsp;&nbsp;&nbsp;app_util_disable_irq
</UL>
<BR>[Called By]<UL><LI><a href="#[d8]">&gt;&gt;</a>&nbsp;&nbsp;&nbsp;nrfx_ppi_channel_alloc
</UL>

<P><STRONG><a name="[a2]"></a>app_util_critical_region_exit</STRONG> (Thumb, 4 bytes, Stack size 0 bytes, app_util_platform.o(i.app_util_critical_region_exit))
<BR><BR>[Calls]<UL><LI><a href="#[a3]">&gt;&gt;</a>&nbsp;&nbsp;&nbsp;app_util_enable_irq
</UL>
<BR>[Called By]<UL><LI><a href="#[d8]">&gt;&gt;</a>&nbsp;&nbsp;&nbsp;nrfx_ppi_channel_alloc
</UL>

<P><STRONG><a name="[a1]"></a>app_util_disable_irq</STRONG> (Thumb, 12 bytes, Stack size 0 bytes, app_util_platform.o(i.app_util_disable_irq))
<BR><BR>[Called By]<UL><LI><a href="#[a0]">&gt;&gt;</a>&nbsp;&nbsp;&nbsp;app_util_critical_region_enter
</UL>

<P><STRONG><a name="[a3]"></a>app_util_enable_irq</STRONG> (Thumb, 14 bytes, Stack size 0 bytes, app_util_platform.o(i.app_util_enable_irq))
<BR><BR>[Called By]<UL><LI><a href="#[a2]">&gt;&gt;</a>&nbsp;&nbsp;&nbsp;app_util_critical_region_exit
</UL>

<P><STRONG><a name="[a9]"></a>conv_direct</STRONG> (Thumb, 480 bytes, Stack size 72 bytes, conv.o(i.conv_direct))
<BR><BR>[Stack]<UL><LI>Max Depth = 160<LI>Call Chain = conv_direct &rArr; __aeabi_dmul &rArr; _double_epilogue &rArr; _double_round
</UL>
<BR>[Calls]<UL><LI><a href="#[4c]">&gt;&gt;</a>&nbsp;&nbsp;&nbsp;__aeabi_dmul
<LI><a href="#[4e]">&gt;&gt;</a>&nbsp;&nbsp;&nbsp;__aeabi_i2d
<LI><a href="#[45]">&gt;&gt;</a>&nbsp;&nbsp;&nbsp;__aeabi_dadd
<LI><a href="#[7c]">&gt;&gt;</a>&nbsp;&nbsp;&nbsp;__aeabi_cdrcmple
<LI><a href="#[aa]">&gt;&gt;</a>&nbsp;&nbsp;&nbsp;__aeabi_cdcmple
</UL>
<BR>[Called By]<UL><LI><a href="#[b8]">&gt;&gt;</a>&nbsp;&nbsp;&nbsp;wconv
</UL>

<P><STRONG><a name="[ab]"></a>conv_fft</STRONG> (Thumb, 436 bytes, Stack size 80 bytes, conv.o(i.conv_fft))
<BR><BR>[Stack]<UL><LI>Max Depth = 816<LI>Call Chain = conv_fft &rArr; fft_r2c_exec &rArr; fft_exec &rArr; mixed_radix_dit_rec &rArr;  mixed_radix_dit_rec (Cycle)
</UL>
<BR>[Calls]<UL><LI><a href="#[4c]">&gt;&gt;</a>&nbsp;&nbsp;&nbsp;__aeabi_dmul
<LI><a href="#[ac]">&gt;&gt;</a>&nbsp;&nbsp;&nbsp;fft_r2c_exec
<LI><a href="#[ad]">&gt;&gt;</a>&nbsp;&nbsp;&nbsp;fft_c2r_exec
<LI><a href="#[4e]">&gt;&gt;</a>&nbsp;&nbsp;&nbsp;__aeabi_i2d
<LI><a href="#[4a]">&gt;&gt;</a>&nbsp;&nbsp;&nbsp;__aeabi_dsub
<LI><a href="#[4d]">&gt;&gt;</a>&nbsp;&nbsp;&nbsp;__aeabi_ddiv
<LI><a href="#[45]">&gt;&gt;</a>&nbsp;&nbsp;&nbsp;__aeabi_dadd
<LI><a href="#[a6]">&gt;&gt;</a>&nbsp;&nbsp;&nbsp;malloc
<LI><a href="#[a8]">&gt;&gt;</a>&nbsp;&nbsp;&nbsp;free
</UL>
<BR>[Called By]<UL><LI><a href="#[b8]">&gt;&gt;</a>&nbsp;&nbsp;&nbsp;wconv
</UL>

<P><STRONG><a name="[ae]"></a>conv_init</STRONG> (Thumb, 58 bytes, Stack size 24 bytes, conv.o(i.conv_init))
<BR><BR>[Stack]<UL><LI>Max Depth = 400<LI>Call Chain = conv_init &rArr; fft_real_init &rArr; fft_init &rArr; longvectorN &rArr; __hardfp_sin &rArr; __ieee754_rem_pio2 &rArr; __aeabi_dmul &rArr; _double_epilogue &rArr; _double_round
</UL>
<BR>[Calls]<UL><LI><a href="#[b0]">&gt;&gt;</a>&nbsp;&nbsp;&nbsp;fft_real_init
<LI><a href="#[af]">&gt;&gt;</a>&nbsp;&nbsp;&nbsp;findnexte
<LI><a href="#[a6]">&gt;&gt;</a>&nbsp;&nbsp;&nbsp;malloc
</UL>
<BR>[Called By]<UL><LI><a href="#[cc]">&gt;&gt;</a>&nbsp;&nbsp;&nbsp;idwt
<LI><a href="#[b8]">&gt;&gt;</a>&nbsp;&nbsp;&nbsp;wconv
<LI><a href="#[cd]">&gt;&gt;</a>&nbsp;&nbsp;&nbsp;idwt1
<LI><a href="#[b5]">&gt;&gt;</a>&nbsp;&nbsp;&nbsp;dwt1
</UL>

<P><STRONG><a name="[c5]"></a>copy</STRONG> (Thumb, 32 bytes, Stack size 8 bytes, wavefilt.o(i.copy))
<BR><BR>[Stack]<UL><LI>Max Depth = 8<LI>Call Chain = copy
</UL>
<BR>[Called By]<UL><LI><a href="#[c1]">&gt;&gt;</a>&nbsp;&nbsp;&nbsp;filtcoef
</UL>

<P><STRONG><a name="[c3]"></a>copy_reverse</STRONG> (Thumb, 32 bytes, Stack size 8 bytes, wavefilt.o(i.copy_reverse))
<BR><BR>[Stack]<UL><LI>Max Depth = 8<LI>Call Chain = copy_reverse
</UL>
<BR>[Called By]<UL><LI><a href="#[c4]">&gt;&gt;</a>&nbsp;&nbsp;&nbsp;qmf_wrev
<LI><a href="#[c1]">&gt;&gt;</a>&nbsp;&nbsp;&nbsp;filtcoef
</UL>

<P><STRONG><a name="[be]"></a>dividebyN</STRONG> (Thumb, 360 bytes, Stack size 36 bytes, hsfft.o(i.dividebyN))
<BR><BR>[Stack]<UL><LI>Max Depth = 36<LI>Call Chain = dividebyN
</UL>
<BR>[Called By]<UL><LI><a href="#[bd]">&gt;&gt;</a>&nbsp;&nbsp;&nbsp;fft_init
</UL>

<P><STRONG><a name="[b9]"></a>downsamp</STRONG> (Thumb, 92 bytes, Stack size 12 bytes, wtmath.o(i.downsamp))
<BR><BR>[Stack]<UL><LI>Max Depth = 12<LI>Call Chain = downsamp
</UL>
<BR>[Called By]<UL><LI><a href="#[b5]">&gt;&gt;</a>&nbsp;&nbsp;&nbsp;dwt1
</UL>

<P><STRONG><a name="[b1]"></a>dwt</STRONG> (Thumb, 702 bytes, Stack size 1136 bytes, wavelib.o(i.dwt))
<BR><BR>[Stack]<UL><LI>Max Depth = 2056<LI>Call Chain = dwt &rArr; dwt1 &rArr; wconv &rArr; conv_fft &rArr; fft_r2c_exec &rArr; fft_exec &rArr; mixed_radix_dit_rec &rArr;  mixed_radix_dit_rec (Cycle)
</UL>
<BR>[Calls]<UL><LI><a href="#[b5]">&gt;&gt;</a>&nbsp;&nbsp;&nbsp;dwt1
<LI><a href="#[4c]">&gt;&gt;</a>&nbsp;&nbsp;&nbsp;__aeabi_dmul
<LI><a href="#[b6]">&gt;&gt;</a>&nbsp;&nbsp;&nbsp;dwt_sym_stride
<LI><a href="#[b4]">&gt;&gt;</a>&nbsp;&nbsp;&nbsp;dwt_per_stride
<LI><a href="#[4e]">&gt;&gt;</a>&nbsp;&nbsp;&nbsp;__aeabi_i2d
<LI><a href="#[4f]">&gt;&gt;</a>&nbsp;&nbsp;&nbsp;__aeabi_d2iz
<LI><a href="#[b2]">&gt;&gt;</a>&nbsp;&nbsp;&nbsp;strcmp
<LI><a href="#[7b]">&gt;&gt;</a>&nbsp;&nbsp;&nbsp;__hardfp_ceil
<LI><a href="#[a8]">&gt;&gt;</a>&nbsp;&nbsp;&nbsp;free
<LI><a href="#[b3]">&gt;&gt;</a>&nbsp;&nbsp;&nbsp;__2printf
</UL>
<BR>[Called By]<UL><LI><a href="#[3a]">&gt;&gt;</a>&nbsp;&nbsp;&nbsp;saadc_callback
</UL>

<P><STRONG><a name="[b4]"></a>dwt_per_stride</STRONG> (Thumb, 632 bytes, Stack size 64 bytes, wtmath.o(i.dwt_per_stride))
<BR><BR>[Stack]<UL><LI>Max Depth = 152<LI>Call Chain = dwt_per_stride &rArr; __aeabi_dmul &rArr; _double_epilogue &rArr; _double_round
</UL>
<BR>[Calls]<UL><LI><a href="#[4c]">&gt;&gt;</a>&nbsp;&nbsp;&nbsp;__aeabi_dmul
<LI><a href="#[45]">&gt;&gt;</a>&nbsp;&nbsp;&nbsp;__aeabi_dadd
</UL>
<BR>[Called By]<UL><LI><a href="#[b1]">&gt;&gt;</a>&nbsp;&nbsp;&nbsp;dwt
</UL>

<P><STRONG><a name="[b6]"></a>dwt_sym_stride</STRONG> (Thumb, 248 bytes, Stack size 56 bytes, wtmath.o(i.dwt_sym_stride))
<BR><BR>[Stack]<UL><LI>Max Depth = 144<LI>Call Chain = dwt_sym_stride &rArr; __aeabi_dmul &rArr; _double_epilogue &rArr; _double_round
</UL>
<BR>[Calls]<UL><LI><a href="#[4c]">&gt;&gt;</a>&nbsp;&nbsp;&nbsp;__aeabi_dmul
<LI><a href="#[45]">&gt;&gt;</a>&nbsp;&nbsp;&nbsp;__aeabi_dadd
</UL>
<BR>[Called By]<UL><LI><a href="#[b1]">&gt;&gt;</a>&nbsp;&nbsp;&nbsp;dwt
</UL>

<P><STRONG><a name="[8e]"></a>fabs</STRONG> (Thumb, 24 bytes, Stack size 8 bytes, fabs.o(i.fabs))
<BR><BR>[Stack]<UL><LI>Max Depth = 8<LI>Call Chain = fabs
</UL>
<BR>[Called By]<UL><LI><a href="#[8a]">&gt;&gt;</a>&nbsp;&nbsp;&nbsp;__hardfp_pow
<LI><a href="#[81]">&gt;&gt;</a>&nbsp;&nbsp;&nbsp;__ieee754_rem_pio2
</UL>

<P><STRONG><a name="[c9]"></a>factorf</STRONG> (Thumb, 84 bytes, Stack size 8 bytes, conv.o(i.factorf))
<BR><BR>[Stack]<UL><LI>Max Depth = 8<LI>Call Chain = factorf
</UL>
<BR>[Called By]<UL><LI><a href="#[af]">&gt;&gt;</a>&nbsp;&nbsp;&nbsp;findnexte
</UL>

<P><STRONG><a name="[bf]"></a>factors</STRONG> (Thumb, 546 bytes, Stack size 36 bytes, hsfft.o(i.factors))
<BR><BR>[Stack]<UL><LI>Max Depth = 36<LI>Call Chain = factors
</UL>
<BR>[Called By]<UL><LI><a href="#[bd]">&gt;&gt;</a>&nbsp;&nbsp;&nbsp;fft_init
</UL>

<P><STRONG><a name="[ad]"></a>fft_c2r_exec</STRONG> (Thumb, 346 bytes, Stack size 104 bytes, real.o(i.fft_c2r_exec))
<BR><BR>[Stack]<UL><LI>Max Depth = 736<LI>Call Chain = fft_c2r_exec &rArr; fft_exec &rArr; mixed_radix_dit_rec &rArr;  mixed_radix_dit_rec (Cycle)
</UL>
<BR>[Calls]<UL><LI><a href="#[4c]">&gt;&gt;</a>&nbsp;&nbsp;&nbsp;__aeabi_dmul
<LI><a href="#[a7]">&gt;&gt;</a>&nbsp;&nbsp;&nbsp;fft_exec
<LI><a href="#[4a]">&gt;&gt;</a>&nbsp;&nbsp;&nbsp;__aeabi_dsub
<LI><a href="#[45]">&gt;&gt;</a>&nbsp;&nbsp;&nbsp;__aeabi_dadd
<LI><a href="#[a6]">&gt;&gt;</a>&nbsp;&nbsp;&nbsp;malloc
<LI><a href="#[a8]">&gt;&gt;</a>&nbsp;&nbsp;&nbsp;free
</UL>
<BR>[Called By]<UL><LI><a href="#[ab]">&gt;&gt;</a>&nbsp;&nbsp;&nbsp;conv_fft
</UL>

<P><STRONG><a name="[a7]"></a>fft_exec</STRONG> (Thumb, 58 bytes, Stack size 32 bytes, hsfft.o(i.fft_exec))
<BR><BR>[Stack]<UL><LI>Max Depth = 632<LI>Call Chain = fft_exec &rArr; mixed_radix_dit_rec &rArr;  mixed_radix_dit_rec (Cycle)
</UL>
<BR>[Calls]<UL><LI><a href="#[bc]">&gt;&gt;</a>&nbsp;&nbsp;&nbsp;mixed_radix_dit_rec
<LI><a href="#[a5]">&gt;&gt;</a>&nbsp;&nbsp;&nbsp;bluestein_fft
</UL>
<BR>[Called By]<UL><LI><a href="#[a5]">&gt;&gt;</a>&nbsp;&nbsp;&nbsp;bluestein_fft
<LI><a href="#[ac]">&gt;&gt;</a>&nbsp;&nbsp;&nbsp;fft_r2c_exec
<LI><a href="#[ad]">&gt;&gt;</a>&nbsp;&nbsp;&nbsp;fft_c2r_exec
</UL>

<P><STRONG><a name="[bd]"></a>fft_init</STRONG> (Thumb, 264 bytes, Stack size 40 bytes, hsfft.o(i.fft_init))
<BR><BR>[Stack]<UL><LI>Max Depth = 344<LI>Call Chain = fft_init &rArr; longvectorN &rArr; __hardfp_sin &rArr; __ieee754_rem_pio2 &rArr; __aeabi_dmul &rArr; _double_epilogue &rArr; _double_round
</UL>
<BR>[Calls]<UL><LI><a href="#[c0]">&gt;&gt;</a>&nbsp;&nbsp;&nbsp;longvectorN
<LI><a href="#[bf]">&gt;&gt;</a>&nbsp;&nbsp;&nbsp;factors
<LI><a href="#[be]">&gt;&gt;</a>&nbsp;&nbsp;&nbsp;dividebyN
<LI><a href="#[4e]">&gt;&gt;</a>&nbsp;&nbsp;&nbsp;__aeabi_i2d
[...]
<BR><BR>[Stack]<UL><LI>Max Depth = 8<LI>Call Chain = wt_free &rArr; free
</UL>
<BR>[Calls]<UL><LI><a href="#[a8]">&gt;&gt;</a>&nbsp;&nbsp;&nbsp;free
</UL>
<BR>[Called By]<UL><LI><a href="#[3a]">&gt;&gt;</a>&nbsp;&nbsp;&nbsp;saadc_callback
</UL>

<P><STRONG><a name="[ea]"></a>wt_init</STRONG> (Thumb, 466 bytes, Stack size 64 bytes, wavelib.o(i.wt_init))
<BR><BR>[Stack]<UL><LI>Max Depth = 296<LI>Call Chain = wt_init &rArr; wmaxiter &rArr; __hardfp_log &rArr; __kernel_poly &rArr; __aeabi_dmul &rArr; _double_epilogue &rArr; _double_round
</UL>
<BR>[Calls]<UL><LI><a href="#[f8]">&gt;&gt;</a>&nbsp;&nbsp;&nbsp;wmaxiter
<LI><a href="#[f9]">&gt;&gt;</a>&nbsp;&nbsp;&nbsp;testSWTlength
<LI><a href="#[f2]">&gt;&gt;</a>&nbsp;&nbsp;&nbsp;strcpy
<LI><a href="#[b2]">&gt;&gt;</a>&nbsp;&nbsp;&nbsp;strcmp
<LI><a href="#[c8]">&gt;&gt;</a>&nbsp;&nbsp;&nbsp;strstr
<LI><a href="#[a6]">&gt;&gt;</a>&nbsp;&nbsp;&nbsp;malloc
<LI><a href="#[b3]">&gt;&gt;</a>&nbsp;&nbsp;&nbsp;__2printf
</UL>
<BR>[Called By]<UL><LI><a href="#[3a]">&gt;&gt;</a>&nbsp;&nbsp;&nbsp;saadc_callback
</UL>

<P><STRONG><a name="[71]"></a>xTaskGetSchedulerState</STRONG> (Thumb, 22 bytes, Stack size 0 bytes, tasks.o(i.xTaskGetSchedulerState))
<BR><BR>[Called By]<UL><LI><a href="#[1c]">&gt;&gt;</a>&nbsp;&nbsp;&nbsp;RTC1_IRQHandler
</UL>

<P><STRONG><a name="[70]"></a>xTaskGetTickCount</STRONG> (Thumb, 6 bytes, Stack size 0 bytes, tasks.o(i.xTaskGetTickCount))
<BR><BR>[Called By]<UL><LI><a href="#[1c]">&gt;&gt;</a>&nbsp;&nbsp;&nbsp;RTC1_IRQHandler
</UL>

<P><STRONG><a name="[72]"></a>xTaskIncrementTick</STRONG> (Thumb, 150 bytes, Stack size 24 bytes, tasks.o(i.xTaskIncrementTick))
<BR><BR>[Stack]<UL><LI>Max Depth = 24<LI>Call Chain = xTaskIncrementTick
</UL>
<BR>[Calls]<UL><LI><a href="#[fa]">&gt;&gt;</a>&nbsp;&nbsp;&nbsp;prvResetNextTaskUnblockTime
<LI><a href="#[fc]">&gt;&gt;</a>&nbsp;&nbsp;&nbsp;vListInsertEnd
<LI><a href="#[fb]">&gt;&gt;</a>&nbsp;&nbsp;&nbsp;uxListRemove
</UL>
<BR>[Called By]<UL><LI><a href="#[1c]">&gt;&gt;</a>&nbsp;&nbsp;&nbsp;RTC1_IRQHandler
</UL>
<P>
<H3>
Local Symbols
</H3>
<P><STRONG><a name="[6f]"></a>nrf_rtc_event_clear</STRONG> (Thumb, 12 bytes, Stack size 8 bytes, port_cmsis_systick.o(i.nrf_rtc_event_clear))
<BR><BR>[Stack]<UL><LI>Max Depth = 8<LI>Call Chain = nrf_rtc_event_clear
</UL>
<BR>[Called By]<UL><LI><a href="#[1c]">&gt;&gt;</a>&nbsp;&nbsp;&nbsp;RTC1_IRQHandler
</UL>

<P><STRONG><a name="[fa]"></a>prvResetNextTaskUnblockTime</STRONG> (Thumb, 26 bytes, Stack size 0 bytes, tasks.o(i.prvResetNextTaskUnblockTime))
<BR><BR>[Called By]<UL><LI><a href="#[72]">&gt;&gt;</a>&nbsp;&nbsp;&nbsp;xTaskIncrementTick
</UL>

<P><STRONG><a name="[5f]"></a>nrf_clock_event_check</STRONG> (Thumb, 14 bytes, Stack size 0 bytes, nrfx_clock.o(i.nrf_clock_event_check))
<BR><BR>[Called By]<UL><LI><a href="#[b]">&gt;&gt;</a>&nbsp;&nbsp;&nbsp;POWER_CLOCK_IRQHandler
</UL>

<P><STRONG><a name="[60]"></a>nrf_clock_event_clear</STRONG> (Thumb, 16 bytes, Stack size 8 bytes, nrfx_clock.o(i.nrf_clock_event_clear))
<BR><BR>[Stack]<UL><LI>Max Depth = 8<LI>Call Chain = nrf_clock_event_clear
</UL>
<BR>[Called By]<UL><LI><a href="#[b]">&gt;&gt;</a>&nbsp;&nbsp;&nbsp;POWER_CLOCK_IRQHandler
</UL>

<P><STRONG><a name="[e6]"></a>channel_port_get</STRONG> (Thumb, 10 bytes, Stack size 0 bytes, nrfx_gpiote.o(i.channel_port_get))
<BR><BR>[Called By]<UL><LI><a href="#[5e]">&gt;&gt;</a>&nbsp;&nbsp;&nbsp;port_event_handle
</UL>

<P><STRONG><a name="[e4]"></a>nrf_bitmask_bit_is_set</STRONG> (Thumb, 16 bytes, Stack size 0 bytes, nrfx_gpiote.o(i.nrf_bitmask_bit_is_set))
<BR><BR>[Called By]<UL><LI><a href="#[5e]">&gt;&gt;</a>&nbsp;&nbsp;&nbsp;port_event_handle
</UL>

<P><STRONG><a name="[d6]"></a>nrf_gpio_cfg_sense_set</STRONG> (Thumb, 48 bytes, Stack size 16 bytes, nrfx_gpiote.o(i.nrf_gpio_cfg_sense_set))
<BR><BR>[Stack]<UL><LI>Max Depth = 16<LI>Call Chain = nrf_gpio_cfg_sense_set
</UL>
<BR>[Calls]<UL><LI><a href="#[d7]">&gt;&gt;</a>&nbsp;&nbsp;&nbsp;nrf_gpio_pin_port_decode
</UL>
<BR>[Called By]<UL><LI><a href="#[5e]">&gt;&gt;</a>&nbsp;&nbsp;&nbsp;port_event_handle
</UL>

<P><STRONG><a name="[5d]"></a>nrf_gpio_latches_read_and_clear</STRONG> (Thumb, 42 bytes, Stack size 20 bytes, nrfx_gpiote.o(i.nrf_gpio_latches_read_and_clear))
<BR><BR>[Stack]<UL><LI>Max Depth = 20<LI>Call Chain = nrf_gpio_latches_read_and_clear
</UL>
<BR>[Called By]<UL><LI><a href="#[11]">&gt;&gt;</a>&nbsp;&nbsp;&nbsp;GPIOTE_IRQHandler
<LI><a href="#[5e]">&gt;&gt;</a>&nbsp;&nbsp;&nbsp;port_event_handle
</UL>

<P><STRONG><a name="[d7]"></a>nrf_gpio_pin_port_decode</STRONG> (Thumb, 22 bytes, Stack size 0 bytes, nrfx_gpiote.o(i.nrf_gpio_pin_port_decode))
<BR><BR>[Called By]<UL><LI><a href="#[5e]">&gt;&gt;</a>&nbsp;&nbsp;&nbsp;port_event_handle
<LI><a href="#[d6]">&gt;&gt;</a>&nbsp;&nbsp;&nbsp;nrf_gpio_cfg_sense_set
</UL>

<P><STRONG><a name="[5c]"></a>nrf_gpiote_event_clear</STRONG> (Thumb, 16 bytes, Stack size 8 bytes, nrfx_gpiote.o(i.nrf_gpiote_event_clear))
<BR><BR>[Stack]<UL><LI>Max Depth = 8<LI>Call Chain = nrf_gpiote_event_clear
</UL>
<BR>[Called By]<UL><LI><a href="#[11]">&gt;&gt;</a>&nbsp;&nbsp;&nbsp;GPIOTE_IRQHandler
</UL>

<P><STRONG><a name="[5b]"></a>nrf_gpiote_event_is_set</STRONG> (Thumb, 12 bytes, Stack size 0 bytes, nrfx_gpiote.o(i.nrf_gpiote_event_is_set))
<BR><BR>[Called By]<UL><LI><a href="#[11]">&gt;&gt;</a>&nbsp;&nbsp;&nbsp;GPIOTE_IRQHandler
</UL>

<P><STRONG><a name="[5e]"></a>port_event_handle</STRONG> (Thumb, 202 bytes, Stack size 40 bytes, nrfx_gpiote.o(i.port_event_handle))
<BR><BR>[Stack]<UL><LI>Max Depth = 60<LI>Call Chain = port_event_handle &rArr; nrf_gpio_latches_read_and_clear
</UL>
<BR>[Calls]<UL><LI><a href="#[e5]">&gt;&gt;</a>&nbsp;&nbsp;&nbsp;port_handler_polarity_get
<LI><a href="#[d7]">&gt;&gt;</a>&nbsp;&nbsp;&nbsp;nrf_gpio_pin_port_decode
<LI><a href="#[5d]">&gt;&gt;</a>&nbsp;&nbsp;&nbsp;nrf_gpio_latches_read_and_clear
<LI><a href="#[d6]">&gt;&gt;</a>&nbsp;&nbsp;&nbsp;nrf_gpio_cfg_sense_set
<LI><a href="#[e4]">&gt;&gt;</a>&nbsp;&nbsp;&nbsp;nrf_bitmask_bit_is_set
<LI><a href="#[e6]">&gt;&gt;</a>&nbsp;&nbsp;&nbsp;channel_port_get
</UL>
<BR>[Called By]<UL><LI><a href="#[11]">&gt;&gt;</a>&nbsp;&nbsp;&nbsp;GPIOTE_IRQHandler
</UL>

<P><STRONG><a name="[e5]"></a>port_handler_polarity_get</STRONG> (Thumb, 12 bytes, Stack size 0 bytes, nrfx_gpiote.o(i.port_handler_polarity_get))
<BR><BR>[Called By]<UL><LI><a href="#[5e]">&gt;&gt;</a>&nbsp;&nbsp;&nbsp;port_event_handle
</UL>

<P><STRONG><a name="[75]"></a>nrf_saadc_buffer_init</STRONG> (Thumb, 10 bytes, Stack size 0 bytes, nrfx_saadc.o(i.nrf_saadc_buffer_init))
<BR><BR>[Called By]<UL><LI><a href="#[dd]">&gt;&gt;</a>&nbsp;&nbsp;&nbsp;nrfx_saadc_buffer_convert
<LI><a href="#[12]">&gt;&gt;</a>&nbsp;&nbsp;&nbsp;SAADC_IRQHandler
</UL>

<P><STRONG><a name="[df]"></a>nrf_saadc_channel_input_set</STRONG> (Thumb, 16 bytes, Stack size 0 bytes, nrfx_saadc.o(i.nrf_saadc_channel_input_set))
<BR><BR>[Called By]<UL><LI><a href="#[de]">&gt;&gt;</a>&nbsp;&nbsp;&nbsp;nrfx_saadc_channel_init
</UL>

<P><STRONG><a name="[73]"></a>nrf_saadc_event_check</STRONG> (Thumb, 12 bytes, Stack size 0 bytes, nrfx_saadc.o(i.nrf_saadc_event_check))
<BR><BR>[Called By]<UL><LI><a href="#[dd]">&gt;&gt;</a>&nbsp;&nbsp;&nbsp;nrfx_saadc_buffer_convert
<LI><a href="#[12]">&gt;&gt;</a>&nbsp;&nbsp;&nbsp;SAADC_IRQHandler
</UL>

<P><STRONG><a name="[74]"></a>nrf_saadc_event_clear</STRONG> (Thumb, 16 bytes, Stack size 8 bytes, nrfx_saadc.o(i.nrf_saadc_event_clear))
<BR><BR>[Stack]<UL><LI>Max Depth = 8<LI>Call Chain = nrf_saadc_event_clear
</UL>
<BR>[Called By]<UL><LI><a href="#[e0]">&gt;&gt;</a>&nbsp;&nbsp;&nbsp;nrfx_saadc_init
<LI><a href="#[dd]">&gt;&gt;</a>&nbsp;&nbsp;&nbsp;nrfx_saadc_buffer_convert
<LI><a href="#[12]">&gt;&gt;</a>&nbsp;&nbsp;&nbsp;SAADC_IRQHandler
</UL>

<P><STRONG><a name="[78]"></a>irq_handler</STRONG> (Thumb, 70 bytes, Stack size 24 bytes, nrfx_timer.o(i.irq_handler))
<BR><BR>[Stack]<UL><LI>Max Depth = 32<LI>Call Chain = irq_handler &rArr; nrf_timer_event_clear
</UL>
<BR>[Calls]<UL><LI><a href="#[d2]">&gt;&gt;</a>&nbsp;&nbsp;&nbsp;nrf_timer_event_clear
</UL>
<BR>[Called By]<UL><LI><a href="#[26]">&gt;&gt;</a>&nbsp;&nbsp;&nbsp;TIMER4_IRQHandler
<LI><a href="#[25]">&gt;&gt;</a>&nbsp;&nbsp;&nbsp;TIMER3_IRQHandler
<LI><a href="#[15]">&gt;&gt;</a>&nbsp;&nbsp;&nbsp;TIMER2_IRQHandler
<LI><a href="#[14]">&gt;&gt;</a>&nbsp;&nbsp;&nbsp;TIMER1_IRQHandler
<LI><a href="#[13]">&gt;&gt;</a>&nbsp;&nbsp;&nbsp;TIMER0_IRQHandler
</UL>

<P><STRONG><a name="[d2]"></a>nrf_timer_event_clear</STRONG> (Thumb, 12 bytes, Stack size 8 bytes, nrfx_timer.o(i.nrf_timer_event_clear))
<BR><BR>[Stack]<UL><LI>Max Depth = 8<LI>Call Chain = nrf_timer_event_clear
</UL>
<BR>[Called By]<UL><LI><a href="#[e3]">&gt;&gt;</a>&nbsp;&nbsp;&nbsp;nrfx_timer_init
<LI><a href="#[e1]">&gt;&gt;</a>&nbsp;&nbsp;&nbsp;nrfx_timer_compare
<LI><a href="#[78]">&gt;&gt;</a>&nbsp;&nbsp;&nbsp;irq_handler
</UL>

<P><STRONG><a name="[d9]"></a>is_allocated_channel</STRONG> (Thumb, 20 bytes, Stack size 0 bytes, nrfx_ppi.o(i.is_allocated_channel))
<BR><BR>[Called By]<UL><LI><a href="#[dc]">&gt;&gt;</a>&nbsp;&nbsp;&nbsp;nrfx_ppi_channel_enable
<LI><a href="#[da]">&gt;&gt;</a>&nbsp;&nbsp;&nbsp;nrfx_ppi_channel_assign
<LI><a href="#[d8]">&gt;&gt;</a>&nbsp;&nbsp;&nbsp;nrfx_ppi_channel_alloc
</UL>

<P><STRONG><a name="[db]"></a>is_programmable_app_channel</STRONG> (Thumb, 12 bytes, Stack size 0 bytes, nrfx_ppi.o(i.is_programmable_app_channel))
<BR><BR>[Called By]<UL><LI><a href="#[dc]">&gt;&gt;</a>&nbsp;&nbsp;&nbsp;nrfx_ppi_channel_enable
<LI><a href="#[da]">&gt;&gt;</a>&nbsp;&nbsp;&nbsp;nrfx_ppi_channel_assign
</UL>

<P><STRONG><a name="[f7]"></a>_NRFX_IRQ_PENDING_CLEAR</STRONG> (Thumb, 26 bytes, Stack size 0 bytes, nrfx_twim.o(i._NRFX_IRQ_PENDING_CLEAR))
<BR><BR>[Called By]<UL><LI><a href="#[76]">&gt;&gt;</a>&nbsp;&nbsp;&nbsp;twim_irq_handler
</UL>

<P><STRONG><a name="[f3]"></a>nrf_twim_event_check</STRONG> (Thumb, 10 bytes, Stack size 0 bytes, nrfx_twim.o(i.nrf_twim_event_check))
<BR><BR>[Called By]<UL><LI><a href="#[76]">&gt;&gt;</a>&nbsp;&nbsp;&nbsp;twim_irq_handler
</UL>

<P><STRONG><a name="[f4]"></a>nrf_twim_event_clear</STRONG> (Thumb, 12 bytes, Stack size 8 bytes, nrfx_twim.o(i.nrf_twim_event_clear))
<BR><BR>[Stack]<UL><LI>Max Depth = 8<LI>Call Chain = nrf_twim_event_clear
</UL>
<BR>[Called By]<UL><LI><a href="#[76]">&gt;&gt;</a>&nbsp;&nbsp;&nbsp;twim_irq_handler
</UL>

<P><STRONG><a name="[76]"></a>twim_irq_handler</STRONG> (Thumb, 400 bytes, Stack size 64 bytes, nrfx_twim.o(i.twim_irq_handler))
<BR><BR>[Stack]<UL><LI>Max Depth = 72<LI>Call Chain = twim_irq_handler &rArr; xfer_completeness_check
</UL>
<BR>[Calls]<UL><LI><a href="#[f5]">&gt;&gt;</a>&nbsp;&nbsp;&nbsp;xfer_completeness_check
<LI><a href="#[f4]">&gt;&gt;</a>&nbsp;&nbsp;&nbsp;nrf_twim_event_clear
<LI><a href="#[f3]">&gt;&gt;</a>&nbsp;&nbsp;&nbsp;nrf_twim_event_check
<LI><a href="#[f7]">&gt;&gt;</a>&nbsp;&nbsp;&nbsp;_NRFX_IRQ_PENDING_CLEAR
<LI><a href="#[f6]">&gt;&gt;</a>&nbsp;&nbsp;&nbsp;__aeabi_memcpy4
</UL>
<BR>[Called By]<UL><LI><a href="#[e]">&gt;&gt;</a>&nbsp;&nbsp;&nbsp;SPIM0_SPIS0_TWIM0_TWIS0_SPI0_TWI0_IRQHandler
</UL>

<P><STRONG><a name="[f5]"></a>xfer_completeness_check</STRONG> (Thumb, 98 bytes, Stack size 8 bytes, nrfx_twim.o(i.xfer_completeness_check))
<BR><BR>[Stack]<UL><LI>Max Depth = 8<LI>Call Chain = xfer_completeness_check
</UL>
<BR>[Called By]<UL><LI><a href="#[76]">&gt;&gt;</a>&nbsp;&nbsp;&nbsp;twim_irq_handler
</UL>

<P><STRONG><a name="[b5]"></a>dwt1</STRONG> (Thumb, 528 bytes, Stack size 64 bytes, wavelib.o(i.dwt1))
<BR><BR>[Stack]<UL><LI>Max Depth = 920<LI>Call Chain = dwt1 &rArr; wconv &rArr; conv_fft &rArr; fft_r2c_exec &rArr; fft_exec &rArr; mixed_radix_dit_rec &rArr;  mixed_radix_dit_rec (Cycle)
</UL>
<BR>[Calls]<UL><LI><a href="#[b8]">&gt;&gt;</a>&nbsp;&nbsp;&nbsp;wconv
<LI><a href="#[ba]">&gt;&gt;</a>&nbsp;&nbsp;&nbsp;symm_ext
<LI><a href="#[b7]">&gt;&gt;</a>&nbsp;&nbsp;&nbsp;per_ext
<LI><a href="#[bb]">&gt;&gt;</a>&nbsp;&nbsp;&nbsp;free_conv
<LI><a href="#[b9]">&gt;&gt;</a>&nbsp;&nbsp;&nbsp;downsamp
<LI><a href="#[ae]">&gt;&gt;</a>&nbsp;&nbsp;&nbsp;conv_init
<LI><a href="#[b2]">&gt;&gt;</a>&nbsp;&nbsp;&nbsp;strcmp
<LI><a href="#[a6]">&gt;&gt;</a>&nbsp;&nbsp;&nbsp;malloc
<LI><a href="#[a8]">&gt;&gt;</a>&nbsp;&nbsp;&nbsp;free
<LI><a href="#[b3]">&gt;&gt;</a>&nbsp;&nbsp;&nbsp;__2printf
</UL>
<BR>[Called By]<UL><LI><a href="#[b1]">&gt;&gt;</a>&nbsp;&nbsp;&nbsp;dwt
</UL>

<P><STRONG><a name="[cd]"></a>idwt1</STRONG> (Thumb, 310 bytes, Stack size 72 bytes, wavelib.o(i.idwt1))
<BR><BR>[Stack]<UL><LI>Max Depth = 928<LI>Call Chain = idwt1 &rArr; wconv &rArr; conv_fft &rArr; fft_r2c_exec &rArr; fft_exec &rArr; mixed_radix_dit_rec &rArr;  mixed_radix_dit_rec (Cycle)
</UL>
<BR>[Calls]<UL><LI><a href="#[b8]">&gt;&gt;</a>&nbsp;&nbsp;&nbsp;wconv
<LI><a href="#[d1]">&gt;&gt;</a>&nbsp;&nbsp;&nbsp;upsamp2
<LI><a href="#[b7]">&gt;&gt;</a>&nbsp;&nbsp;&nbsp;per_ext
<LI><a href="#[bb]">&gt;&gt;</a>&nbsp;&nbsp;&nbsp;free_conv
<LI><a href="#[ae]">&gt;&gt;</a>&nbsp;&nbsp;&nbsp;conv_init
<LI><a href="#[45]">&gt;&gt;</a>&nbsp;&nbsp;&nbsp;__aeabi_dadd
<LI><a href="#[b2]">&gt;&gt;</a>&nbsp;&nbsp;&nbsp;strcmp
<LI><a href="#[b3]">&gt;&gt;</a>&nbsp;&nbsp;&nbsp;__2printf
</UL>
<BR>[Called By]<UL><LI><a href="#[cc]">&gt;&gt;</a>&nbsp;&nbsp;&nbsp;idwt
</UL>

<P><STRONG><a name="[b8]"></a>wconv</STRONG> (Thumb, 128 bytes, Stack size 40 bytes, wavelib.o(i.wconv))
<BR><BR>[Stack]<UL><LI>Max Depth = 856<LI>Call Chain = wconv &rArr; conv_fft &rArr; fft_r2c_exec &rArr; fft_exec &rArr; mixed_radix_dit_rec &rArr;  mixed_radix_dit_rec (Cycle)
</UL>
<BR>[Calls]<UL><LI><a href="#[bb]">&gt;&gt;</a>&nbsp;&nbsp;&nbsp;free_conv
<LI><a href="#[ae]">&gt;&gt;</a>&nbsp;&nbsp;&nbsp;conv_init
<LI><a href="#[ab]">&gt;&gt;</a>&nbsp;&nbsp;&nbsp;conv_fft
<LI><a href="#[a9]">&gt;&gt;</a>&nbsp;&nbsp;&nbsp;conv_direct
<LI><a href="#[b2]">&gt;&gt;</a>&nbsp;&nbsp;&nbsp;strcmp
<LI><a href="#[b3]">&gt;&gt;</a>&nbsp;&nbsp;&nbsp;__2printf
</UL>
<BR>[Called By]<UL><LI><a href="#[cc]">&gt;&gt;</a>&nbsp;&nbsp;&nbsp;idwt
<LI><a href="#[cd]">&gt;&gt;</a>&nbsp;&nbsp;&nbsp;idwt1
<LI><a href="#[b5]">&gt;&gt;</a>&nbsp;&nbsp;&nbsp;dwt1
</UL>

<P><STRONG><a name="[a4]"></a>bluestein_exp</STRONG> (Thumb, 222 bytes, Stack size 56 bytes, hsfft.o(i.bluestein_exp))
<BR><BR>[Stack]<UL><LI>Max Depth = 296<LI>Call Chain = bluestein_exp &rArr; __hardfp_sin &rArr; __ieee754_rem_pio2 &rArr; __aeabi_dmul &rArr; _double_epilogue &rArr; _double_round
</UL>
<BR>[Calls]<UL><LI><a href="#[4c]">&gt;&gt;</a>&nbsp;&nbsp;&nbsp;__aeabi_dmul
<LI><a href="#[4e]">&gt;&gt;</a>&nbsp;&nbsp;&nbsp;__aeabi_i2d
<LI><a href="#[4d]">&gt;&gt;</a>&nbsp;&nbsp;&nbsp;__aeabi_ddiv
<LI><a href="#[92]">&gt;&gt;</a>&nbsp;&nbsp;&nbsp;__hardfp_sin
<LI><a href="#[7d]">&gt;&gt;</a>&nbsp;&nbsp;&nbsp;__hardfp_cos
</UL>
<BR>[Called By]<UL><LI><a href="#[a5]">&gt;&gt;</a>&nbsp;&nbsp;&nbsp;bluestein_fft
</UL>

<P><STRONG><a name="[a5]"></a>bluestein_fft</STRONG> (Thumb, 1344 bytes, Stack size 120 bytes, hsfft.o(i.bluestein_fft))
<BR><BR>[Stack]<UL><LI>Max Depth = 424 + In Cycle
<LI>Call Chain = bluestein_fft &rArr;  fft_exec (Cycle)
</UL>
<BR>[Calls]<UL><LI><a href="#[4c]">&gt;&gt;</a>&nbsp;&nbsp;&nbsp;__aeabi_dmul
<LI><a href="#[a4]">&gt;&gt;</a>&nbsp;&nbsp;&nbsp;bluestein_exp
<LI><a href="#[a7]">&gt;&gt;</a>&nbsp;&nbsp;&nbsp;fft_exec
<LI><a href="#[4e]">&gt;&gt;</a>&nbsp;&nbsp;&nbsp;__aeabi_i2d
<LI><a href="#[4a]">&gt;&gt;</a>&nbsp;&nbsp;&nbsp;__aeabi_dsub
<LI><a href="#[4d]">&gt;&gt;</a>&nbsp;&nbsp;&nbsp;__aeabi_ddiv
<LI><a href="#[45]">&gt;&gt;</a>&nbsp;&nbsp;&nbsp;__aeabi_dadd
<LI><a href="#[4f]">&gt;&gt;</a>&nbsp;&nbsp;&nbsp;__aeabi_d2iz
<LI><a href="#[8a]">&gt;&gt;</a>&nbsp;&nbsp;&nbsp;__hardfp_pow
<LI><a href="#[88]">&gt;&gt;</a>&nbsp;&nbsp;&nbsp;__hardfp_log10
<LI><a href="#[7b]">&gt;&gt;</a>&nbsp;&nbsp;&nbsp;__hardfp_ceil
<LI><a href="#[a6]">&gt;&gt;</a>&nbsp;&nbsp;&nbsp;malloc
<LI><a href="#[a8]">&gt;&gt;</a>&nbsp;&nbsp;&nbsp;free
</UL>
<BR>[Called By]<UL><LI><a href="#[a7]">&gt;&gt;</a>&nbsp;&nbsp;&nbsp;fft_exec
</UL>

<P><STRONG><a name="[bc]"></a>mixed_radix_dit_rec</STRONG> (Thumb, 21598 bytes, Stack size 360 bytes, hsfft.o(i.mixed_radix_dit_rec))
<BR><BR>[Stack]<UL><LI>Max Depth = 600 + In Cycle
<LI>Call Chain = mixed_radix_dit_rec &rArr;  mixed_radix_dit_rec (Cycle)
</UL>
<BR>[Calls]<UL><LI><a href="#[4c]">&gt;&gt;</a>&nbsp;&nbsp;&nbsp;__aeabi_dmul
<LI><a href="#[bc]">&gt;&gt;</a>&nbsp;&nbsp;&nbsp;mixed_radix_dit_rec
<LI><a href="#[4b]">&gt;&gt;</a>&nbsp;&nbsp;&nbsp;__aeabi_drsub
<LI><a href="#[4e]">&gt;&gt;</a>&nbsp;&nbsp;&nbsp;__aeabi_i2d
<LI><a href="#[4a]">&gt;&gt;</a>&nbsp;&nbsp;&nbsp;__aeabi_dsub
<LI><a href="#[4d]">&gt;&gt;</a>&nbsp;&nbsp;&nbsp;__aeabi_ddiv
<LI><a href="#[45]">&gt;&gt;</a>&nbsp;&nbsp;&nbsp;__aeabi_dadd
<LI><a href="#[92]">&gt;&gt;</a>&nbsp;&nbsp;&nbsp;__hardfp_sin
<LI><a href="#[7d]">&gt;&gt;</a>&nbsp;&nbsp;&nbsp;__hardfp_cos
<LI><a href="#[a6]">&gt;&gt;</a>&nbsp;&nbsp;&nbsp;malloc
<LI><a href="#[a8]">&gt;&gt;</a>&nbsp;&nbsp;&nbsp;free
</UL>
<BR>[Called By]<UL><LI><a href="#[bc]">&gt;&gt;</a>&nbsp;&nbsp;&nbsp;mixed_radix_dit_rec
<LI><a href="#[a7]">&gt;&gt;</a>&nbsp;&nbsp;&nbsp;fft_exec
</UL>

<P><STRONG><a name="[98]"></a>nrf_gpio_cfg_output</STRONG> (Thumb, 24 bytes, Stack size 8 bytes, ad8233.o(i.nrf_gpio_cfg_output))
<BR><BR>[Stack]<UL><LI>Max Depth = 8<LI>Call Chain = nrf_gpio_cfg_output
</UL>
<BR>[Calls]<UL><LI><a href="#[d5]">&gt;&gt;</a>&nbsp;&nbsp;&nbsp;nrf_gpio_pin_port_decode
</UL>
<BR>[Called By]<UL><LI><a href="#[97]">&gt;&gt;</a>&nbsp;&nbsp;&nbsp;ad8233_init
</UL>

<P><STRONG><a name="[d5]"></a>nrf_gpio_pin_port_decode</STRONG> (Thumb, 22 bytes, Stack size 0 bytes, ad8233.o(i.nrf_gpio_pin_port_decode))
<BR><BR>[Called By]<UL><LI><a href="#[99]">&gt;&gt;</a>&nbsp;&nbsp;&nbsp;nrf_gpio_pin_write
<LI><a href="#[98]">&gt;&gt;</a>&nbsp;&nbsp;&nbsp;nrf_gpio_cfg_output
</UL>

<P><STRONG><a name="[99]"></a>nrf_gpio_pin_write</STRONG> (Thumb, 38 bytes, Stack size 16 bytes, ad8233.o(i.nrf_gpio_pin_write))
<BR><BR>[Stack]<UL><LI>Max Depth = 16<LI>Call Chain = nrf_gpio_pin_write
</UL>
<BR>[Calls]<UL><LI><a href="#[d5]">&gt;&gt;</a>&nbsp;&nbsp;&nbsp;nrf_gpio_pin_port_decode
</UL>
<BR>[Called By]<UL><LI><a href="#[97]">&gt;&gt;</a>&nbsp;&nbsp;&nbsp;ad8233_init
</UL>

<P><STRONG><a name="[93]"></a>_fp_digits</STRONG> (Thumb, 366 bytes, Stack size 64 bytes, printfa.o(i._fp_digits), UNUSED)
<BR><BR>[Calls]<UL><LI><a href="#[4c]">&gt;&gt;</a>&nbsp;&nbsp;&nbsp;__aeabi_dmul
<LI><a href="#[4d]">&gt;&gt;</a>&nbsp;&nbsp;&nbsp;__aeabi_ddiv
<LI><a href="#[45]">&gt;&gt;</a>&nbsp;&nbsp;&nbsp;__aeabi_dadd
<LI><a href="#[7c]">&gt;&gt;</a>&nbsp;&nbsp;&nbsp;__aeabi_cdrcmple
<LI><a href="#[53]">&gt;&gt;</a>&nbsp;&nbsp;&nbsp;__aeabi_uldivmod
<LI><a href="#[57]">&gt;&gt;</a>&nbsp;&nbsp;&nbsp;__aeabi_d2ulz
</UL>
<BR>[Called By]<UL><LI><a href="#[7a]">&gt;&gt;</a>&nbsp;&nbsp;&nbsp;_printf_core
</UL>

<P><STRONG><a name="[7a]"></a>_printf_core</STRONG> (Thumb, 1704 bytes, Stack size 136 bytes, printfa.o(i._printf_core), UNUSED)
<BR><BR>[Calls]<UL><LI><a href="#[53]">&gt;&gt;</a>&nbsp;&nbsp;&nbsp;__aeabi_uldivmod
<LI><a href="#[96]">&gt;&gt;</a>&nbsp;&nbsp;&nbsp;__aeabi_uidivmod
<LI><a href="#[94]">&gt;&gt;</a>&nbsp;&nbsp;&nbsp;_printf_pre_padding
<LI><a href="#[95]">&gt;&gt;</a>&nbsp;&nbsp;&nbsp;_printf_post_padding
<LI><a href="#[93]">&gt;&gt;</a>&nbsp;&nbsp;&nbsp;_fp_digits
</UL>
<BR>[Called By]<UL><LI><a href="#[79]">&gt;&gt;</a>&nbsp;&nbsp;&nbsp;__0printf
</UL>

<P><STRONG><a name="[95]"></a>_printf_post_padding</STRONG> (Thumb, 36 bytes, Stack size 24 bytes, printfa.o(i._printf_post_padding), UNUSED)
<BR><BR>[Called By]<UL><LI><a href="#[7a]">&gt;&gt;</a>&nbsp;&nbsp;&nbsp;_printf_core
</UL>

<P><STRONG><a name="[94]"></a>_printf_pre_padding</STRONG> (Thumb, 46 bytes, Stack size 24 bytes, printfa.o(i._printf_pre_padding), UNUSED)
<BR><BR>[Called By]<UL><LI><a href="#[7a]">&gt;&gt;</a>&nbsp;&nbsp;&nbsp;_printf_core
</UL>
<P>
<H3>
Undefined Global Symbols
</H3><HR></body></html>
