Component: ARM Compiler 5.06 update 7 (build 960) Tool: armlink [4d3601]

==============================================================================

Section Cross References

    main.o(i.main) refers to ad8233.o(i.ad8233_init) for ad8233_init
    main.o(i.main) refers to pantompkins.o(i.PT_init) for PT_init
    main.o(i.main) refers to filter.o(i.moving_average_filter_init) for moving_average_filter_init
    main.o(i.main) refers to main.o(.bss) for .bss
    boards.o(i.bsp_board_button_idx_to_pin) refers to boards.o(.constdata) for .constdata
    boards.o(i.bsp_board_button_state_get) refers to boards.o(i.nrf_gpio_pin_port_decode) for nrf_gpio_pin_port_decode
    boards.o(i.bsp_board_button_state_get) refers to boards.o(.constdata) for .constdata
    boards.o(i.bsp_board_init) refers to boards.o(i.nrf_gpio_cfg) for nrf_gpio_cfg
    boards.o(i.bsp_board_init) refers to boards.o(i.bsp_board_leds_off) for bsp_board_leds_off
    boards.o(i.bsp_board_init) refers to boards.o(.constdata) for .constdata
    boards.o(i.bsp_board_led_idx_to_pin) refers to boards.o(.constdata) for .constdata
    boards.o(i.bsp_board_led_invert) refers to boards.o(i.nrf_gpio_pin_port_decode) for nrf_gpio_pin_port_decode
    boards.o(i.bsp_board_led_invert) refers to boards.o(.constdata) for .constdata
    boards.o(i.bsp_board_led_off) refers to boards.o(i.nrf_gpio_pin_write) for nrf_gpio_pin_write
    boards.o(i.bsp_board_led_off) refers to boards.o(.constdata) for .constdata
    boards.o(i.bsp_board_led_on) refers to boards.o(i.nrf_gpio_pin_write) for nrf_gpio_pin_write
    boards.o(i.bsp_board_led_on) refers to boards.o(.constdata) for .constdata
    boards.o(i.bsp_board_led_state_get) refers to boards.o(i.nrf_gpio_pin_port_decode) for nrf_gpio_pin_port_decode
    boards.o(i.bsp_board_led_state_get) refers to boards.o(.constdata) for .constdata
    boards.o(i.bsp_board_leds_off) refers to boards.o(i.bsp_board_led_off) for bsp_board_led_off
    boards.o(i.bsp_board_leds_on) refers to boards.o(i.bsp_board_led_on) for bsp_board_led_on
    boards.o(i.bsp_board_pin_to_button_idx) refers to boards.o(.constdata) for .constdata
    boards.o(i.bsp_board_pin_to_led_idx) refers to boards.o(.constdata) for .constdata
    boards.o(i.nrf_gpio_cfg) refers to boards.o(i.nrf_gpio_pin_port_decode) for nrf_gpio_pin_port_decode
    boards.o(i.nrf_gpio_pin_write) refers to boards.o(i.nrf_gpio_pin_port_decode) for nrf_gpio_pin_port_decode
    bsp.o(i.alert_timer_handler) refers to boards.o(i.bsp_board_led_invert) for bsp_board_led_invert
    bsp.o(i.bsp_button_event_handler) refers to boards.o(i.bsp_board_pin_to_button_idx) for bsp_board_pin_to_button_idx
    bsp.o(i.bsp_button_event_handler) refers to app_timer_freertos.o(i.app_timer_start) for app_timer_start
    bsp.o(i.bsp_button_event_handler) refers to app_timer_freertos.o(i.app_timer_stop) for app_timer_stop
    bsp.o(i.bsp_button_event_handler) refers to bsp.o(.constdata) for .constdata
    bsp.o(i.bsp_button_event_handler) refers to bsp.o(.data) for .data
    bsp.o(i.bsp_button_event_handler) refers to bsp.o(.bss) for .bss
    bsp.o(i.bsp_button_is_pressed) refers to boards.o(i.bsp_board_button_state_get) for bsp_board_button_state_get
    bsp.o(i.bsp_buttons_disable) refers to app_button.o(i.app_button_disable) for app_button_disable
    bsp.o(i.bsp_buttons_enable) refers to app_button.o(i.app_button_enable) for app_button_enable
    bsp.o(i.bsp_event_to_button_action_assign) refers to bsp.o(.bss) for .bss
    bsp.o(i.bsp_indication_set) refers to bsp.o(i.bsp_led_indication) for bsp_led_indication
    bsp.o(i.bsp_indication_set) refers to bsp.o(.data) for .data
    bsp.o(i.bsp_init) refers to bsp.o(i.bsp_event_to_button_action_assign) for bsp_event_to_button_action_assign
    bsp.o(i.bsp_init) refers to app_button.o(i.app_button_init) for app_button_init
    bsp.o(i.bsp_init) refers to app_button.o(i.app_button_enable) for app_button_enable
    bsp.o(i.bsp_init) refers to app_timer_freertos.o(i.app_timer_create) for app_timer_create
    bsp.o(i.bsp_init) refers to boards.o(i.bsp_board_init) for bsp_board_init
    bsp.o(i.bsp_init) refers to bsp.o(.data) for .data
    bsp.o(i.bsp_init) refers to bsp.o(.constdata) for .constdata
    bsp.o(i.bsp_init) refers to bsp.o(i.button_timer_handler) for button_timer_handler
    bsp.o(i.bsp_init) refers to bsp.o(i.leds_timer_handler) for leds_timer_handler
    bsp.o(i.bsp_init) refers to bsp.o(i.alert_timer_handler) for alert_timer_handler
    bsp.o(i.bsp_led_indication) refers to bsp.o(i.leds_off) for leds_off
    bsp.o(i.bsp_led_indication) refers to app_timer_freertos.o(i.app_timer_stop) for app_timer_stop
    bsp.o(i.bsp_led_indication) refers to boards.o(i.bsp_board_led_state_get) for bsp_board_led_state_get
    bsp.o(i.bsp_led_indication) refers to boards.o(i.bsp_board_led_off) for bsp_board_led_off
    bsp.o(i.bsp_led_indication) refers to boards.o(i.bsp_board_led_on) for bsp_board_led_on
[...]
    i.TIMER1_IRQHandler                      0x00001668   Section        0  nrfx_timer.o(i.TIMER1_IRQHandler)
    i.TIMER2_IRQHandler                      0x0000167c   Section        0  nrfx_timer.o(i.TIMER2_IRQHandler)
    i.TIMER3_IRQHandler                      0x00001690   Section        0  nrfx_timer.o(i.TIMER3_IRQHandler)
    i.TIMER4_IRQHandler                      0x000016a4   Section        0  nrfx_timer.o(i.TIMER4_IRQHandler)
    i.UARTE0_UART0_IRQHandler                0x000016b8   Section        0  nrfx_prs.o(i.UARTE0_UART0_IRQHandler)
    i.UpdateRR                               0x000016c4   Section        0  pantompkins.o(i.UpdateRR)
    i.UpdateThF                              0x000017b0   Section        0  pantompkins.o(i.UpdateThF)
    i.UpdateThI                              0x0000180c   Section        0  pantompkins.o(i.UpdateThI)
    i._NRFX_IRQ_PENDING_CLEAR                0x0000185c   Section        0  nrfx_twim.o(i._NRFX_IRQ_PENDING_CLEAR)
    _NRFX_IRQ_PENDING_CLEAR                  0x0000185d   Thumb Code    26  nrfx_twim.o(i._NRFX_IRQ_PENDING_CLEAR)
    i.__0printf                              0x00001878   Section        0  printfa.o(i.__0printf)
    i.__aeabi_errno_addr                     0x00001898   Section        0  errno.o(i.__aeabi_errno_addr)
    i.__hardfp_log                           0x000018a0   Section        0  log.o(i.__hardfp_log)
    i.__kernel_poly                          0x00001c64   Section        0  poly.o(i.__kernel_poly)
    i.__mathlib_dbl_divzero                  0x00001d60   Section        0  dunder.o(i.__mathlib_dbl_divzero)
    i.__mathlib_dbl_infnan                   0x00001d90   Section        0  dunder.o(i.__mathlib_dbl_infnan)
    i.__mathlib_dbl_invalid                  0x00001da8   Section        0  dunder.o(i.__mathlib_dbl_invalid)
    i.__scatterload_copy                     0x00001dc8   Section       14  handlers.o(i.__scatterload_copy)
    i.__scatterload_null                     0x00001dd6   Section        2  handlers.o(i.__scatterload_null)
    i.__scatterload_zeroinit                 0x00001dd8   Section       14  handlers.o(i.__scatterload_zeroinit)
    i.__set_errno                            0x00001de8   Section        0  errno.o(i.__set_errno)
    i._fp_digits                             0x00001df4   Section        0  printfa.o(i._fp_digits)
    _fp_digits                               0x00001df5   Thumb Code   366  printfa.o(i._fp_digits)
    i._printf_core                           0x00001f78   Section        0  printfa.o(i._printf_core)
    _printf_core                             0x00001f79   Thumb Code  1704  printfa.o(i._printf_core)
    i._printf_post_padding                   0x0000262c   Section        0  printfa.o(i._printf_post_padding)
    _printf_post_padding                     0x0000262d   Thumb Code    36  printfa.o(i._printf_post_padding)
    i._printf_pre_padding                    0x00002650   Section        0  printfa.o(i._printf_pre_padding)
    _printf_pre_padding                      0x00002651   Thumb Code    46  printfa.o(i._printf_pre_padding)
    i.ad8233_init                            0x00002680   Section        0  ad8233.o(i.ad8233_init)
    i.app_error_fault_handler                0x000026d8   Section        0  app_error_weak.o(i.app_error_fault_handler)
    i.app_error_handler_bare                 0x00002708   Section        0  app_error.o(i.app_error_handler_bare)
    i.app_util_critical_region_enter         0x0000271e   Section        0  app_util_platform.o(i.app_util_critical_region_enter)
    i.app_util_critical_region_exit          0x00002722   Section        0  app_util_platform.o(i.app_util_critical_region_exit)
    i.app_util_disable_irq                   0x00002728   Section        0  app_util_platform.o(i.app_util_disable_irq)
    i.app_util_enable_irq                    0x00002738   Section        0  app_util_platform.o(i.app_util_enable_irq)
    i.channel_port_get                       0x0000274c   Section        0  nrfx_gpiote.o(i.channel_port_get)
    channel_port_get                         0x0000274d   Thumb Code    10  nrfx_gpiote.o(i.channel_port_get)
    i.copy                                   0x0000275c   Section        0  wavefilt.o(i.copy)
    i.copy_reverse                           0x0000277c   Section        0  wavefilt.o(i.copy_reverse)
    i.filtcoef                               0x0000279c   Section        0  wavefilt.o(i.filtcoef)
    i.filtlength                             0x0000457c   Section        0  wavefilt.o(i.filtlength)
    i.fputc                                  0x00004990   Section        0  fputc.o(i.fputc)
    i.free                                   0x000049a4   Section        0  malloc.o(i.free)
    i.irq_handler                            0x000049f4   Section        0  nrfx_timer.o(i.irq_handler)
    irq_handler                              0x000049f5   Thumb Code    70  nrfx_timer.o(i.irq_handler)
    i.is_allocated_channel                   0x00004a3c   Section        0  nrfx_ppi.o(i.is_allocated_channel)
    is_allocated_channel                     0x00004a3d   Thumb Code    20  nrfx_ppi.o(i.is_allocated_channel)
    i.is_programmable_app_channel            0x00004a54   Section        0  nrfx_ppi.o(i.is_programmable_app_channel)
    is_programmable_app_channel              0x00004a55   Thumb Code    12  nrfx_ppi.o(i.is_programmable_app_channel)
    i.low_pass_filter                        0x00004a60   Section        0  filter.o(i.low_pass_filter)
    i.low_pass_filter_init                   0x00004a90   Section        0  filter.o(i.low_pass_filter_init)
    i.main                                   0x00004af8   Section        0  main.o(i.main)
    i.malloc                                 0x00004b0c   Section        0  malloc.o(i.malloc)
    i.moving_average_filter                  0x00004b78   Section        0  filter.o(i.moving_average_filter)
    i.moving_average_filter_init             0x00004bdc   Section        0  filter.o(i.moving_average_filter_init)
    i.nrf_bitmask_bit_is_set                 0x00004bf0   Section        0  nrfx_gpiote.o(i.nrf_bitmask_bit_is_set)
    nrf_bitmask_bit_is_set                   0x00004bf1   Thumb Code    16  nrfx_gpiote.o(i.nrf_bitmask_bit_is_set)
    i.nrf_clock_event_check                  0x00004c00   Section        0  nrfx_clock.o(i.nrf_clock_event_check)
    nrf_clock_event_check                    0x00004c01   Thumb Code    14  nrfx_clock.o(i.nrf_clock_event_check)
    i.nrf_clock_event_clear                  0x00004c0e   Section        0  nrfx_clock.o(i.nrf_clock_event_clear)
    nrf_clock_event_clear                    0x00004c0f   Thumb Code    16  nrfx_clock.o(i.nrf_clock_event_clear)
    i.nrf_drv_ppi_init                       0x00004c20   Section        0  nrf_drv_ppi.o(i.nrf_drv_ppi_init)
    i.nrf_gpio_cfg_output                    0x00004c38   Section        0  ad8233.o(i.nrf_gpio_cfg_output)
    nrf_gpio_cfg_output                      0x00004c39   Thumb Code    24  ad8233.o(i.nrf_gpio_cfg_output)
    i.nrf_gpio_cfg_sense_set                 0x00004c50   Section        0  nrfx_gpiote.o(i.nrf_gpio_cfg_sense_set)
    nrf_gpio_cfg_sense_set                   0x00004c51   Thumb Code    48  nrfx_gpiote.o(i.nrf_gpio_cfg_sense_set)
    i.nrf_gpio_latches_read_and_clear        0x00004c80   Section        0  nrfx_gpiote.o(i.nrf_gpio_latches_read_and_clear)
    nrf_gpio_latches_read_and_clear          0x00004c81   Thumb Code    42  nrfx_gpiote.o(i.nrf_gpio_latches_read_and_clear)
    i.nrf_gpio_pin_port_decode               0x00004cb0   Section        0  nrfx_gpiote.o(i.nrf_gpio_pin_port_decode)
    nrf_gpio_pin_port_decode                 0x00004cb1   Thumb Code    22  nrfx_gpiote.o(i.nrf_gpio_pin_port_decode)
    i.nrf_gpio_pin_port_decode               0x00004ccc   Section        0  ad8233.o(i.nrf_gpio_pin_port_decode)
    nrf_gpio_pin_port_decode                 0x00004ccd   Thumb Code    22  ad8233.o(i.nrf_gpio_pin_port_decode)
    i.nrf_gpio_pin_write                     0x00004ce8   Section        0  ad8233.o(i.nrf_gpio_pin_write)
    nrf_gpio_pin_write                       0x00004ce9   Thumb Code    38  ad8233.o(i.nrf_gpio_pin_write)
    i.nrf_gpiote_event_clear                 0x00004d10   Section        0  nrfx_gpiote.o(i.nrf_gpiote_event_clear)
    nrf_gpiote_event_clear                   0x00004d11   Thumb Code    16  nrfx_gpiote.o(i.nrf_gpiote_event_clear)
    i.nrf_gpiote_event_is_set                0x00004d24   Section        0  nrfx_gpiote.o(i.nrf_gpiote_event_is_set)
    nrf_gpiote_event_is_set                  0x00004d25   Thumb Code    12  nrfx_gpiote.o(i.nrf_gpiote_event_is_set)
    i.nrf_rtc_event_clear                    0x00004d34   Section        0  port_cmsis_systick.o(i.nrf_rtc_event_clear)
    nrf_rtc_event_clear                      0x00004d35   Thumb Code    12  port_cmsis_systick.o(i.nrf_rtc_event_clear)
    i.nrf_saadc_buffer_init                  0x00004d40   Section        0  nrfx_saadc.o(i.nrf_saadc_buffer_init)
    nrf_saadc_buffer_init                    0x00004d41   Thumb Code    10  nrfx_saadc.o(i.nrf_saadc_buffer_init)
    i.nrf_saadc_channel_input_set            0x00004d50   Section        0  nrfx_saadc.o(i.nrf_saadc_channel_input_set)
    nrf_saadc_channel_input_set              0x00004d51   Thumb Code    16  nrfx_saadc.o(i.nrf_saadc_channel_input_set)
    i.nrf_saadc_event_check                  0x00004d64   Section        0  nrfx_saadc.o(i.nrf_saadc_event_check)
    nrf_saadc_event_check                    0x00004d65   Thumb Code    12  nrfx_saadc.o(i.nrf_saadc_event_check)
    i.nrf_saadc_event_clear                  0x00004d74   Section        0  nrfx_saadc.o(i.nrf_saadc_event_clear)
    nrf_saadc_event_clear                    0x00004d75   Thumb Code    16  nrfx_saadc.o(i.nrf_saadc_event_clear)
    i.nrf_timer_event_clear                  0x00004d88   Section        0  nrfx_timer.o(i.nrf_timer_event_clear)
    nrf_timer_event_clear                    0x00004d89   Thumb Code    12  nrfx_timer.o(i.nrf_timer_event_clear)
    i.nrf_twim_event_check                   0x00004d94   Section        0  nrfx_twim.o(i.nrf_twim_event_check)
    nrf_twim_event_check                     0x00004d95   Thumb Code    10  nrfx_twim.o(i.nrf_twim_event_check)
    i.nrf_twim_event_clear                   0x00004d9e   Section        0  nrfx_twim.o(i.nrf_twim_event_clear)
    nrf_twim_event_clear                     0x00004d9f   Thumb Code    12  nrfx_twim.o(i.nrf_twim_event_clear)
    i.nrfx_ppi_channel_alloc                 0x00004dac   Section        0  nrfx_ppi.o(i.nrfx_ppi_channel_alloc)
    i.nrfx_ppi_channel_assign                0x00004e0c   Section        0  nrfx_ppi.o(i.nrfx_ppi_channel_assign)
    i.nrfx_ppi_channel_enable                0x00004e50   Section        0  nrfx_ppi.o(i.nrfx_ppi_channel_enable)
    i.nrfx_saadc_buffer_convert              0x00004e78   Section        0  nrfx_saadc.o(i.nrfx_saadc_buffer_convert)
    i.nrfx_saadc_channel_init                0x00004f1c   Section        0  nrfx_saadc.o(i.nrfx_saadc_channel_init)
    i.nrfx_saadc_init                        0x00004fa8   Section        0  nrfx_saadc.o(i.nrfx_saadc_init)
    i.nrfx_saadc_sample_task_get             0x0000503c   Section        0  nrfx_saadc.o(i.nrfx_saadc_sample_task_get)
    i.nrfx_timer_compare                     0x00005058   Section        0  nrfx_timer.o(i.nrfx_timer_compare)
    i.nrfx_timer_enable                      0x00005094   Section        0  nrfx_timer.o(i.nrfx_timer_enable)
    i.nrfx_timer_extended_compare            0x000050b0   Section        0  nrfx_timer.o(i.nrfx_timer_extended_compare)
    i.nrfx_timer_init                        0x000050dc   Section        0  nrfx_timer.o(i.nrfx_timer_init)
    i.nvmc_config                            0x0000519c   Section        0  system_nrf52.o(i.nvmc_config)
    i.port_event_handle                      0x000051b4   Section        0  nrfx_gpiote.o(i.port_event_handle)
    port_event_handle                        0x000051b5   Thumb Code   202  nrfx_gpiote.o(i.port_event_handle)
    i.port_handler_polarity_get              0x00005284   Section        0  nrfx_gpiote.o(i.port_handler_polarity_get)
    port_handler_polarity_get                0x00005285   Thumb Code    12  nrfx_gpiote.o(i.port_handler_polarity_get)
    i.prvResetNextTaskUnblockTime            0x00005294   Section        0  tasks.o(i.prvResetNextTaskUnblockTime)
    prvResetNextTaskUnblockTime              0x00005295   Thumb Code    26  tasks.o(i.prvResetNextTaskUnblockTime)
    i.qmf_even                               0x000052b4   Section        0  wavefilt.o(i.qmf_even)
    i.qmf_wrev                               0x000052ee   Section        0  wavefilt.o(i.qmf_wrev)
    i.saadc_callback                         0x00005320   Section        0  ad8233.o(i.saadc_callback)
    i.saadc_init                             0x00005408   Section        0  ad8233.o(i.saadc_init)
    i.saadc_sampling_event_enable            0x00005450   Section        0  ad8233.o(i.saadc_sampling_event_enable)
    i.saadc_sampling_event_init              0x0000546c   Section        0  ad8233.o(i.saadc_sampling_event_init)
    i.setDWTExtension                        0x00005504   Section        0  wavelib.o(i.setDWTExtension)
    i.setWTConv                              0x00005570   Section        0  wavelib.o(i.setWTConv)
    i.testSWTlength                          0x000055f8   Section        0  wtmath.o(i.testSWTlength)
    i.timer_handler                          0x0000561c   Section        0  ad8233.o(i.timer_handler)
    i.twim_irq_handler                       0x00005620   Section        0  nrfx_twim.o(i.twim_irq_handler)
    twim_irq_handler                         0x00005621   Thumb Code   400  nrfx_twim.o(i.twim_irq_handler)
    i.uxListRemove                           0x000057b4   Section        0  list.o(i.uxListRemove)
    i.vListInsertEnd                         0x000057da   Section        0  list.o(i.vListInsertEnd)
    i.vTaskSwitchContext                     0x000057f4   Section        0  tasks.o(i.vTaskSwitchContext)
    i.wave_free                              0x00005838   Section        0  wavelib.o(i.wave_free)
    i.wave_init                              0x0000583c   Section        0  wavelib.o(i.wave_init)
    i.wmaxiter                               0x000058b4   Section        0  wtmath.o(i.wmaxiter)
    i.wt_free                                0x0000592c   Section        0  wavelib.o(i.wt_free)
    i.wt_init                                0x00005930   Section        0  wavelib.o(i.wt_init)
    i.xTaskGetSchedulerState                 0x00005bd0   Section        0  tasks.o(i.xTaskGetSchedulerState)
    i.xTaskGetTickCount                      0x00005bec   Section        0  tasks.o(i.xTaskGetTickCount)
    i.xTaskIncrementTick                     0x00005bf8   Section        0  tasks.o(i.xTaskIncrementTick)
    i.xfer_completeness_check                0x00005c98   Section        0  nrfx_twim.o(i.xfer_completeness_check)
    xfer_completeness_check                  0x00005c99   Thumb Code    98  nrfx_twim.o(i.xfer_completeness_check)
    .constdata                               0x00005cfc   Section        8  nrfx_gpiote.o(.constdata)
    .constdata                               0x00005d04   Section        4  pantompkins.o(.constdata)
    PT_dptr                                  0x00005d04   Data           4  pantompkins.o(.constdata)
    .constdata                               0x00005d08   Section    25392  wavefilt.o(.constdata)
    db1                                      0x00005d08   Data          16  wavefilt.o(.constdata)
    db2                                      0x00005d18   Data          32  wavefilt.o(.constdata)
    db3                                      0x00005d38   Data          48  wavefilt.o(.constdata)
    db4                                      0x00005d68   Data          64  wavefilt.o(.constdata)
    db5                                      0x00005da8   Data          80  wavefilt.o(.constdata)
    db6                                      0x00005df8   Data          96  wavefilt.o(.constdata)
    db7                                      0x00005e58   Data         112  wavefilt.o(.constdata)
    db8                                      0x00005ec8   Data         128  wavefilt.o(.constdata)
    db9                                      0x00005f48   Data         144  wavefilt.o(.constdata)
    db10                                     0x00005fd8   Data         160  wavefilt.o(.constdata)
    db11                                     0x00006078   Data         176  wavefilt.o(.constdata)
    db12                                     0x00006128   Data         192  wavefilt.o(.constdata)
    db13                                     0x000061e8   Data         208  wavefilt.o(.constdata)
    db14                                     0x000062b8   Data         224  wavefilt.o(.constdata)
    db15                                     0x00006398   Data         240  wavefilt.o(.constdata)
    db16                                     0x00006488   Data         256  wavefilt.o(.constdata)
    db17                                     0x00006588   Data         272  wavefilt.o(.constdata)
    db18                                     0x00006698   Data         288  wavefilt.o(.constdata)
    db19                                     0x000067b8   Data         304  wavefilt.o(.constdata)
    db20                                     0x000068e8   Data         320  wavefilt.o(.constdata)
    coif1                                    0x00008b58   Data          48  wavefilt.o(.constdata)
    coif2                                    0x00008b88   Data          96  wavefilt.o(.constdata)
    coif3                                    0x00008be8   Data         144  wavefilt.o(.constdata)
    coif4                                    0x00008c78   Data         192  wavefilt.o(.constdata)
    coif5                                    0x00008d38   Data         240  wavefilt.o(.constdata)
    coif6                                    0x00008e28   Data         288  wavefilt.o(.constdata)
    coif7                                    0x00008f48   Data         336  wavefilt.o(.constdata)
    coif8                                    0x00009098   Data         384  wavefilt.o(.constdata)
    coif9                                    0x00009218   Data         432  wavefilt.o(.constdata)
    coif10                                   0x000093c8   Data         480  wavefilt.o(.constdata)
    coif11                                   0x000095a8   Data         528  wavefilt.o(.constdata)
    coif12                                   0x000097b8   Data         576  wavefilt.o(.constdata)
    coif13                                   0x000099f8   Data         624  wavefilt.o(.constdata)
    coif14                                   0x00009c68   Data         672  wavefilt.o(.constdata)
    coif15                                   0x00009f08   Data         720  wavefilt.o(.constdata)
    coif16                                   0x0000a1d8   Data         768  wavefilt.o(.constdata)
    coif17                                   0x0000a4d8   Data         816  wavefilt.o(.constdata)
    sym2                                     0x0000a808   Data          32  wavefilt.o(.constdata)
    sym3                                     0x0000a828   Data          48  wavefilt.o(.constdata)
    sym4                                     0x0000a858   Data          64  wavefilt.o(.constdata)
    sym5                                     0x0000a898   Data          80  wavefilt.o(.constdata)
    sym6                                     0x0000a8e8   Data          96  wavefilt.o(.constdata)
    sym7                                     0x0000a948   Data         112  wavefilt.o(.constdata)
    sym8                                     0x0000a9b8   Data         128  wavefilt.o(.constdata)
    sym9                                     0x0000aa38   Data         144  wavefilt.o(.constdata)
    sym10                                    0x0000aac8   Data         160  wavefilt.o(.constdata)
    sym11                                    0x0000ab68   Data         176  wavefilt.o(.constdata)
    sym12                                    0x0000ac18   Data         192  wavefilt.o(.constdata)
    sym13                                    0x0000acd8   Data         208  wavefilt.o(.constdata)
    sym14                                    0x0000ada8   Data         224  wavefilt.o(.constdata)
    sym15                                    0x0000ae88   Data         240  wavefilt.o(.constdata)
    sym16                                    0x0000af78   Data         256  wavefilt.o(.constdata)
    sym17                                    0x0000b078   Data         272  wavefilt.o(.constdata)
    sym18                                    0x0000b188   Data         288  wavefilt.o(.constdata)
    sym19                                    0x0000b2a8   Data         304  wavefilt.o(.constdata)
    sym20                                    0x0000b3d8   Data         320  wavefilt.o(.constdata)
    h1                                       0x0000b518   Data          80  wavefilt.o(.constdata)
    hm1_11                                   0x0000b568   Data          16  wavefilt.o(.constdata)
    hm1_13                                   0x0000b578   Data          48  wavefilt.o(.constdata)
    hm1_15                                   0x0000b5a8   Data          80  wavefilt.o(.constdata)
    h2                                       0x0000b5f8   Data         144  wavefilt.o(.constdata)
    hm2_22                                   0x0000b688   Data          48  wavefilt.o(.constdata)
    hm2_24                                   0x0000b6b8   Data          80  wavefilt.o(.constdata)
    hm2_26                                   0x0000b708   Data         112  wavefilt.o(.constdata)
    hm2_28                                   0x0000b778   Data         144  wavefilt.o(.constdata)
    h3                                       0x0000b808   Data         160  wavefilt.o(.constdata)
    hm3_31                                   0x0000b8a8   Data          32  wavefilt.o(.constdata)
    hm3_33                                   0x0000b8c8   Data          64  wavefilt.o(.constdata)
    hm3_35                                   0x0000b908   Data          96  wavefilt.o(.constdata)
    hm3_37                                   0x0000b968   Data         128  wavefilt.o(.constdata)
    hm3_39                                   0x0000b9e8   Data         160  wavefilt.o(.constdata)
    h4                                       0x0000ba88   Data          80  wavefilt.o(.constdata)
    hm4_44                                   0x0000bad8   Data          80  wavefilt.o(.constdata)
    h5                                       0x0000bb28   Data          96  wavefilt.o(.constdata)
    hm5_55                                   0x0000bb88   Data          96  wavefilt.o(.constdata)
    h6                                       0x0000bbe8   Data         144  wavefilt.o(.constdata)
    hm6_68                                   0x0000bc78   Data         144  wavefilt.o(.constdata)
    meyer                                    0x0000bd08   Data         816  wavefilt.o(.constdata)
    .constdata                               0x0000c040   Section       49  ad8233.o(.constdata)
    default_config                           0x0000c040   Data           4  ad8233.o(.constdata)
    delay_machine_code                       0x0000c050   Data           6  ad8233.o(.constdata)
    m_timer                                  0x0000c058   Data           8  ad8233.o(.constdata)
    .constdata                               0x0000c078   Section       56  log.o(.constdata)
    Lg2                                      0x0000c078   Data          24  log.o(.constdata)
    Lg                                       0x0000c090   Data          32  log.o(.constdata)
    .constdata                               0x0000c0b0   Section        8  qnan.o(.constdata)
    .constdata                               0x0000c0b8   Section      129  ctype_o.o(.constdata)
    .constdata                               0x0000c13c   Section        4  ctype_o.o(.constdata)
    table                                    0x0000c13c   Data           4  ctype_o.o(.constdata)
    .conststring                             0x0000c140   Section      164  wavelib.o(.conststring)
    .conststring                             0x0000c1e4   Section        4  ad8233.o(.conststring)
    .data                                    0x20000000   Section        2  main.o(.data)
    .data                                    0x20000004   Section        4  main.o(.data)
    .data                                    0x20000008   Section        4  main.o(.data)
    .data                                    0x2000000c   Section       60  tasks.o(.data)
    uxDeletedTasksWaitingCleanUp             0x20000010   Data           4  tasks.o(.data)
    uxCurrentNumberOfTasks                   0x20000014   Data           4  tasks.o(.data)
    xTickCount                               0x20000018   Data           4  tasks.o(.data)
    uxTopReadyPriority                       0x2000001c   Data           4  tasks.o(.data)
    xSchedulerRunning                        0x20000020   Data           4  tasks.o(.data)
    uxPendedTicks                            0x20000024   Data           4  tasks.o(.data)
    xYieldPending                            0x20000028   Data           4  tasks.o(.data)
    xNumOfOverflows                          0x2000002c   Data           4  tasks.o(.data)
    uxTaskNumber                             0x20000030   Data           4  tasks.o(.data)
    xNextTaskUnblockTime                     0x20000034   Data           4  tasks.o(.data)
    xIdleTaskHandle                          0x20000038   Data           4  tasks.o(.data)
    uxSchedulerSuspended                     0x2000003c   Data           4  tasks.o(.data)
    pxDelayedTaskList                        0x20000040   Data           4  tasks.o(.data)
    pxOverflowDelayedTaskList                0x20000044   Data           4  tasks.o(.data)
    .data                                    0x20000048   Section        8  nrfx_clock.o(.data)
    m_clock_cb                               0x20000048   Data           8  nrfx_clock.o(.data)
    .data                                    0x20000050   Section        8  nrfx_ppi.o(.data)
    m_groups_allocated                       0x20000050   Data           1  nrfx_ppi.o(.data)
    m_channels_allocated                     0x20000054   Data           4  nrfx_ppi.o(.data)
    .data                                    0x20000058   Section        1  nrf_drv_ppi.o(.data)
    m_drv_state                              0x20000058   Data           1  nrf_drv_ppi.o(.data)
    .data                                    0x2000005c   Section        8  nrfx_prs.o(.data)
    m_prs_box_4                              0x2000005c   Data           8  nrfx_prs.o(.data)
    .data                                    0x20000064   Section        4  app_util_platform.o(.data)
    m_in_critical_region                     0x20000064   Data           4  app_util_platform.o(.data)
    .data                                    0x20000068   Section       54  pantompkins.o(.data)
    Prev_valBP                               0x20000068   Data           2  pantompkins.o(.data)
    Prev_Prev_valBP                          0x2000006a   Data           2  pantompkins.o(.data)
    Best_PeakBP                              0x2000006c   Data           2  pantompkins.o(.data)
    Prev_valDR                               0x2000006e   Data           2  pantompkins.o(.data)
    Prev_Prev_valDR                          0x20000070   Data           2  pantompkins.o(.data)
    Best_PeakDR                              0x20000072   Data           2  pantompkins.o(.data)
    Old_PeakDR                               0x20000074   Data           2  pantompkins.o(.data)
    Count_SinceRR                            0x20000076   Data           2  pantompkins.o(.data)
    RR1_p                                    0x20000078   Data           2  pantompkins.o(.data)
    RR2_p                                    0x2000007a   Data           2  pantompkins.o(.data)
    RR1_sum                                  0x2000007c   Data           2  pantompkins.o(.data)
    RR2_sum                                  0x2000007e   Data           2  pantompkins.o(.data)
    BlankTimeCnt                             0x20000080   Data           2  pantompkins.o(.data)
    SBcntI                                   0x20000082   Data           2  pantompkins.o(.data)
    SB_peakBP                                0x20000084   Data           2  pantompkins.o(.data)
    SB_peakDR                                0x20000086   Data           2  pantompkins.o(.data)
    y_h                                      0x20000088   Data           2  pantompkins.o(.data)
    st_mean_pkBP                             0x2000008a   Data           2  pantompkins.o(.data)
    MV_sum                                   0x2000008c   Data           2  pantompkins.o(.data)
    PEAKI_temp                               0x2000008e   Data           2  pantompkins.o(.data)
    st_mx_pk                                 0x20000090   Data           2  pantompkins.o(.data)
    st_mean_pk                               0x20000092   Data           2  pantompkins.o(.data)
    Prev_val                                 0x20000094   Data           2  pantompkins.o(.data)
    Prev_Prev_val                            0x20000096   Data           2  pantompkins.o(.data)
    SB_peakI                                 0x20000098   Data           2  pantompkins.o(.data)
    LP_y_new                                 0x2000009a   Data           2  pantompkins.o(.data)
    LP_y_old                                 0x2000009c   Data           2  pantompkins.o(.data)
    .data                                    0x200000a0   Section       24  filter.o(.data)
    fisrt_flag                               0x200000a0   Data           1  filter.o(.data)
    out_last                                 0x200000b4   Data           4  filter.o(.data)
    .data                                    0x200000b8   Section       42  ad8233.o(.data)
    ii                                       0x200000b8   Data           1  ad8233.o(.data)
    m_ppi_channel                            0x200000b9   Data           1  ad8233.o(.data)
    .data                                    0x200000e4   Section        4  system_nrf52.o(.data)
    __tagsym$$used                           0x200000e4   Number         0  system_nrf52.o(.data)
    .data                                    0x200000e8   Section        4  stdout.o(.data)
    .data                                    0x200000ec   Section        4  mvars.o(.data)
    .data                                    0x200000f0   Section        4  mvars.o(.data)
    .data                                    0x200000f4   Section        4  errno.o(.data)
    _errno                                   0x200000f4   Data           4  errno.o(.data)
    .bss                                     0x200000f8   Section       48  main.o(.bss)
    .bss                                     0x20000128   Section      740  tasks.o(.bss)
    pxReadyTasksLists                        0x20000128   Data         640  tasks.o(.bss)
    xDelayedTaskList1                        0x200003a8   Data          20  tasks.o(.bss)
    xDelayedTaskList2                        0x200003bc   Data          20  tasks.o(.bss)
    xPendingReadyList                        0x200003d0   Data          20  tasks.o(.bss)
    xTasksWaitingTermination                 0x200003e4   Data          20  tasks.o(.bss)
    xSuspendedTaskList                       0x200003f8   Data          20  tasks.o(.bss)
    .bss                                     0x2000040c   Section      108  nrfx_gpiote.o(.bss)
    m_cb                                     0x2000040c   Data         108  nrfx_gpiote.o(.bss)
    .bss                                     0x20000478   Section       48  nrfx_saadc.o(.bss)
    m_cb                                     0x20000478   Data          48  nrfx_saadc.o(.bss)
    .bss                                     0x200004a8   Section       60  nrfx_timer.o(.bss)
    m_cb                                     0x200004a8   Data          60  nrfx_timer.o(.bss)
    .bss                                     0x200004e4   Section       52  nrfx_twim.o(.bss)
    m_cb                                     0x200004e4   Data          52  nrfx_twim.o(.bss)
    .bss                                     0x20000518   Section      234  pantompkins.o(.bss)
    PT_data                                  0x20000518   Data         234  pantompkins.o(.bss)
    HEAP                                     0x20000608   Section     8192  arm_startup_nrf52840.o(HEAP)
    STACK                                    0x20002608   Section     8192  arm_startup_nrf52840.o(STACK)

    Global Symbols

    Symbol Name                              Value     Ov Type        Size  Object(Section)

    BuildAttributes$$THM_ISAv4$E$P$D$K$B$S$7EM$VFPi3$EXTD16$VFPS$VFMA$PE$A:L22UL41UL21$X:L11$S22US41US21$IEEE1$IW$USESV6$~STKCKD$USESV7$~SHL$OTIME$ROPI$IEEEX$EBA8$MICROLIB$REQ8$EABIv2 0x00000000   Number         0  anon$$obj.o ABSOLUTE
    __ARM_use_no_argv                        0x00000000   Number         0  main.o ABSOLUTE
    __Vectors                                0x00000000   Data           4  arm_startup_nrf52840.o(RESET)
    _printf_a                                0x00000000   Number         0  stubs.o ABSOLUTE
    _printf_c                                0x00000000   Number         0  stubs.o ABSOLUTE
    _printf_charcount                        0x00000000   Number         0  stubs.o ABSOLUTE
    _printf_d                                0x00000000   Number         0  stubs.o ABSOLUTE
    _printf_e                                0x00000000   Number         0  stubs.o ABSOLUTE
    _printf_f                                0x00000000   Number         0  stubs.o ABSOLUTE
    _printf_flags                            0x00000000   Number         0  stubs.o ABSOLUTE
    _printf_fp_dec                           0x00000000   Number         0  stubs.o ABSOLUTE
    _printf_fp_hex                           0x00000000   Number         0  stubs.o ABSOLUTE
    _printf_g                                0x00000000   Number         0  stubs.o ABSOLUTE
    _printf_i                                0x00000000   Number         0  stubs.o ABSOLUTE
    _printf_int_dec                          0x00000000   Number         0  stubs.o ABSOLUTE
    _printf_l                                0x00000000   Number         0  stubs.o ABSOLUTE
    _printf_lc                               0x00000000   Number         0  stubs.o ABSOLUTE
    _printf_ll                               0x00000000   Number         0  stubs.o ABSOLUTE
    _printf_lld                              0x00000000   Number         0  stubs.o ABSOLUTE
    _printf_lli                              0x00000000   Number         0  stubs.o ABSOLUTE
    _printf_llo                              0x00000000   Number         0  stubs.o ABSOLUTE
    _printf_llu                              0x00000000   Number         0  stubs.o ABSOLUTE
    _printf_llx                              0x00000000   Number         0  stubs.o ABSOLUTE
    _printf_longlong_dec                     0x00000000   Number         0  stubs.o ABSOLUTE
    _printf_longlong_hex                     0x00000000   Number         0  stubs.o ABSOLUTE
    _printf_longlong_oct                     0x00000000   Number         0  stubs.o ABSOLUTE
    _printf_ls                               0x00000000   Number         0  stubs.o ABSOLUTE
    _printf_mbtowc                           0x00000000   Number         0  stubs.o ABSOLUTE
    _printf_n                                0x00000000   Number         0  stubs.o ABSOLUTE
    _printf_o                                0x00000000   Number         0  stubs.o ABSOLUTE
    _printf_p                                0x00000000   Number         0  stubs.o ABSOLUTE
    _printf_percent                          0x00000000   Number         0  stubs.o ABSOLUTE
    _printf_pre_padding                      0x00000000   Number         0  stubs.o ABSOLUTE
    _printf_return_value                     0x00000000   Number         0  stubs.o ABSOLUTE
    _printf_s                                0x00000000   Number         0  stubs.o ABSOLUTE
    _printf_sizespec                         0x00000000   Number         0  stubs.o ABSOLUTE
    _printf_str                              0x00000000   Number         0  stubs.o ABSOLUTE
    _printf_truncate_signed                  0x00000000   Number         0  stubs.o ABSOLUTE
    _printf_truncate_unsigned                0x00000000   Number         0  stubs.o ABSOLUTE
    _printf_u                                0x00000000   Number         0  stubs.o ABSOLUTE
    _printf_wc                               0x00000000   Number         0  stubs.o ABSOLUTE
    _printf_wctomb                           0x00000000   Number         0  stubs.o ABSOLUTE
    _printf_widthprec                        0x00000000   Number         0  stubs.o ABSOLUTE
    _printf_x                                0x00000000   Number         0  stubs.o ABSOLUTE
    __arm_fini_                               - Undefined Weak Reference
    __cpp_initialize__aeabi_                  - Undefined Weak Reference
    __cxa_finalize                            - Undefined Weak Reference
    __decompress                              - Undefined Weak Reference
    _clock_init                               - Undefined Weak Reference
    _microlib_exit                            - Undefined Weak Reference
    __Vectors_End                            0x00000200   Data           0  arm_startup_nrf52840.o(RESET)
    __Vectors_Size                           0x00000200   Number         0  arm_startup_nrf52840.o ABSOLUTE
    __main                                   0x00000201   Thumb Code     0  entry.o(.ARM.Collect$$$$00000000)
    _main_stk                                0x00000201   Thumb Code     0  entry2.o(.ARM.Collect$$$$00000001)
    _main_scatterload                        0x00000205   Thumb Code     0  entry5.o(.ARM.Collect$$$$00000004)
    __main_after_scatterload                 0x00000209   Thumb Code     0  entry5.o(.ARM.Collect$$$$00000004)
    _main_clock                              0x00000209   Thumb Code     0  entry7b.o(.ARM.Collect$$$$00000008)
    _main_cpp_init                           0x00000209   Thumb Code     0  entry8b.o(.ARM.Collect$$$$0000000A)
    _main_init                               0x00000209   Thumb Code     0  entry9a.o(.ARM.Collect$$$$0000000B)
    __rt_lib_shutdown_fini                   0x00000211   Thumb Code     0  entry12b.o(.ARM.Collect$$$$0000000E)
    __rt_final_cpp                           0x00000215   Thumb Code     0  entry10a.o(.ARM.Collect$$$$0000000F)
    __rt_final_exit                          0x00000215   Thumb Code     0  entry11a.o(.ARM.Collect$$$$00000011)
    SVC_Handler                              0x00000219   Thumb Code    28  port.o(.emb_text)
    vPortStartFirstTask                      0x00000239   Thumb Code    24  port.o(.emb_text)
    PendSV_Handler                           0x00000255   Thumb Code    88  port.o(.emb_text)
    Reset_Handler                            0x000002b1   Thumb Code     8  arm_startup_nrf52840.o(.text)
    NMI_Handler                              0x000002b9   Thumb Code     2  arm_startup_nrf52840.o(.text)
    HardFault_Handler                        0x000002bb   Thumb Code     2  arm_startup_nrf52840.o(.text)
    MemoryManagement_Handler                 0x000002bd   Thumb Code     2  arm_startup_nrf52840.o(.text)
    BusFault_Handler                         0x000002bf   Thumb Code     2  arm_startup_nrf52840.o(.text)
    UsageFault_Handler                       0x000002c1   Thumb Code     2  arm_startup_nrf52840.o(.text)
    DebugMon_Handler                         0x000002c5   Thumb Code     2  arm_startup_nrf52840.o(.text)
    SysTick_Handler                          0x000002c9   Thumb Code     2  arm_startup_nrf52840.o(.text)
    CCM_AAR_IRQHandler                       0x000002cb   Thumb Code     0  arm_startup_nrf52840.o(.text)
    COMP_LPCOMP_IRQHandler                   0x000002cb   Thumb Code     0  arm_startup_nrf52840.o(.text)
    CRYPTOCELL_IRQHandler                    0x000002cb   Thumb Code     0  arm_startup_nrf52840.o(.text)
    ECB_IRQHandler                           0x000002cb   Thumb Code     0  arm_startup_nrf52840.o(.text)
    FPU_IRQHandler                           0x000002cb   Thumb Code     0  arm_startup_nrf52840.o(.text)
    I2S_IRQHandler                           0x000002cb   Thumb Code     0  arm_startup_nrf52840.o(.text)
    MWU_IRQHandler                           0x000002cb   Thumb Code     0  arm_startup_nrf52840.o(.text)
    NFCT_IRQHandler                          0x000002cb   Thumb Code     0  arm_startup_nrf52840.o(.text)
    PDM_IRQHandler                           0x000002cb   Thumb Code     0  arm_startup_nrf52840.o(.text)
    PWM0_IRQHandler                          0x000002cb   Thumb Code     0  arm_startup_nrf52840.o(.text)
    PWM1_IRQHandler                          0x000002cb   Thumb Code     0  arm_startup_nrf52840.o(.text)
    PWM2_IRQHandler                          0x000002cb   Thumb Code     0  arm_startup_nrf52840.o(.text)
    PWM3_IRQHandler                          0x000002cb   Thumb Code     0  arm_startup_nrf52840.o(.text)
    QDEC_IRQHandler                          0x000002cb   Thumb Code     0  arm_startup_nrf52840.o(.text)
    QSPI_IRQHandler                          0x000002cb   Thumb Code     0  arm_startup_nrf52840.o(.text)
    RADIO_IRQHandler                         0x000002cb   Thumb Code     0  arm_startup_nrf52840.o(.text)
    RNG_IRQHandler                           0x000002cb   Thumb Code     0  arm_startup_nrf52840.o(.text)
    RTC0_IRQHandler                          0x000002cb   Thumb Code     0  arm_startup_nrf52840.o(.text)
    RTC2_IRQHandler                          0x000002cb   Thumb Code     0  arm_startup_nrf52840.o(.text)
    SPIM1_SPIS1_TWIM1_TWIS1_SPI1_TWI1_IRQHandler 0x000002cb   Thumb Code     0  arm_startup_nrf52840.o(.text)
    SPIM2_SPIS2_SPI2_IRQHandler              0x000002cb   Thumb Code     0  arm_startup_nrf52840.o(.text)
    SPIM3_IRQHandler                         0x000002cb   Thumb Code     0  arm_startup_nrf52840.o(.text)
    SWI0_EGU0_IRQHandler                     0x000002cb   Thumb Code     0  arm_startup_nrf52840.o(.text)
    SWI1_EGU1_IRQHandler                     0x000002cb   Thumb Code     0  arm_startup_nrf52840.o(.text)
    SWI2_EGU2_IRQHandler                     0x000002cb   Thumb Code     0  arm_startup_nrf52840.o(.text)
    SWI3_EGU3_IRQHandler                     0x000002cb   Thumb Code     0  arm_startup_nrf52840.o(.text)
    SWI4_EGU4_IRQHandler                     0x000002cb   Thumb Code     0  arm_startup_nrf52840.o(.text)
    SWI5_EGU5_IRQHandler                     0x000002cb   Thumb Code     0  arm_startup_nrf52840.o(.text)
    TEMP_IRQHandler                          0x000002cb   Thumb Code     0  arm_startup_nrf52840.o(.text)
    UARTE1_IRQHandler                        0x000002cb   Thumb Code     0  arm_startup_nrf52840.o(.text)
    USBD_IRQHandler                          0x000002cb   Thumb Code     0  arm_startup_nrf52840.o(.text)
    WDT_IRQHandler                           0x000002cb   Thumb Code     0  arm_startup_nrf52840.o(.text)
    __aeabi_llsl                             0x000002d5   Thumb Code    30  llshl.o(.text)
    _ll_shift_l                              0x000002d5   Thumb Code     0  llshl.o(.text)
    __aeabi_llsr                             0x000002f3   Thumb Code    32  llushr.o(.text)
    _ll_ushift_r                             0x000002f3   Thumb Code     0  llushr.o(.text)
    __aeabi_memcpy                           0x00000313   Thumb Code    36  memcpya.o(.text)
    __aeabi_memcpy4                          0x00000313   Thumb Code     0  memcpya.o(.text)
    __aeabi_memcpy8                          0x00000313   Thumb Code     0  memcpya.o(.text)
    __aeabi_memset                           0x00000337   Thumb Code    14  memseta.o(.text)
    __aeabi_memset4                          0x00000337   Thumb Code     0  memseta.o(.text)
    __aeabi_memset8                          0x00000337   Thumb Code     0  memseta.o(.text)
    __aeabi_memclr                           0x00000345   Thumb Code     4  memseta.o(.text)
    __aeabi_memclr4                          0x00000345   Thumb Code     0  memseta.o(.text)
    __aeabi_memclr8                          0x00000345   Thumb Code     0  memseta.o(.text)
    _memset$wrapper                          0x00000349   Thumb Code    18  memseta.o(.text)
    strstr                                   0x0000035b   Thumb Code    36  strstr.o(.text)
    strlen                                   0x0000037f   Thumb Code    14  strlen.o(.text)
    strcmp                                   0x0000038d   Thumb Code    28  strcmp.o(.text)
    strcpy                                   0x000003a9   Thumb Code    18  strcpy.o(.text)
    atoi                                     0x000003bb   Thumb Code    26  atoi.o(.text)
    __aeabi_dadd                             0x000003d5   Thumb Code   322  dadd.o(.text)
    __aeabi_dsub                             0x00000517   Thumb Code     6  dadd.o(.text)
    __aeabi_drsub                            0x0000051d   Thumb Code     6  dadd.o(.text)
    __aeabi_dmul                             0x00000523   Thumb Code   228  dmul.o(.text)
    __aeabi_ddiv                             0x00000607   Thumb Code   222  ddiv.o(.text)
    __aeabi_i2d                              0x000006e5   Thumb Code    34  dflti.o(.text)
    __aeabi_d2iz                             0x00000707   Thumb Code    62  dfixi.o(.text)
    __aeabi_f2d                              0x00000745   Thumb Code    38  f2d.o(.text)
    __aeabi_cdcmpeq                          0x0000076d   Thumb Code     0  cdcmple.o(.text)
    __aeabi_cdcmple                          0x0000076d   Thumb Code    48  cdcmple.o(.text)
    __aeabi_cdrcmple                         0x0000079d   Thumb Code    48  cdrcmple.o(.text)
    __aeabi_d2f                              0x000007cd   Thumb Code    56  d2f.o(.text)
    __aeabi_uidiv                            0x00000805   Thumb Code     0  uidiv.o(.text)
    __aeabi_uidivmod                         0x00000805   Thumb Code    44  uidiv.o(.text)
    __aeabi_uldivmod                         0x00000831   Thumb Code    98  uldiv.o(.text)
    __aeabi_lasr                             0x00000893   Thumb Code    36  llsshr.o(.text)
    _ll_sshift_r                             0x00000893   Thumb Code     0  llsshr.o(.text)
    strtol                                   0x000008b7   Thumb Code   112  strtol.o(.text)
    __I$use$fp                               0x00000927   Thumb Code     0  iusefp.o(.text)
    _float_round                             0x00000927   Thumb Code    18  fepilogue.o(.text)
    _float_epilogue                          0x00000939   Thumb Code    92  fepilogue.o(.text)
    _double_round                            0x00000995   Thumb Code    30  depilogue.o(.text)
    _double_epilogue                         0x000009b3   Thumb Code   156  depilogue.o(.text)
    __aeabi_d2ulz                            0x00000a4f   Thumb Code    48  dfixul.o(.text)
    __scatterload                            0x00000a81   Thumb Code    28  init.o(.text)
    __scatterload_rt2                        0x00000a81   Thumb Code     0  init.o(.text)
    __rt_ctype_table                         0x00000aa5   Thumb Code     4  ctype_o.o(.text)
    __semihosting_library_function           0x00000aa5   Thumb Code     0  semi.o(.text)
    _strtoul                                 0x00000aad   Thumb Code   158  _strtoul.o(.text)
    __I$use$semihosting$fputc                0x00000b4b   Thumb Code     0  iusesemip.o(.text)
    _chval                                   0x00000b4b   Thumb Code    28  _chval.o(.text)
    DerivFilter                              0x00000b69   Thumb Code    70  pantompkins.o(i.DerivFilter)
    GPIOTE_IRQHandler                        0x00000bb5   Thumb Code   156  nrfx_gpiote.o(i.GPIOTE_IRQHandler)
    HPFilter                                 0x00000c59   Thumb Code   134  pantompkins.o(i.HPFilter)
    LPFilter                                 0x00000ce9   Thumb Code   108  pantompkins.o(i.LPFilter)
    LearningPhase1                           0x00000d5d   Thumb Code   144  pantompkins.o(i.LearningPhase1)
    MVAFilter                                0x00000df5   Thumb Code   112  pantompkins.o(i.MVAFilter)
    POWER_CLOCK_IRQHandler                   0x00000e6d   Thumb Code   154  nrfx_clock.o(i.POWER_CLOCK_IRQHandler)
    PT_StateMachine                          0x00000f11   Thumb Code   488  pantompkins.o(i.PT_StateMachine)
    PT_init                                  0x00001101   Thumb Code   224  pantompkins.o(i.PT_init)
    PeakDtcBP                                0x000011ed   Thumb Code    42  pantompkins.o(i.PeakDtcBP)
    PeakDtcDR                                0x0000121d   Thumb Code    42  pantompkins.o(i.PeakDtcDR)
    PeakDtcI                                 0x0000124d   Thumb Code    32  pantompkins.o(i.PeakDtcI)
    RTC1_IRQHandler                          0x00001275   Thumb Code    96  port_cmsis_systick.o(i.RTC1_IRQHandler)
    SAADC_IRQHandler                         0x000012dd   Thumb Code   320  nrfx_saadc.o(i.SAADC_IRQHandler)
    SPIM0_SPIS0_TWIM0_TWIS0_SPI0_TWI0_IRQHandler 0x00001425   Thumb Code     8  nrfx_twim.o(i.SPIM0_SPIS0_TWIM0_TWIS0_SPI0_TWI0_IRQHandler)
    SQRFilter                                0x00001435   Thumb Code    64  pantompkins.o(i.SQRFilter)
    SystemInit                               0x00001479   Thumb Code   420  system_nrf52.o(i.SystemInit)
    TIMER0_IRQHandler                        0x00001655   Thumb Code    10  nrfx_timer.o(i.TIMER0_IRQHandler)
    TIMER1_IRQHandler                        0x00001669   Thumb Code    10  nrfx_timer.o(i.TIMER1_IRQHandler)
    TIMER2_IRQHandler                        0x0000167d   Thumb Code    10  nrfx_timer.o(i.TIMER2_IRQHandler)
    TIMER3_IRQHandler                        0x00001691   Thumb Code    10  nrfx_timer.o(i.TIMER3_IRQHandler)
    TIMER4_IRQHandler                        0x000016a5   Thumb Code    10  nrfx_timer.o(i.TIMER4_IRQHandler)
    UARTE0_UART0_IRQHandler                  0x000016b9   Thumb Code     6  nrfx_prs.o(i.UARTE0_UART0_IRQHandler)
    UpdateRR                                 0x000016c5   Thumb Code   228  pantompkins.o(i.UpdateRR)
    UpdateThF                                0x000017b1   Thumb Code    88  pantompkins.o(i.UpdateThF)
    UpdateThI                                0x0000180d   Thumb Code    76  pantompkins.o(i.UpdateThI)
    __0printf                                0x00001879   Thumb Code    22  printfa.o(i.__0printf)
    __1printf                                0x00001879   Thumb Code     0  printfa.o(i.__0printf)
    __2printf                                0x00001879   Thumb Code     0  printfa.o(i.__0printf)
    __c89printf                              0x00001879   Thumb Code     0  printfa.o(i.__0printf)
    printf                                   0x00001879   Thumb Code     0  printfa.o(i.__0printf)
    __aeabi_errno_addr                       0x00001899   Thumb Code     4  errno.o(i.__aeabi_errno_addr)
    __rt_errno_addr                          0x00001899   Thumb Code     0  errno.o(i.__aeabi_errno_addr)
    __hardfp_log                             0x000018a1   Thumb Code   872  log.o(i.__hardfp_log)
    __kernel_poly                            0x00001c65   Thumb Code   248  poly.o(i.__kernel_poly)
    __mathlib_dbl_divzero                    0x00001d61   Thumb Code    28  dunder.o(i.__mathlib_dbl_divzero)
    __mathlib_dbl_infnan                     0x00001d91   Thumb Code    20  dunder.o(i.__mathlib_dbl_infnan)
    __mathlib_dbl_invalid                    0x00001da9   Thumb Code    24  dunder.o(i.__mathlib_dbl_invalid)
    __scatterload_copy                       0x00001dc9   Thumb Code    14  handlers.o(i.__scatterload_copy)
    __scatterload_null                       0x00001dd7   Thumb Code     2  handlers.o(i.__scatterload_null)
    __scatterload_zeroinit                   0x00001dd9   Thumb Code    14  handlers.o(i.__scatterload_zeroinit)
    __set_errno                              0x00001de9   Thumb Code     6  errno.o(i.__set_errno)
    ad8233_init                              0x00002681   Thumb Code    84  ad8233.o(i.ad8233_init)
    app_error_fault_handler                  0x000026d9   Thumb Code    40  app_error_weak.o(i.app_error_fault_handler)
    app_error_handler_bare                   0x00002709   Thumb Code    22  app_error.o(i.app_error_handler_bare)
    app_util_critical_region_enter           0x0000271f   Thumb Code     4  app_util_platform.o(i.app_util_critical_region_enter)
    app_util_critical_region_exit            0x00002723   Thumb Code     4  app_util_platform.o(i.app_util_critical_region_exit)
    app_util_disable_irq                     0x00002729   Thumb Code    12  app_util_platform.o(i.app_util_disable_irq)
    app_util_enable_irq                      0x00002739   Thumb Code    14  app_util_platform.o(i.app_util_enable_irq)
    copy                                     0x0000275d   Thumb Code    32  wavefilt.o(i.copy)
    copy_reverse                             0x0000277d   Thumb Code    32  wavefilt.o(i.copy_reverse)
    filtcoef                                 0x0000279d   Thumb Code  7618  wavefilt.o(i.filtcoef)
    filtlength                               0x0000457d   Thumb Code   678  wavefilt.o(i.filtlength)
    fputc                                    0x00004991   Thumb Code    18  fputc.o(i.fputc)
    free                                     0x000049a5   Thumb Code    76  malloc.o(i.free)
    low_pass_filter                          0x00004a61   Thumb Code    42  filter.o(i.low_pass_filter)
    low_pass_filter_init                     0x00004a91   Thumb Code    92  filter.o(i.low_pass_filter_init)
    main                                     0x00004af9   Thumb Code    16  main.o(i.main)
    malloc                                   0x00004b0d   Thumb Code    92  malloc.o(i.malloc)
    moving_average_filter                    0x00004b79   Thumb Code    98  filter.o(i.moving_average_filter)
    moving_average_filter_init               0x00004bdd   Thumb Code    16  filter.o(i.moving_average_filter_init)
    nrf_drv_ppi_init                         0x00004c21   Thumb Code    18  nrf_drv_ppi.o(i.nrf_drv_ppi_init)
    nrfx_ppi_channel_alloc                   0x00004dad   Thumb Code    88  nrfx_ppi.o(i.nrfx_ppi_channel_alloc)
    nrfx_ppi_channel_assign                  0x00004e0d   Thumb Code    62  nrfx_ppi.o(i.nrfx_ppi_channel_assign)
    nrfx_ppi_channel_enable                  0x00004e51   Thumb Code    36  nrfx_ppi.o(i.nrfx_ppi_channel_enable)
    nrfx_saadc_buffer_convert                0x00004e79   Thumb Code   154  nrfx_saadc.o(i.nrfx_saadc_buffer_convert)
    nrfx_saadc_channel_init                  0x00004f1d   Thumb Code   132  nrfx_saadc.o(i.nrfx_saadc_channel_init)
    nrfx_saadc_init                          0x00004fa9   Thumb Code   130  nrfx_saadc.o(i.nrfx_saadc_init)
    nrfx_saadc_sample_task_get               0x0000503d   Thumb Code    20  nrfx_saadc.o(i.nrfx_saadc_sample_task_get)
    nrfx_timer_compare                       0x00005059   Thumb Code    58  nrfx_timer.o(i.nrfx_timer_compare)
    nrfx_timer_enable                        0x00005095   Thumb Code    24  nrfx_timer.o(i.nrfx_timer_enable)
    nrfx_timer_extended_compare              0x000050b1   Thumb Code    42  nrfx_timer.o(i.nrfx_timer_extended_compare)
    nrfx_timer_init                          0x000050dd   Thumb Code   188  nrfx_timer.o(i.nrfx_timer_init)
    nvmc_config                              0x0000519d   Thumb Code    14  system_nrf52.o(i.nvmc_config)
    qmf_even                                 0x000052b5   Thumb Code    58  wavefilt.o(i.qmf_even)
    qmf_wrev                                 0x000052ef   Thumb Code    48  wavefilt.o(i.qmf_wrev)
    saadc_callback                           0x00005321   Thumb Code   194  ad8233.o(i.saadc_callback)
    saadc_init                               0x00005409   Thumb Code    58  ad8233.o(i.saadc_init)
    saadc_sampling_event_enable              0x00005451   Thumb Code    24  ad8233.o(i.saadc_sampling_event_enable)
    saadc_sampling_event_init                0x0000546d   Thumb Code   138  ad8233.o(i.saadc_sampling_event_init)
    setDWTExtension                          0x00005505   Thumb Code    54  wavelib.o(i.setDWTExtension)
    setWTConv                                0x00005571   Thumb Code    64  wavelib.o(i.setWTConv)
    testSWTlength                            0x000055f9   Thumb Code    36  wtmath.o(i.testSWTlength)
    timer_handler                            0x0000561d   Thumb Code     2  ad8233.o(i.timer_handler)
    uxListRemove                             0x000057b5   Thumb Code    38  list.o(i.uxListRemove)
    vListInsertEnd                           0x000057db   Thumb Code    24  list.o(i.vListInsertEnd)
    vTaskSwitchContext                       0x000057f5   Thumb Code    60  tasks.o(i.vTaskSwitchContext)
    wave_free                                0x00005839   Thumb Code     4  wavelib.o(i.wave_free)
    wave_init                                0x0000583d   Thumb Code   118  wavelib.o(i.wave_init)
    wmaxiter                                 0x000058b5   Thumb Code   102  wtmath.o(i.wmaxiter)
    wt_free                                  0x0000592d   Thumb Code     4  wavelib.o(i.wt_free)
    wt_init                                  0x00005931   Thumb Code   466  wavelib.o(i.wt_init)
    xTaskGetSchedulerState                   0x00005bd1   Thumb Code    22  tasks.o(i.xTaskGetSchedulerState)
    xTaskGetTickCount                        0x00005bed   Thumb Code     6  tasks.o(i.xTaskGetTickCount)
    xTaskIncrementTick                       0x00005bf9   Thumb Code   150  tasks.o(i.xTaskIncrementTick)
    db21                                     0x00006a28   Data         336  wavefilt.o(.constdata)
    db22                                     0x00006b78   Data         352  wavefilt.o(.constdata)
    db23                                     0x00006cd8   Data         368  wavefilt.o(.constdata)
    db24                                     0x00006e48   Data         384  wavefilt.o(.constdata)
    db25                                     0x00006fc8   Data         400  wavefilt.o(.constdata)
    db26                                     0x00007158   Data         416  wavefilt.o(.constdata)
    db27                                     0x000072f8   Data         432  wavefilt.o(.constdata)
    db28                                     0x000074a8   Data         448  wavefilt.o(.constdata)
    db29                                     0x00007668   Data         464  wavefilt.o(.constdata)
    db30                                     0x00007838   Data         480  wavefilt.o(.constdata)
    db31                                     0x00007a18   Data         496  wavefilt.o(.constdata)
    db32                                     0x00007c08   Data         512  wavefilt.o(.constdata)
    db33                                     0x00007e08   Data         528  wavefilt.o(.constdata)
    db34                                     0x00008018   Data         544  wavefilt.o(.constdata)
    db35                                     0x00008238   Data         560  wavefilt.o(.constdata)
    db36                                     0x00008468   Data         576  wavefilt.o(.constdata)
    db37                                     0x000086a8   Data         592  wavefilt.o(.constdata)
    db38                                     0x000088f8   Data         608  wavefilt.o(.constdata)
    __mathlib_zero                           0x0000c0b0   Data           8  qnan.o(.constdata)
    __ctype_table                            0x0000c0b8   Data         129  ctype_o.o(.constdata)
    Region$$Table$$Base                      0x0000c1e8   Number         0  anon$$obj.o(Region$$Table)
    Region$$Table$$Limit                     0x0000c208   Number         0  anon$$obj.o(Region$$Table)
    adc_value                                0x20000000   Data           2  main.o(.data)
    adc_MVA                                  0x20000004   Data           4  main.o(.data)
    adc_LPF                                  0x20000008   Data           4  main.o(.data)
    pxCurrentTCB                             0x2000000c   Data           4  tasks.o(.data)
    fc                                       0x200000a4   Data           4  filter.o(.data)
    Ts                                       0x200000a8   Data           4  filter.o(.data)
    pi                                       0x200000ac   Data           4  filter.o(.data)
    alpha                                    0x200000b0   Data           4  filter.o(.data)
    name                                     0x200000bc   Data           4  ad8233.o(.data)
    obj                                      0x200000c0   Data           4  ad8233.o(.data)
    wt                                       0x200000c4   Data           4  ad8233.o(.data)
    inp                                      0x200000c8   Data           4  ad8233.o(.data)
    out                                      0x200000cc   Data           4  ad8233.o(.data)
    diff                                     0x200000d0   Data           4  ad8233.o(.data)
    N                                        0x200000d4   Data           4  ad8233.o(.data)
    J                                        0x200000d8   Data           4  ad8233.o(.data)
    m_buffer_pool                            0x200000dc   Data           6  ad8233.o(.data)
    SystemCoreClock                          0x200000e4   Data           4  system_nrf52.o(.data)
    __stdout                                 0x200000e8   Data           4  stdout.o(.data)
    __microlib_freelist                      0x200000ec   Data           4  mvars.o(.data)
    __microlib_freelist_initialised          0x200000f0   Data           4  mvars.o(.data)
    MVA_data                                 0x200000f8   Data          48  main.o(.bss)
    __heap_base                              0x20000608   Data           0  arm_startup_nrf52840.o(HEAP)
    __heap_limit                             0x20002608   Data           0  arm_startup_nrf52840.o(HEAP)
    __initial_sp                             0x20004608   Data           0  arm_startup_nrf52840.o(STACK)



==============================================================================

Memory Map of the image

  Image Entry point : 0x00000201

  Load Region LR_IROM1 (Base: 0x00000000, Size: 0x0000c300, Max: 0x00100000, ABSOLUTE)

    Execution Region ER_IROM1 (Exec base: 0x00000000, Load base: 0x00000000, Size: 0x0000c208, Max: 0x00100000, ABSOLUTE)

    Exec Addr    Load Addr    Size         Type   Attr      Idx    E Section Name        Object

    0x00000000   0x00000000   0x00000200   Data   RO         6442    RESET               arm_startup_nrf52840.o
    0x00000200   0x00000200   0x00000000   Code   RO         6636  * .ARM.Collect$$$$00000000  mc_w.l(entry.o)
    0x00000200   0x00000200   0x00000004   Code   RO         7003    .ARM.Collect$$$$00000001  mc_w.l(entry2.o)
    0x00000204   0x00000204   0x00000004   Code   RO         7006    .ARM.Collect$$$$00000004  mc_w.l(entry5.o)
    0x00000208   0x00000208   0x00000000   Code   RO         7008    .ARM.Collect$$$$00000008  mc_w.l(entry7b.o)
    0x00000208   0x00000208   0x00000000   Code   RO         7010    .ARM.Collect$$$$0000000A  mc_w.l(entry8b.o)
    0x00000208   0x00000208   0x00000008   Code   RO         7011    .ARM.Collect$$$$0000000B  mc_w.l(entry9a.o)
    0x00000210   0x00000210   0x00000004   Code   RO         7018    .ARM.Collect$$$$0000000E  mc_w.l(entry12b.o)
    0x00000214   0x00000214   0x00000000   Code   RO         7013    .ARM.Collect$$$$0000000F  mc_w.l(entry10a.o)
    0x00000214   0x00000214   0x00000000   Code   RO         7015    .ARM.Collect$$$$00000011  mc_w.l(entry11a.o)
    0x00000214   0x00000214   0x00000004   Code   RO         7004    .ARM.Collect$$$$00002712  mc_w.l(entry2.o)
    0x00000218   0x00000218   0x00000098   Code   RO          796    .emb_text           port.o
    0x000002b0   0x000002b0   0x00000024   Code   RO         6443    .text               arm_startup_nrf52840.o
    0x000002d4   0x000002d4   0x0000001e   Code   RO         6639    .text               mc_w.l(llshl.o)
    0x000002f2   0x000002f2   0x00000020   Code   RO         6641    .text               mc_w.l(llushr.o)
    0x00000312   0x00000312   0x00000024   Code   RO         6643    .text               mc_w.l(memcpya.o)
    0x00000336   0x00000336   0x00000024   Code   RO         6645    .text               mc_w.l(memseta.o)
    0x0000035a   0x0000035a   0x00000024   Code   RO         6647    .text               mc_w.l(strstr.o)
    0x0000037e   0x0000037e   0x0000000e   Code   RO         6649    .text               mc_w.l(strlen.o)
    0x0000038c   0x0000038c   0x0000001c   Code   RO         6651    .text               mc_w.l(strcmp.o)
    0x000003a8   0x000003a8   0x00000012   Code   RO         6653    .text               mc_w.l(strcpy.o)
    0x000003ba   0x000003ba   0x0000001a   Code   RO         6948    .text               mc_w.l(atoi.o)
    0x000003d4   0x000003d4   0x0000014e   Code   RO         6950    .text               mf_w.l(dadd.o)
    0x00000522   0x00000522   0x000000e4   Code   RO         6952    .text               mf_w.l(dmul.o)
    0x00000606   0x00000606   0x000000de   Code   RO         6954    .text               mf_w.l(ddiv.o)
    0x000006e4   0x000006e4   0x00000022   Code   RO         6958    .text               mf_w.l(dflti.o)
    0x00000706   0x00000706   0x0000003e   Code   RO         6960    .text               mf_w.l(dfixi.o)
    0x00000744   0x00000744   0x00000026   Code   RO         6962    .text               mf_w.l(f2d.o)
    0x0000076a   0x0000076a   0x00000002   PAD
    0x0000076c   0x0000076c   0x00000030   Code   RO         6964    .text               mf_w.l(cdcmple.o)
    0x0000079c   0x0000079c   0x00000030   Code   RO         6966    .text               mf_w.l(cdrcmple.o)
    0x000007cc   0x000007cc   0x00000038   Code   RO         6968    .text               mf_w.l(d2f.o)
    0x00000804   0x00000804   0x0000002c   Code   RO         7022    .text               mc_w.l(uidiv.o)
    0x00000830   0x00000830   0x00000062   Code   RO         7024    .text               mc_w.l(uldiv.o)
    0x00000892   0x00000892   0x00000024   Code   RO         7026    .text               mc_w.l(llsshr.o)
    0x000008b6   0x000008b6   0x00000070   Code   RO         7037    .text               mc_w.l(strtol.o)
    0x00000926   0x00000926   0x00000000   Code   RO         7039    .text               mc_w.l(iusefp.o)
    0x00000926   0x00000926   0x0000006e   Code   RO         7040    .text               mf_w.l(fepilogue.o)
    0x00000994   0x00000994   0x000000ba   Code   RO         7042    .text               mf_w.l(depilogue.o)
    0x00000a4e   0x00000a4e   0x00000030   Code   RO         7048    .text               mf_w.l(dfixul.o)
    0x00000a7e   0x00000a7e   0x00000002   PAD
    0x00000a80   0x00000a80   0x00000024   Code   RO         7050    .text               mc_w.l(init.o)
    0x00000aa4   0x00000aa4   0x00000000   Code   RO         7052    .text               mc_w.l(semi.o)
    0x00000aa4   0x00000aa4   0x00000008   Code   RO         7053    .text               mc_w.l(ctype_o.o)
    0x00000aac   0x00000aac   0x0000009e   Code   RO         7081    .text               mc_w.l(_strtoul.o)
    0x00000b4a   0x00000b4a   0x00000000   Code   RO         7083    .text               mc_w.l(iusesemip.o)
    0x00000b4a   0x00000b4a   0x0000001c   Code   RO         7086    .text               mc_w.l(_chval.o)
    0x00000b66   0x00000b66   0x00000002   PAD
    0x00000b68   0x00000b68   0x0000004c   Code   RO         4781    i.DerivFilter       pantompkins.o
    0x00000bb4   0x00000bb4   0x000000a4   Code   RO         2354    i.GPIOTE_IRQHandler  nrfx_gpiote.o
    0x00000c58   0x00000c58   0x00000090   Code   RO         4782    i.HPFilter          pantompkins.o
    0x00000ce8   0x00000ce8   0x00000074   Code   RO         4783    i.LPFilter          pantompkins.o
    0x00000d5c   0x00000d5c   0x00000098   Code   RO         4784    i.LearningPhase1    pantompkins.o
    0x00000df4   0x00000df4   0x00000078   Code   RO         4785    i.MVAFilter         pantompkins.o
    0x00000e6c   0x00000e6c   0x000000a4   Code   RO         2210    i.POWER_CLOCK_IRQHandler  nrfx_clock.o
    0x00000f10   0x00000f10   0x000001f0   Code   RO         4786    i.PT_StateMachine   pantompkins.o
    0x00001100   0x00001100   0x000000ec   Code   RO         4802    i.PT_init           pantompkins.o
    0x000011ec   0x000011ec   0x00000030   Code   RO         4803    i.PeakDtcBP         pantompkins.o
    0x0000121c   0x0000121c   0x00000030   Code   RO         4804    i.PeakDtcDR         pantompkins.o
    0x0000124c   0x0000124c   0x00000028   Code   RO         4805    i.PeakDtcI          pantompkins.o
    0x00001274   0x00001274   0x00000068   Code   RO          889    i.RTC1_IRQHandler   port_cmsis_systick.o
    0x000012dc   0x000012dc   0x00000148   Code   RO         2680    i.SAADC_IRQHandler  nrfx_saadc.o
    0x00001424   0x00001424   0x00000010   Code   RO         3200    i.SPIM0_SPIS0_TWIM0_TWIS0_SPI0_TWI0_IRQHandler  nrfx_twim.o
    0x00001434   0x00001434   0x00000044   Code   RO         4806    i.SQRFilter         pantompkins.o
    0x00001478   0x00001478   0x000001dc   Code   RO         6451    i.SystemInit        system_nrf52.o
    0x00001654   0x00001654   0x00000014   Code   RO         2836    i.TIMER0_IRQHandler  nrfx_timer.o
    0x00001668   0x00001668   0x00000014   Code   RO         2837    i.TIMER1_IRQHandler  nrfx_timer.o
    0x0000167c   0x0000167c   0x00000014   Code   RO         2838    i.TIMER2_IRQHandler  nrfx_timer.o
    0x00001690   0x00001690   0x00000014   Code   RO         2839    i.TIMER3_IRQHandler  nrfx_timer.o
    0x000016a4   0x000016a4   0x00000014   Code   RO         2840    i.TIMER4_IRQHandler  nrfx_timer.o
    0x000016b8   0x000016b8   0x0000000c   Code   RO         3440    i.UARTE0_UART0_IRQHandler  nrfx_prs.o
    0x000016c4   0x000016c4   0x000000ec   Code   RO         4807    i.UpdateRR          pantompkins.o
    0x000017b0   0x000017b0   0x0000005c   Code   RO         4808    i.UpdateThF         pantompkins.o
    0x0000180c   0x0000180c   0x00000050   Code   RO         4809    i.UpdateThI         pantompkins.o
    0x0000185c   0x0000185c   0x0000001a   Code   RO         3201    i._NRFX_IRQ_PENDING_CLEAR  nrfx_twim.o
    0x00001876   0x00001876   0x00000002   PAD
    0x00001878   0x00001878   0x00000020   Code   RO         6890    i.__0printf         mc_w.l(printfa.o)
    0x00001898   0x00001898   0x00000008   Code   RO         7030    i.__aeabi_errno_addr  mc_w.l(errno.o)
    0x000018a0   0x000018a0   0x000003c4   Code   RO         6572    i.__hardfp_log      m_wm.l(log.o)
    0x00001c64   0x00001c64   0x000000f8   Code   RO         6989    i.__kernel_poly     m_wm.l(poly.o)
    0x00001d5c   0x00001d5c   0x00000004   PAD
    0x00001d60   0x00001d60   0x00000030   Code   RO         6973    i.__mathlib_dbl_divzero  m_wm.l(dunder.o)
    0x00001d90   0x00001d90   0x00000014   Code   RO         6974    i.__mathlib_dbl_infnan  m_wm.l(dunder.o)
    0x00001da4   0x00001da4   0x00000004   PAD
    0x00001da8   0x00001da8   0x00000020   Code   RO         6976    i.__mathlib_dbl_invalid  m_wm.l(dunder.o)
    0x00001dc8   0x00001dc8   0x0000000e   Code   RO         7090    i.__scatterload_copy  mc_w.l(handlers.o)
    0x00001dd6   0x00001dd6   0x00000002   Code   RO         7091    i.__scatterload_null  mc_w.l(handlers.o)
    0x00001dd8   0x00001dd8   0x0000000e   Code   RO         7092    i.__scatterload_zeroinit  mc_w.l(handlers.o)
    0x00001de6   0x00001de6   0x00000002   PAD
    0x00001de8   0x00001de8   0x0000000c   Code   RO         7032    i.__set_errno       mc_w.l(errno.o)
    0x00001df4   0x00001df4   0x00000184   Code   RO         6897    i._fp_digits        mc_w.l(printfa.o)
    0x00001f78   0x00001f78   0x000006b4   Code   RO         6898    i._printf_core      mc_w.l(printfa.o)
    0x0000262c   0x0000262c   0x00000024   Code   RO         6899    i._printf_post_padding  mc_w.l(printfa.o)
    0x00002650   0x00002650   0x0000002e   Code   RO         6900    i._printf_pre_padding  mc_w.l(printfa.o)
    0x0000267e   0x0000267e   0x00000002   PAD
    0x00002680   0x00002680   0x00000058   Code   RO         5923    i.ad8233_init       ad8233.o
    0x000026d8   0x000026d8   0x00000030   Code   RO         4076    i.app_error_fault_handler  app_error_weak.o
    0x00002708   0x00002708   0x00000016   Code   RO         4012    i.app_error_handler_bare  app_error.o
    0x0000271e   0x0000271e   0x00000004   Code   RO         4188    i.app_util_critical_region_enter  app_util_platform.o
    0x00002722   0x00002722   0x00000004   Code   RO         4189    i.app_util_critical_region_exit  app_util_platform.o
    0x00002726   0x00002726   0x00000002   PAD
    0x00002728   0x00002728   0x00000010   Code   RO         4190    i.app_util_disable_irq  app_util_platform.o
    0x00002738   0x00002738   0x00000014   Code   RO         4191    i.app_util_enable_irq  app_util_platform.o
    0x0000274c   0x0000274c   0x00000010   Code   RO         2357    i.channel_port_get  nrfx_gpiote.o
    0x0000275c   0x0000275c   0x00000020   Code   RO         5838    i.copy              wavefilt.o
    0x0000277c   0x0000277c   0x00000020   Code   RO         5839    i.copy_reverse      wavefilt.o
    0x0000279c   0x0000279c   0x00001de0   Code   RO         5840    i.filtcoef          wavefilt.o
    0x0000457c   0x0000457c   0x00000414   Code   RO         5841    i.filtlength        wavefilt.o
    0x00004990   0x00004990   0x00000012   Code   RO         7019    i.fputc             mc_w.l(fputc.o)
    0x000049a2   0x000049a2   0x00000002   PAD
    0x000049a4   0x000049a4   0x00000050   Code   RO         6918    i.free              mc_w.l(malloc.o)
    0x000049f4   0x000049f4   0x00000046   Code   RO         2841    i.irq_handler       nrfx_timer.o
    0x00004a3a   0x00004a3a   0x00000002   PAD
    0x00004a3c   0x00004a3c   0x00000018   Code   RO         2995    i.is_allocated_channel  nrfx_ppi.o
    0x00004a54   0x00004a54   0x0000000c   Code   RO         2998    i.is_programmable_app_channel  nrfx_ppi.o
    0x00004a60   0x00004a60   0x00000030   Code   RO         4965    i.low_pass_filter   filter.o
    0x00004a90   0x00004a90   0x00000068   Code   RO         4966    i.low_pass_filter_init  filter.o
    0x00004af8   0x00004af8   0x00000014   Code   RO            4    i.main              main.o
    0x00004b0c   0x00004b0c   0x0000006c   Code   RO         6919    i.malloc            mc_w.l(malloc.o)
    0x00004b78   0x00004b78   0x00000062   Code   RO         4967    i.moving_average_filter  filter.o
    0x00004bda   0x00004bda   0x00000002   PAD
    0x00004bdc   0x00004bdc   0x00000014   Code   RO         4968    i.moving_average_filter_init  filter.o
    0x00004bf0   0x00004bf0   0x00000010   Code   RO         2358    i.nrf_bitmask_bit_is_set  nrfx_gpiote.o
    0x00004c00   0x00004c00   0x0000000e   Code   RO         2211    i.nrf_clock_event_check  nrfx_clock.o
    0x00004c0e   0x00004c0e   0x00000010   Code   RO         2212    i.nrf_clock_event_clear  nrfx_clock.o
    0x00004c1e   0x00004c1e   0x00000002   PAD
    0x00004c20   0x00004c20   0x00000018   Code   RO         3139    i.nrf_drv_ppi_init  nrf_drv_ppi.o
    0x00004c38   0x00004c38   0x00000018   Code   RO         5924    i.nrf_gpio_cfg_output  ad8233.o
    0x00004c50   0x00004c50   0x00000030   Code   RO         2361    i.nrf_gpio_cfg_sense_set  nrfx_gpiote.o
    0x00004c80   0x00004c80   0x00000030   Code   RO         2362    i.nrf_gpio_latches_read_and_clear  nrfx_gpiote.o
    0x00004cb0   0x00004cb0   0x0000001c   Code   RO         2364    i.nrf_gpio_pin_port_decode  nrfx_gpiote.o
    0x00004ccc   0x00004ccc   0x0000001c   Code   RO         5925    i.nrf_gpio_pin_port_decode  ad8233.o
    0x00004ce8   0x00004ce8   0x00000026   Code   RO         5926    i.nrf_gpio_pin_write  ad8233.o
    0x00004d0e   0x00004d0e   0x00000002   PAD
    0x00004d10   0x00004d10   0x00000014   Code   RO         2368    i.nrf_gpiote_event_clear  nrfx_gpiote.o
    0x00004d24   0x00004d24   0x00000010   Code   RO         2369    i.nrf_gpiote_event_is_set  nrfx_gpiote.o
    0x00004d34   0x00004d34   0x0000000c   Code   RO          890    i.nrf_rtc_event_clear  port_cmsis_systick.o
    0x00004d40   0x00004d40   0x00000010   Code   RO         2681    i.nrf_saadc_buffer_init  nrfx_saadc.o
    0x00004d50   0x00004d50   0x00000014   Code   RO         2682    i.nrf_saadc_channel_input_set  nrfx_saadc.o
    0x00004d64   0x00004d64   0x00000010   Code   RO         2683    i.nrf_saadc_event_check  nrfx_saadc.o
    0x00004d74   0x00004d74   0x00000014   Code   RO         2684    i.nrf_saadc_event_clear  nrfx_saadc.o
    0x00004d88   0x00004d88   0x0000000c   Code   RO         2842    i.nrf_timer_event_clear  nrfx_timer.o
    0x00004d94   0x00004d94   0x0000000a   Code   RO         3204    i.nrf_twim_event_check  nrfx_twim.o
    0x00004d9e   0x00004d9e   0x0000000c   Code   RO         3205    i.nrf_twim_event_clear  nrfx_twim.o
    0x00004daa   0x00004daa   0x00000002   PAD
    0x00004dac   0x00004dac   0x00000060   Code   RO         2999    i.nrfx_ppi_channel_alloc  nrfx_ppi.o
    0x00004e0c   0x00004e0c   0x00000044   Code   RO         3000    i.nrfx_ppi_channel_assign  nrfx_ppi.o
    0x00004e50   0x00004e50   0x00000028   Code   RO         3002    i.nrfx_ppi_channel_enable  nrfx_ppi.o
    0x00004e78   0x00004e78   0x000000a4   Code   RO         2688    i.nrfx_saadc_buffer_convert  nrfx_saadc.o
    0x00004f1c   0x00004f1c   0x0000008c   Code   RO         2690    i.nrfx_saadc_channel_init  nrfx_saadc.o
    0x00004fa8   0x00004fa8   0x00000094   Code   RO         2692    i.nrfx_saadc_init   nrfx_saadc.o
    0x0000503c   0x0000503c   0x0000001c   Code   RO         2697    i.nrfx_saadc_sample_task_get  nrfx_saadc.o
    0x00005058   0x00005058   0x0000003a   Code   RO         2845    i.nrfx_timer_compare  nrfx_timer.o
    0x00005092   0x00005092   0x00000002   PAD
    0x00005094   0x00005094   0x0000001c   Code   RO         2849    i.nrfx_timer_enable  nrfx_timer.o
    0x000050b0   0x000050b0   0x0000002a   Code   RO         2850    i.nrfx_timer_extended_compare  nrfx_timer.o
    0x000050da   0x000050da   0x00000002   PAD
    0x000050dc   0x000050dc   0x000000c0   Code   RO         2852    i.nrfx_timer_init   nrfx_timer.o
    0x0000519c   0x0000519c   0x00000018   Code   RO         6452    i.nvmc_config       system_nrf52.o
    0x000051b4   0x000051b4   0x000000d0   Code   RO         2402    i.port_event_handle  nrfx_gpiote.o
    0x00005284   0x00005284   0x00000010   Code   RO         2403    i.port_handler_polarity_get  nrfx_gpiote.o
    0x00005294   0x00005294   0x00000020   Code   RO         1309    i.prvResetNextTaskUnblockTime  tasks.o
    0x000052b4   0x000052b4   0x0000003a   Code   RO         5842    i.qmf_even          wavefilt.o
    0x000052ee   0x000052ee   0x00000030   Code   RO         5843    i.qmf_wrev          wavefilt.o
    0x0000531e   0x0000531e   0x00000002   PAD
    0x00005320   0x00005320   0x000000e8   Code   RO         5927    i.saadc_callback    ad8233.o
    0x00005408   0x00005408   0x00000048   Code   RO         5928    i.saadc_init        ad8233.o
    0x00005450   0x00005450   0x0000001c   Code   RO         5929    i.saadc_sampling_event_enable  ad8233.o
    0x0000546c   0x0000546c   0x00000098   Code   RO         5930    i.saadc_sampling_event_init  ad8233.o
    0x00005504   0x00005504   0x0000006c   Code   RO         5048    i.setDWTExtension   wavelib.o
    0x00005570   0x00005570   0x00000088   Code   RO         5049    i.setWTConv         wavelib.o
    0x000055f8   0x000055f8   0x00000024   Code   RO         5534    i.testSWTlength     wtmath.o
    0x0000561c   0x0000561c   0x00000002   Code   RO         5931    i.timer_handler     ad8233.o
    0x0000561e   0x0000561e   0x00000002   PAD
    0x00005620   0x00005620   0x00000194   Code   RO         3217    i.twim_irq_handler  nrfx_twim.o
    0x000057b4   0x000057b4   0x00000026   Code   RO          744    i.uxListRemove      list.o
    0x000057da   0x000057da   0x00000018   Code   RO          748    i.vListInsertEnd    list.o
    0x000057f2   0x000057f2   0x00000002   PAD
    0x000057f4   0x000057f4   0x00000044   Code   RO         1338    i.vTaskSwitchContext  tasks.o
    0x00005838   0x00005838   0x00000004   Code   RO         5055    i.wave_free         wavelib.o
    0x0000583c   0x0000583c   0x00000076   Code   RO         5056    i.wave_init         wavelib.o
    0x000058b2   0x000058b2   0x00000002   PAD
    0x000058b4   0x000058b4   0x00000078   Code   RO         5537    i.wmaxiter          wtmath.o
    0x0000592c   0x0000592c   0x00000004   Code   RO         5065    i.wt_free           wavelib.o
    0x00005930   0x00005930   0x000002a0   Code   RO         5066    i.wt_init           wavelib.o
    0x00005bd0   0x00005bd0   0x0000001c   Code   RO         1345    i.xTaskGetSchedulerState  tasks.o
    0x00005bec   0x00005bec   0x0000000c   Code   RO         1346    i.xTaskGetTickCount  tasks.o
    0x00005bf8   0x00005bf8   0x000000a0   Code   RO         1348    i.xTaskIncrementTick  tasks.o
    0x00005c98   0x00005c98   0x00000062   Code   RO         3219    i.xfer_completeness_check  nrfx_twim.o
    0x00005cfa   0x00005cfa   0x00000002   PAD
    0x00005cfc   0x00005cfc   0x00000008   Data   RO         2405    .constdata          nrfx_gpiote.o
    0x00005d04   0x00005d04   0x00000004   Data   RO         4811    .constdata          pantompkins.o
    0x00005d08   0x00005d08   0x00006330   Data   RO         5844    .constdata          wavefilt.o
    0x0000c038   0x0000c038   0x00000008   PAD
    0x0000c040   0x0000c040   0x00000031   Data   RO         5933    .constdata          ad8233.o
    0x0000c071   0x0000c071   0x00000007   PAD
    0x0000c078   0x0000c078   0x00000038   Data   RO         6575    .constdata          m_wm.l(log.o)
    0x0000c0b0   0x0000c0b0   0x00000008   Data   RO         6991    .constdata          m_wm.l(qnan.o)
    0x0000c0b8   0x0000c0b8   0x00000081   Data   RO         7054    .constdata          mc_w.l(ctype_o.o)
    0x0000c139   0x0000c139   0x00000003   PAD
    0x0000c13c   0x0000c13c   0x00000004   Data   RO         7055    .constdata          mc_w.l(ctype_o.o)
    0x0000c140   0x0000c140   0x000000a4   Data   RO         5074    .conststring        wavelib.o
    0x0000c1e4   0x0000c1e4   0x00000004   Data   RO         5934    .conststring        ad8233.o
    0x0000c1e8   0x0000c1e8   0x00000020   Data   RO         7088    Region$$Table       anon$$obj.o


    Execution Region RW_IRAM1 (Exec base: 0x20000000, Load base: 0x0000c208, Size: 0x00004608, Max: 0x00040000, ABSOLUTE)

    Exec Addr    Load Addr    Size         Type   Attr      Idx    E Section Name        Object

    0x20000000   0x0000c208   0x00000002   Data   RW           10    .data               main.o
    0x20000002   0x0000c20a   0x00000002   PAD
    0x20000004   0x0000c20c   0x00000004   Data   RW           11    .data               main.o
    0x20000008   0x0000c210   0x00000004   Data   RW           12    .data               main.o
    0x2000000c   0x0000c214   0x0000003c   Data   RW         1357    .data               tasks.o
    0x20000048   0x0000c250   0x00000008   Data   RW         2228    .data               nrfx_clock.o
    0x20000050   0x0000c258   0x00000008   Data   RW         3024    .data               nrfx_ppi.o
    0x20000058   0x0000c260   0x00000001   Data   RW         3141    .data               nrf_drv_ppi.o
    0x20000059   0x0000c261   0x00000003   PAD
    0x2000005c   0x0000c264   0x00000008   Data   RW         3445    .data               nrfx_prs.o
    0x20000064   0x0000c26c   0x00000004   Data   RW         4194    .data               app_util_platform.o
    0x20000068   0x0000c270   0x00000036   Data   RW         4812    .data               pantompkins.o
    0x2000009e   0x0000c2a6   0x00000002   PAD
    0x200000a0   0x0000c2a8   0x00000018   Data   RW         4969    .data               filter.o
    0x200000b8   0x0000c2c0   0x0000002a   Data   RW         5935    .data               ad8233.o
    0x200000e2   0x0000c2ea   0x00000002   PAD
    0x200000e4   0x0000c2ec   0x00000004   Data   RW         6454    .data               system_nrf52.o
    0x200000e8   0x0000c2f0   0x00000004   Data   RW         7021    .data               mc_w.l(stdout.o)
    0x200000ec   0x0000c2f4   0x00000004   Data   RW         7028    .data               mc_w.l(mvars.o)
    0x200000f0   0x0000c2f8   0x00000004   Data   RW         7029    .data               mc_w.l(mvars.o)
    0x200000f4   0x0000c2fc   0x00000004   Data   RW         7033    .data               mc_w.l(errno.o)
    0x200000f8        -       0x00000030   Zero   RW            6    .bss                main.o
    0x20000128        -       0x000002e4   Zero   RW         1356    .bss                tasks.o
    0x2000040c        -       0x0000006c   Zero   RW         2404    .bss                nrfx_gpiote.o
    0x20000478        -       0x00000030   Zero   RW         2699    .bss                nrfx_saadc.o
    0x200004a8        -       0x0000003c   Zero   RW         2857    .bss                nrfx_timer.o
    0x200004e4        -       0x00000034   Zero   RW         3220    .bss                nrfx_twim.o
    0x20000518        -       0x000000ea   Zero   RW         4810    .bss                pantompkins.o
    0x20000602   0x0000c300   0x00000006   PAD
    0x20000608        -       0x00002000   Zero   RW         6441    HEAP                arm_startup_nrf52840.o
    0x20002608        -       0x00002000   Zero   RW         6440    STACK               arm_startup_nrf52840.o


==============================================================================

Image component sizes


      Code (inc. data)   RO Data    RW Data    ZI Data      Debug   Object Name

       664         80         53         42          0      37926   ad8233.o
        22          0          0          0          0       2513   app_error.o
        48          8          0          0          0      30877   app_error_weak.o
        44         10          0          4          0       3400   app_util_platform.o
        36          8        512          0      16384        924   arm_startup_nrf52840.o
         0          0          0          0          0        548   boards.o
         0          0          0          0          0      13464   event_groups.o
       270         22          0         24          0       3583   filter.o
        62          0          0          0          0       2004   list.o
        20          4          0         10         48      61222   main.o
        24          6          0          1          0        943   nrf_drv_ppi.o
       194         10          0          8          0      39478   nrfx_clock.o
       580         44          8          0        108      22038   nrfx_gpiote.o
       240         22          0          8          0      10585   nrfx_ppi.o
        12          6          0          8          0       2126   nrfx_prs.o
       880         70          0          0         48      21761   nrfx_saadc.o
       502         58          0          0         60      17318   nrfx_timer.o
       566         12          0          0         52      50917   nrfx_twim.o
      1952        100          4         54        234      11331   pantompkins.o
       152         14          0          0          0        684   port.o
       116          8          0          0          0       4266   port_cmsis_systick.o
       500         66          0          4          0      31669   system_nrf52.o
       300         36          0         60        740       8529   tasks.o
      8862       1542      25392          0          0      14644   wavefilt.o
      1042        332        164          0          0       7670   wavelib.o
       156         18          0          0          0       1575   wtmath.o

    ----------------------------------------------------------------------
     17272       2476      26180        232      17680     401995   Object Totals
         0          0         32          0          0          0   (incl. Generated)
        28          0         15          9          6          0   (incl. Padding)

    ----------------------------------------------------------------------

      Code (inc. data)   RO Data    RW Data    ZI Data      Debug   Library Member Name

       100         28          0          0          0        372   dunder.o
       964         92         56          0          0        316   log.o
       248          0          0          0          0        152   poly.o
         0          0          8          0          0          0   qnan.o
        28          0          0          0          0         68   _chval.o
       158          0          0          0          0         92   _strtoul.o
        26          0          0          0          0         80   atoi.o
         8          4        133          0          0         68   ctype_o.o
         0          0          0          0          0          0   entry.o
         0          0          0          0          0          0   entry10a.o
         0          0          0          0          0          0   entry11a.o
         4          0          0          0          0          0   entry12b.o
         8          4          0          0          0          0   entry2.o
         4          0          0          0          0          0   entry5.o
         0          0          0          0          0          0   entry7b.o
         0          0          0          0          0          0   entry8b.o
         8          4          0          0          0          0   entry9a.o
        20         10          0          4          0        136   errno.o
        18          0          0          0          0         80   fputc.o
        30          0          0          0          0          0   handlers.o
        36          8          0          0          0         68   init.o
         0          0          0          0          0          0   iusefp.o
         0          0          0          0          0          0   iusesemip.o
        30          0          0          0          0         68   llshl.o
        36          0          0          0          0         68   llsshr.o
        32          0          0          0          0         68   llushr.o
       188         20          0          0          0        160   malloc.o
        36          0          0          0          0         68   memcpya.o
        36          0          0          0          0        108   memseta.o
         0          0          0          8          0          0   mvars.o
      2218         90          0          0          0        464   printfa.o
         0          0          0          0          0          0   semi.o
         0          0          0          4          0          0   stdout.o
        28          0          0          0          0         76   strcmp.o
        18          0          0          0          0         68   strcpy.o
        14          0          0          0          0         68   strlen.o
        36          0          0          0          0         80   strstr.o
       112          0          0          0          0         88   strtol.o
        44          0          0          0          0         80   uidiv.o
        98          0          0          0          0         92   uldiv.o
        48          0          0          0          0         68   cdcmple.o
        48          0          0          0          0         68   cdrcmple.o
        56          0          0          0          0         88   d2f.o
       334          0          0          0          0        148   dadd.o
       222          0          0          0          0        100   ddiv.o
       186          0          0          0          0        176   depilogue.o
        62          0          0          0          0         80   dfixi.o
        48          0          0          0          0         68   dfixul.o
        34          0          0          0          0         76   dflti.o
       228          0          0          0          0         96   dmul.o
        38          0          0          0          0         68   f2d.o
       110          0          0          0          0        168   fepilogue.o

    ----------------------------------------------------------------------
      6020        260        200         16          0       4192   Library Totals
        20          0          3          0          0          0   (incl. Padding)

    ----------------------------------------------------------------------

      Code (inc. data)   RO Data    RW Data    ZI Data      Debug   Library Name

      1312        120         64          0          0        840   m_wm.l
      3274        140        133         16          0       2148   mc_w.l
      1414          0          0          0          0       1204   mf_w.l

    ----------------------------------------------------------------------
      6020        260        200         16          0       4192   Library Totals

    ----------------------------------------------------------------------

==============================================================================


      Code (inc. data)   RO Data    RW Data    ZI Data      Debug   

     23292       2736      26380        248      17680     394571   Grand Totals
     23292       2736      26380        248      17680     394571   ELF Image Totals
     23292       2736      26380        248          0          0   ROM Totals

==============================================================================

    Total RO  Size (Code + RO Data)                49672 (  48.51kB)
    Total RW  Size (RW Data + ZI Data)             17928 (  17.51kB)
    Total ROM Size (Code + RO Data + RW Data)      49920 (  48.75kB)

==============================================================================

