Component: ARM Compiler 5.06 update 7 (build 960) Tool: armlink [4d3601]

==============================================================================

Section Cross References

    main.o(i.main) refers to ad8233.o(i.ad8233_init) for ad8233_init
    main.o(i.main) refers to pantompkins.o(i.PT_init) for PT_init
    main.o(i.main) refers to filter.o(i.moving_average_filter_init) for moving_average_filter_init
    main.o(i.main) refers to main.o(.bss) for .bss
    boards.o(i.bsp_board_button_idx_to_pin) refers to boards.o(.constdata) for .constdata
    boards.o(i.bsp_board_button_state_get) refers to boards.o(i.nrf_gpio_pin_port_decode) for nrf_gpio_pin_port_decode
    boards.o(i.bsp_board_button_state_get) refers to boards.o(.constdata) for .constdata
    boards.o(i.bsp_board_init) refers to boards.o(i.nrf_gpio_cfg) for nrf_gpio_cfg
    boards.o(i.bsp_board_init) refers to boards.o(i.bsp_board_leds_off) for bsp_board_leds_off
    boards.o(i.bsp_board_init) refers to boards.o(.constdata) for .constdata
    boards.o(i.bsp_board_led_idx_to_pin) refers to boards.o(.constdata) for .constdata
    boards.o(i.bsp_board_led_invert) refers to boards.o(i.nrf_gpio_pin_port_decode) for nrf_gpio_pin_port_decode
    boards.o(i.bsp_board_led_invert) refers to boards.o(.constdata) for .constdata
    boards.o(i.bsp_board_led_off) refers to boards.o(i.nrf_gpio_pin_write) for nrf_gpio_pin_write
    boards.o(i.bsp_board_led_off) refers to boards.o(.constdata) for .constdata
    boards.o(i.bsp_board_led_on) refers to boards.o(i.nrf_gpio_pin_write) for nrf_gpio_pin_write
    boards.o(i.bsp_board_led_on) refers to boards.o(.constdata) for .constdata
    boards.o(i.bsp_board_led_state_get) refers to boards.o(i.nrf_gpio_pin_port_decode) for nrf_gpio_pin_port_decode
    boards.o(i.bsp_board_led_state_get) refers to boards.o(.constdata) for .constdata
    boards.o(i.bsp_board_leds_off) refers to boards.o(i.bsp_board_led_off) for bsp_board_led_off
    boards.o(i.bsp_board_leds_on) refers to boards.o(i.bsp_board_led_on) for bsp_board_led_on
    boards.o(i.bsp_board_pin_to_button_idx) refers to boards.o(.constdata) for .constdata
    boards.o(i.bsp_board_pin_to_led_idx) refers to boards.o(.constdata) for .constdata
    boards.o(i.nrf_gpio_cfg) refers to boards.o(i.nrf_gpio_pin_port_decode) for nrf_gpio_pin_port_decode
    boards.o(i.nrf_gpio_pin_write) refers to boards.o(i.nrf_gpio_pin_port_decode) for nrf_gpio_pin_port_decode
    bsp.o(i.alert_timer_handler) refers to boards.o(i.bsp_board_led_invert) for bsp_board_led_invert
    bsp.o(i.bsp_button_event_handler) refers to boards.o(i.bsp_board_pin_to_button_idx) for bsp_board_pin_to_button_idx
    bsp.o(i.bsp_button_event_handler) refers to app_timer_freertos.o(i.app_timer_start) for app_timer_start
    bsp.o(i.bsp_button_event_handler) refers to app_timer_freertos.o(i.app_timer_stop) for app_timer_stop
    bsp.o(i.bsp_button_event_handler) refers to bsp.o(.constdata) for .constdata
    bsp.o(i.bsp_button_event_handler) refers to bsp.o(.data) for .data
    bsp.o(i.bsp_button_event_handler) refers to bsp.o(.bss) for .bss
    bsp.o(i.bsp_button_is_pressed) refers to boards.o(i.bsp_board_button_state_get) for bsp_board_button_state_get
    bsp.o(i.bsp_buttons_disable) refers to app_button.o(i.app_button_disable) for app_button_disable
    bsp.o(i.bsp_buttons_enable) refers to app_button.o(i.app_button_enable) for app_button_enable
    bsp.o(i.bsp_event_to_button_action_assign) refers to bsp.o(.bss) for .bss
    bsp.o(i.bsp_indication_set) refers to bsp.o(i.bsp_led_indication) for bsp_led_indication
    bsp.o(i.bsp_indication_set) refers to bsp.o(.data) for .data
    bsp.o(i.bsp_init) refers to bsp.o(i.bsp_event_to_button_action_assign) for bsp_event_to_button_action_assign
    bsp.o(i.bsp_init) refers to app_button.o(i.app_button_init) for app_button_init
    bsp.o(i.bsp_init) refers to app_button.o(i.app_button_enable) for app_button_enable
    bsp.o(i.bsp_init) refers to app_timer_freertos.o(i.app_timer_create) for app_timer_create
    bsp.o(i.bsp_init) refers to boards.o(i.bsp_board_init) for bsp_board_init
    bsp.o(i.bsp_init) refers to bsp.o(.data) for .data
    bsp.o(i.bsp_init) refers to bsp.o(.constdata) for .constdata
    bsp.o(i.bsp_init) refers to bsp.o(i.button_timer_handler) for button_timer_handler
    bsp.o(i.bsp_init) refers to bsp.o(i.leds_timer_handler) for leds_timer_handler
    bsp.o(i.bsp_init) refers to bsp.o(i.alert_timer_handler) for alert_timer_handler
    bsp.o(i.bsp_led_indication) refers to bsp.o(i.leds_off) for leds_off
    bsp.o(i.bsp_led_indication) refers to app_timer_freertos.o(i.app_timer_stop) for app_timer_stop
    bsp.o(i.bsp_led_indication) refers to boards.o(i.bsp_board_led_state_get) for bsp_board_led_state_get
    bsp.o(i.bsp_led_indication) refers to boards.o(i.bsp_board_led_off) for bsp_board_led_off
    bsp.o(i.bsp_led_indication) refers to boards.o(i.bsp_board_led_on) for bsp_board_led_on
[...]
    Removing nrfx_uarte.o(i.nrf_gpio_pin_set), (20 bytes).
    Removing nrfx_uarte.o(i.nrf_uarte_event_check), (10 bytes).
    Removing nrfx_uarte.o(i.nrf_uarte_event_clear), (12 bytes).
    Removing nrfx_uarte.o(i.nrfx_is_in_ram), (16 bytes).
    Removing nrfx_uarte.o(i.nrfx_uarte_0_irq_handler), (16 bytes).
    Removing nrfx_uarte.o(i.nrfx_uarte_errorsrc_get), (26 bytes).
    Removing nrfx_uarte.o(i.nrfx_uarte_init), (108 bytes).
    Removing nrfx_uarte.o(i.nrfx_uarte_rx), (260 bytes).
    Removing nrfx_uarte.o(i.nrfx_uarte_rx_abort), (44 bytes).
    Removing nrfx_uarte.o(i.nrfx_uarte_rx_ready), (14 bytes).
    Removing nrfx_uarte.o(i.nrfx_uarte_tx), (172 bytes).
    Removing nrfx_uarte.o(i.nrfx_uarte_tx_abort), (56 bytes).
    Removing nrfx_uarte.o(i.nrfx_uarte_tx_in_progress), (28 bytes).
    Removing nrfx_uarte.o(i.nrfx_uarte_uninit), (264 bytes).
    Removing nrfx_uarte.o(i.rx_done_event), (22 bytes).
    Removing nrfx_uarte.o(i.tx_done_event), (26 bytes).
    Removing nrfx_uarte.o(i.uarte_irq_handler), (274 bytes).
    Removing nrfx_uarte.o(.bss), (36 bytes).
    Removing nrfx_uarte.o(.constdata), (16 bytes).
    Removing nrfx_uarte.o(.constdata), (4 bytes).
    Removing nrfx_uarte.o(.constdata), (14 bytes).
    Removing nrfx_uarte.o(.constdata), (14 bytes).
    Removing nrf_drv_uart.o(.rev16_text), (4 bytes).
    Removing nrf_drv_uart.o(.revsh_text), (4 bytes).
    Removing nrf_drv_uart.o(.rrx_text), (6 bytes).
    Removing nrf_drv_uart.o(i.nrf_drv_uart_init), (104 bytes).
    Removing nrf_drv_uart.o(i.uart_evt_handler), (48 bytes).
    Removing nrf_drv_uart.o(i.uarte_evt_handler), (48 bytes).
    Removing nrf_drv_uart.o(.data), (20 bytes).
    Removing app_button.o(.rev16_text), (4 bytes).
    Removing app_button.o(.revsh_text), (4 bytes).
    Removing app_button.o(.rrx_text), (6 bytes).
    Removing app_button.o(i.app_button_disable), (64 bytes).
    Removing app_button.o(i.app_button_enable), (36 bytes).
    Removing app_button.o(i.app_button_init), (128 bytes).
    Removing app_button.o(i.app_button_is_pushed), (36 bytes).
    Removing app_button.o(i.button_get), (40 bytes).
    Removing app_button.o(i.detection_delay_timeout_handler), (72 bytes).
    Removing app_button.o(i.evt_handle), (216 bytes).
    Removing app_button.o(i.gpiote_event_handler), (60 bytes).
    Removing app_button.o(i.state_set), (48 bytes).
    Removing app_button.o(i.timer_start), (24 bytes).
    Removing app_button.o(i.usr_event), (32 bytes).
    Removing app_button.o(.bss), (32 bytes).
    Removing app_button.o(.bss), (32 bytes).
    Removing app_button.o(.constdata), (8 bytes).
    Removing app_button.o(.data), (24 bytes).
    Removing app_error.o(.rev16_text), (4 bytes).
    Removing app_error.o(.revsh_text), (4 bytes).
    Removing app_error.o(.rrx_text), (6 bytes).
    Removing app_error.o(i.app_error_save_and_stop), (100 bytes).
    Removing app_error.o(.bss), (32 bytes).
    Removing app_error_handler_keil.o(.rev16_text), (4 bytes).
    Removing app_error_handler_keil.o(.revsh_text), (4 bytes).
    Removing app_error_handler_keil.o(.rrx_text), (6 bytes).
    Removing app_error_handler_keil.o(.emb_text), (26 bytes).
    Removing app_error_weak.o(.rev16_text), (4 bytes).
    Removing app_error_weak.o(.revsh_text), (4 bytes).
    Removing app_error_weak.o(.rrx_text), (6 bytes).
    Removing app_timer_freertos.o(.rev16_text), (4 bytes).
    Removing app_timer_freertos.o(.revsh_text), (4 bytes).
    Removing app_timer_freertos.o(.rrx_text), (6 bytes).
    Removing app_timer_freertos.o(i.app_timer_callback), (38 bytes).
    Removing app_timer_freertos.o(i.app_timer_create), (88 bytes).
    Removing app_timer_freertos.o(i.app_timer_init), (4 bytes).
    Removing app_timer_freertos.o(i.app_timer_start), (156 bytes).
    Removing app_timer_freertos.o(i.app_timer_stop), (100 bytes).
    Removing app_util_platform.o(.rev16_text), (4 bytes).
    Removing app_util_platform.o(.revsh_text), (4 bytes).
    Removing app_util_platform.o(.rrx_text), (6 bytes).
    Removing app_util_platform.o(i.current_int_priority_get), (48 bytes).
    Removing app_util_platform.o(i.privilege_level_get), (26 bytes).
    Removing nrf_assert.o(.rev16_text), (4 bytes).
    Removing nrf_assert.o(.revsh_text), (4 bytes).
    Removing nrf_assert.o(.rrx_text), (6 bytes).
    Removing nrf_assert.o(i.assert_nrf_callback), (20 bytes).
    Removing nrf_atomic.o(.rev16_text), (4 bytes).
    Removing nrf_atomic.o(.revsh_text), (4 bytes).
    Removing nrf_atomic.o(.rrx_text), (6 bytes).
    Removing nrf_atomic.o(.emb_text), (226 bytes).
    Removing nrf_atomic.o(i.nrf_atomic_flag_clear), (6 bytes).
    Removing nrf_atomic.o(i.nrf_atomic_flag_clear_fetch), (6 bytes).
    Removing nrf_atomic.o(i.nrf_atomic_flag_set), (6 bytes).
    Removing nrf_atomic.o(i.nrf_atomic_flag_set_fetch), (6 bytes).
    Removing nrf_atomic.o(i.nrf_atomic_u32_add), (12 bytes).
    Removing nrf_atomic.o(i.nrf_atomic_u32_and), (12 bytes).
    Removing nrf_atomic.o(i.nrf_atomic_u32_cmp_exch), (4 bytes).
    Removing nrf_atomic.o(i.nrf_atomic_u32_fetch_add), (10 bytes).
    Removing nrf_atomic.o(i.nrf_atomic_u32_fetch_and), (10 bytes).
    Removing nrf_atomic.o(i.nrf_atomic_u32_fetch_or), (10 bytes).
    Removing nrf_atomic.o(i.nrf_atomic_u32_fetch_store), (10 bytes).
    Removing nrf_atomic.o(i.nrf_atomic_u32_fetch_sub), (10 bytes).
    Removing nrf_atomic.o(i.nrf_atomic_u32_fetch_sub_hs), (10 bytes).
    Removing nrf_atomic.o(i.nrf_atomic_u32_fetch_xor), (10 bytes).
    Removing nrf_atomic.o(i.nrf_atomic_u32_or), (12 bytes).
    Removing nrf_atomic.o(i.nrf_atomic_u32_store), (12 bytes).
    Removing nrf_atomic.o(i.nrf_atomic_u32_sub), (12 bytes).
    Removing nrf_atomic.o(i.nrf_atomic_u32_sub_hs), (12 bytes).
    Removing nrf_atomic.o(i.nrf_atomic_u32_xor), (12 bytes).
    Removing nrf_balloc.o(.rev16_text), (4 bytes).
    Removing nrf_balloc.o(.revsh_text), (4 bytes).
    Removing nrf_balloc.o(.rrx_text), (6 bytes).
    Removing nrf_balloc.o(i.nrf_balloc_alloc), (160 bytes).
    Removing nrf_balloc.o(i.nrf_balloc_free), (264 bytes).
    Removing nrf_balloc.o(i.nrf_balloc_init), (80 bytes).
    Removing nrf_fprintf.o(.rev16_text), (4 bytes).
    Removing nrf_fprintf.o(.revsh_text), (4 bytes).
    Removing nrf_fprintf.o(.rrx_text), (6 bytes).
    Removing nrf_fprintf.o(i.nrf_fprintf), (26 bytes).
    Removing nrf_fprintf.o(i.nrf_fprintf_buffer_flush), (24 bytes).
    Removing nrf_fprintf_format.o(.rev16_text), (4 bytes).
    Removing nrf_fprintf_format.o(.revsh_text), (4 bytes).
    Removing nrf_fprintf_format.o(.rrx_text), (6 bytes).
    Removing nrf_fprintf_format.o(i.buffer_add), (46 bytes).
    Removing nrf_fprintf_format.o(i.int_print), (166 bytes).
    Removing nrf_fprintf_format.o(i.nrf_fprintf_fmt), (474 bytes).
    Removing nrf_fprintf_format.o(i.unsigned_print), (180 bytes).
    Removing nrf_fprintf_format.o(.constdata), (16 bytes).
    Removing nrf_memobj.o(.rev16_text), (4 bytes).
    Removing nrf_memobj.o(.revsh_text), (4 bytes).
    Removing nrf_memobj.o(.rrx_text), (6 bytes).
    Removing nrf_memobj.o(i.memobj_op), (126 bytes).
    Removing nrf_memobj.o(i.nrf_memobj_alloc), (116 bytes).
    Removing nrf_memobj.o(i.nrf_memobj_free), (50 bytes).
    Removing nrf_memobj.o(i.nrf_memobj_get), (8 bytes).
    Removing nrf_memobj.o(i.nrf_memobj_pool_init), (4 bytes).
    Removing nrf_memobj.o(i.nrf_memobj_put), (30 bytes).
    Removing nrf_memobj.o(i.nrf_memobj_read), (16 bytes).
    Removing nrf_memobj.o(i.nrf_memobj_write), (16 bytes).
    Removing nrf_ringbuf.o(.rev16_text), (4 bytes).
    Removing nrf_ringbuf.o(.revsh_text), (4 bytes).
    Removing nrf_ringbuf.o(.rrx_text), (6 bytes).
    Removing nrf_ringbuf.o(i.nrf_ringbuf_alloc), (112 bytes).
    Removing nrf_ringbuf.o(i.nrf_ringbuf_cpy_get), (128 bytes).
    Removing nrf_ringbuf.o(i.nrf_ringbuf_cpy_put), (118 bytes).
    Removing nrf_ringbuf.o(i.nrf_ringbuf_free), (38 bytes).
    Removing nrf_ringbuf.o(i.nrf_ringbuf_get), (112 bytes).
    Removing nrf_ringbuf.o(i.nrf_ringbuf_init), (28 bytes).
    Removing nrf_ringbuf.o(i.nrf_ringbuf_put), (48 bytes).
    Removing nrf_strerror.o(.rev16_text), (4 bytes).
    Removing nrf_strerror.o(.revsh_text), (4 bytes).
    Removing nrf_strerror.o(.rrx_text), (6 bytes).
    Removing nrf_mpu_lib.o(.rev16_text), (4 bytes).
    Removing nrf_mpu_lib.o(.revsh_text), (4 bytes).
    Removing nrf_mpu_lib.o(.rrx_text), (6 bytes).
    Removing nrf_mpu_lib.o(i.nrf_mpu_lib_init), (72 bytes).
    Removing nrf_mpu_lib.o(i.nrf_mpu_lib_region_create), (136 bytes).
    Removing nrf_mpu_lib.o(i.nrf_mpu_lib_region_destroy), (60 bytes).
    Removing nrf_log_frontend.o(.rev16_text), (4 bytes).
    Removing nrf_log_frontend.o(.revsh_text), (4 bytes).
    Removing nrf_log_frontend.o(.rrx_text), (6 bytes).
    Removing nrf_log_str_formatter.o(.rev16_text), (4 bytes).
    Removing nrf_log_str_formatter.o(.revsh_text), (4 bytes).
    Removing nrf_log_str_formatter.o(.rrx_text), (6 bytes).
    Removing pantompkins.o(i.PT_get_DRFilter_output), (16 bytes).
    Removing pantompkins.o(i.PT_get_HPFilter_output), (16 bytes).
    Removing pantompkins.o(i.PT_get_HRState_output), (16 bytes).
    Removing pantompkins.o(i.PT_get_LPFilter_output), (16 bytes).
    Removing pantompkins.o(i.PT_get_LongTimeHR_output), (28 bytes).
    Removing pantompkins.o(i.PT_get_MVFilter_output), (12 bytes).
    Removing pantompkins.o(i.PT_get_NPKF_output), (16 bytes).
    Removing pantompkins.o(i.PT_get_NPKI_output), (12 bytes).
    Removing pantompkins.o(i.PT_get_SPKF_output), (16 bytes).
    Removing pantompkins.o(i.PT_get_SPKI_output), (12 bytes).
    Removing pantompkins.o(i.PT_get_SQRFilter_output), (12 bytes).
    Removing pantompkins.o(i.PT_get_ShortTimeHR_output), (28 bytes).
    Removing pantompkins.o(i.PT_get_State_output), (16 bytes).
    Removing pantompkins.o(i.PT_get_ThF1_output), (16 bytes).
    Removing pantompkins.o(i.PT_get_ThI1_output), (12 bytes).
    Removing ad8233.o(.rev16_text), (4 bytes).
    Removing ad8233.o(.revsh_text), (4 bytes).
    Removing ad8233.o(.rrx_text), (6 bytes).
    Removing sc7a20.o(.rev16_text), (4 bytes).
    Removing sc7a20.o(.revsh_text), (4 bytes).
    Removing sc7a20.o(.rrx_text), (6 bytes).
    Removing sc7a20.o(i.SC7A20_12bitComplement), (24 bytes).
    Removing sc7a20.o(i.SC7A20_GetZAxisAngle), (232 bytes).
    Removing sc7a20.o(i.SC7A20_IIC_ReadReg), (80 bytes).
    Removing sc7a20.o(i.SC7A20_IIC_WriteReg), (76 bytes).
    Removing sc7a20.o(i.SC7A20_Init), (196 bytes).
    Removing sc7a20.o(i.SC7A20_ReadAcceleration), (90 bytes).
    Removing sc7a20.o(i.nrf_delay_ms), (32 bytes).
    Removing sc7a20.o(i.nrf_drv_twi_tx), (14 bytes).
    Removing sc7a20.o(i.nrf_gpio_pin_port_decode), (28 bytes).
    Removing sc7a20.o(i.nrf_gpio_pin_write), (38 bytes).
    Removing sc7a20.o(i.twi_handler), (20 bytes).
    Removing sc7a20.o(.constdata), (40 bytes).
    Removing sc7a20.o(.data), (1 bytes).
    Removing start_tasks.o(.rev16_text), (4 bytes).
    Removing start_tasks.o(.revsh_text), (4 bytes).
    Removing start_tasks.o(.rrx_text), (6 bytes).
    Removing start_tasks.o(i.start_task), (28 bytes).
    Removing start_tasks.o(i.start_the_very_first_task), (44 bytes).
    Removing start_tasks.o(.data), (4 bytes).
    Removing start_tasks.o(.data), (4 bytes).
    Removing start_tasks.o(.data), (4 bytes).
    Removing start_tasks.o(.data), (4 bytes).
    Removing task_pantompkins.o(.rev16_text), (4 bytes).
    Removing task_pantompkins.o(.revsh_text), (4 bytes).
    Removing task_pantompkins.o(.rrx_text), (6 bytes).
    Removing task_pantompkins.o(i.PanTompkins_task), (24 bytes).
    Removing task_led.o(.rev16_text), (4 bytes).
    Removing task_led.o(.revsh_text), (4 bytes).
    Removing task_led.o(.rrx_text), (6 bytes).
    Removing task_led.o(i.led_toggle_task_function), (32 bytes).
    Removing task_led.o(i.led_toggle_timer_callback), (2 bytes).
    Removing arm_startup_nrf52840.o(HEAP), (8192 bytes).
    Removing system_nrf52.o(.rev16_text), (4 bytes).
    Removing system_nrf52.o(.revsh_text), (4 bytes).
    Removing system_nrf52.o(.rrx_text), (6 bytes).
    Removing system_nrf52.o(i.SystemCoreClockUpdate), (16 bytes).
    Removing system_nrf52.o(i.nvmc_wait), (16 bytes).
    Removing dadd.o(.text), (334 bytes).
    Removing ddiv.o(.text), (222 bytes).
    Removing dflti.o(.text), (34 bytes).
    Removing dneg.o(.text), (6 bytes).
    Removing dsqrt.o(.text), (162 bytes).
    Removing cdcmple.o(.text), (48 bytes).

738 unused section(s) (total 43026 bytes) removed from the image.

==============================================================================

Image Symbol Table

    Local Symbols

    Symbol Name                              Value     Ov Type        Size  Object(Section)

    RESET                                    0x00000000   Section      512  arm_startup_nrf52840.o(RESET)
    ../clib/microlib/errno.c                 0x00000000   Number         0  errno.o ABSOLUTE
    ../clib/microlib/init/entry.s            0x00000000   Number         0  entry.o ABSOLUTE
    ../clib/microlib/init/entry.s            0x00000000   Number         0  entry10b.o ABSOLUTE
    ../clib/microlib/init/entry.s            0x00000000   Number         0  entry2.o ABSOLUTE
    ../clib/microlib/init/entry.s            0x00000000   Number         0  entry11a.o ABSOLUTE
    ../clib/microlib/init/entry.s            0x00000000   Number         0  entry11b.o ABSOLUTE
    ../clib/microlib/init/entry.s            0x00000000   Number         0  entry8a.o ABSOLUTE
    ../clib/microlib/init/entry.s            0x00000000   Number         0  entry8b.o ABSOLUTE
    ../clib/microlib/init/entry.s            0x00000000   Number         0  entry10a.o ABSOLUTE
    ../clib/microlib/init/entry.s            0x00000000   Number         0  entry12a.o ABSOLUTE
    ../clib/microlib/init/entry.s            0x00000000   Number         0  entry9b.o ABSOLUTE
    ../clib/microlib/init/entry.s            0x00000000   Number         0  entry9a.o ABSOLUTE
    ../clib/microlib/init/entry.s            0x00000000   Number         0  entry12b.o ABSOLUTE
    ../clib/microlib/init/entry.s            0x00000000   Number         0  entry7b.o ABSOLUTE
    ../clib/microlib/init/entry.s            0x00000000   Number         0  entry7a.o ABSOLUTE
    ../clib/microlib/init/entry.s            0x00000000   Number         0  entry5.o ABSOLUTE
    ../clib/microlib/longlong.c              0x00000000   Number         0  llushr.o ABSOLUTE
    ../clib/microlib/longlong.c              0x00000000   Number         0  llshl.o ABSOLUTE
    ../clib/microlib/longlong.c              0x00000000   Number         0  llsshr.o ABSOLUTE
    ../clib/microlib/string/memcpy.c         0x00000000   Number         0  memcpyb.o ABSOLUTE
    ../clib/microlib/string/memcpy.c         0x00000000   Number         0  memcpya.o ABSOLUTE
    ../clib/microlib/string/memset.c         0x00000000   Number         0  memseta.o ABSOLUTE
    ../clib/microlib/string/strlen.c         0x00000000   Number         0  strlen.o ABSOLUTE
    ../clib/microlib/stubs.s                 0x00000000   Number         0  iusefp.o ABSOLUTE
    ../fplib/microlib/d2f.c                  0x00000000   Number         0  d2f.o ABSOLUTE
    ../fplib/microlib/f2d.c                  0x00000000   Number         0  f2d.o ABSOLUTE
    ../fplib/microlib/fpadd.c                0x00000000   Number         0  dadd.o ABSOLUTE
    ../fplib/microlib/fpdiv.c                0x00000000   Number         0  ddiv.o ABSOLUTE
    ../fplib/microlib/fpepilogue.c           0x00000000   Number         0  depilogue.o ABSOLUTE
    ../fplib/microlib/fpepilogue.c           0x00000000   Number         0  fepilogue.o ABSOLUTE
    ../fplib/microlib/fpflt.c                0x00000000   Number         0  dflti.o ABSOLUTE
    ../fplib/microlib/fpmul.c                0x00000000   Number         0  dmul.o ABSOLUTE
    ../fplib/microlib/fpneg.c                0x00000000   Number         0  dneg.o ABSOLUTE
    ../fplib/microlib/fpsqrt.c               0x00000000   Number         0  dsqrt.o ABSOLUTE
    ../mathlib/atan.c                        0x00000000   Number         0  atan_x.o ABSOLUTE
    ../mathlib/atan.c                        0x00000000   Number         0  atan.o ABSOLUTE
    ../mathlib/dunder.c                      0x00000000   Number         0  dunder.o ABSOLUTE
    ../mathlib/fabs.c                        0x00000000   Number         0  fabs.o ABSOLUTE
    ../mathlib/fpclassify.c                  0x00000000   Number         0  fpclassify.o ABSOLUTE
    ../mathlib/poly.c                        0x00000000   Number         0  poly.o ABSOLUTE
    ../mathlib/sqrt.c                        0x00000000   Number         0  sqrt_x.o ABSOLUTE
    ../mathlib/sqrt.c                        0x00000000   Number         0  sqrt.o ABSOLUTE
    ..\..\..\..\..\..\components\boards\boards.c 0x00000000   Number         0  boards.o ABSOLUTE
    ..\..\..\..\..\..\components\drivers_nrf\nrf_soc_nosd\nrf_nvic.c 0x00000000   Number         0  nrf_nvic.o ABSOLUTE
    ..\..\..\..\..\..\components\drivers_nrf\nrf_soc_nosd\nrf_soc.c 0x00000000   Number         0  nrf_soc.o ABSOLUTE
    ..\..\..\..\..\..\components\libraries\atomic\nrf_atomic.c 0x00000000   Number         0  nrf_atomic.o ABSOLUTE
    ..\..\..\..\..\..\components\libraries\balloc\nrf_balloc.c 0x00000000   Number         0  nrf_balloc.o ABSOLUTE
    ..\..\..\..\..\..\components\libraries\bsp\bsp.c 0x00000000   Number         0  bsp.o ABSOLUTE
    ..\..\..\..\..\..\components\libraries\button\app_button.c 0x00000000   Number         0  app_button.o ABSOLUTE
    ..\..\..\..\..\..\components\libraries\log\src\nrf_log_frontend.c 0x00000000   Number         0  nrf_log_frontend.o ABSOLUTE
    ..\..\..\..\..\..\components\libraries\log\src\nrf_log_str_formatter.c 0x00000000   Number         0  nrf_log_str_formatter.o ABSOLUTE
    ..\..\..\..\..\..\components\libraries\memobj\nrf_memobj.c 0x00000000   Number         0  nrf_memobj.o ABSOLUTE
    ..\..\..\..\..\..\components\libraries\mpu\nrf_mpu_lib.c 0x00000000   Number         0  nrf_mpu_lib.o ABSOLUTE
    ..\..\..\..\..\..\components\libraries\ringbuf\nrf_ringbuf.c 0x00000000   Number         0  nrf_ringbuf.o ABSOLUTE
    ..\..\..\..\..\..\components\libraries\strerror\nrf_strerror.c 0x00000000   Number         0  nrf_strerror.o ABSOLUTE
    ..\..\..\..\..\..\components\libraries\timer\app_timer_freertos.c 0x00000000   Number         0  app_timer_freertos.o ABSOLUTE
    ..\..\..\..\..\..\components\libraries\util\app_error.c 0x00000000   Number         0  app_error.o ABSOLUTE
    ..\..\..\..\..\..\components\libraries\util\app_error_handler_keil.c 0x00000000   Number         0  app_error_handler_keil.o ABSOLUTE
    ..\..\..\..\..\..\components\libraries\util\app_error_weak.c 0x00000000   Number         0  app_error_weak.o ABSOLUTE
    ..\..\..\..\..\..\components\libraries\util\app_util_platform.c 0x00000000   Number         0  app_util_platform.o ABSOLUTE
    ..\..\..\..\..\..\components\libraries\util\nrf_assert.c 0x00000000   Number         0  nrf_assert.o ABSOLUTE
    ..\..\..\..\..\..\external\fprintf\nrf_fprintf.c 0x00000000   Number         0  nrf_fprintf.o ABSOLUTE
    ..\..\..\..\..\..\external\fprintf\nrf_fprintf_format.c 0x00000000   Number         0  nrf_fprintf_format.o ABSOLUTE
    ..\..\..\..\..\..\external\freertos\portable\ARM\nrf52\port.c 0x00000000   Number         0  port.o ABSOLUTE
    ..\..\..\..\..\..\external\freertos\portable\CMSIS\nrf52\port_cmsis.c 0x00000000   Number         0  port_cmsis.o ABSOLUTE
    ..\..\..\..\..\..\external\freertos\portable\CMSIS\nrf52\port_cmsis_systick.c 0x00000000   Number         0  port_cmsis_systick.o ABSOLUTE
    ..\..\..\..\..\..\external\freertos\source\croutine.c 0x00000000   Number         0  croutine.o ABSOLUTE
    ..\..\..\..\..\..\external\freertos\source\event_groups.c 0x00000000   Number         0  event_groups.o ABSOLUTE
    ..\..\..\..\..\..\external\freertos\source\list.c 0x00000000   Number         0  list.o ABSOLUTE
    ..\..\..\..\..\..\external\freertos\source\portable\MemMang\heap_1.c 0x00000000   Number         0  heap_1.o ABSOLUTE
    ..\..\..\..\..\..\external\freertos\source\queue.c 0x00000000   Number         0  queue.o ABSOLUTE
    ..\..\..\..\..\..\external\freertos\source\stream_buffer.c 0x00000000   Number         0  stream_buffer.o ABSOLUTE
    ..\..\..\..\..\..\external\freertos\source\tasks.c 0x00000000   Number         0  tasks.o ABSOLUTE
    ..\..\..\..\..\..\external\freertos\source\timers.c 0x00000000   Number         0  timers.o ABSOLUTE
    ..\..\..\..\..\..\integration\nrfx\legacy\nrf_drv_clock.c 0x00000000   Number         0  nrf_drv_clock.o ABSOLUTE
    ..\..\..\..\..\..\integration\nrfx\legacy\nrf_drv_ppi.c 0x00000000   Number         0  nrf_drv_ppi.o ABSOLUTE
    ..\..\..\..\..\..\integration\nrfx\legacy\nrf_drv_twi.c 0x00000000   Number         0  nrf_drv_twi.o ABSOLUTE
    ..\..\..\..\..\..\integration\nrfx\legacy\nrf_drv_uart.c 0x00000000   Number         0  nrf_drv_uart.o ABSOLUTE
    ..\..\..\..\..\..\modules\nrfx\drivers\src\nrfx_clock.c 0x00000000   Number         0  nrfx_clock.o ABSOLUTE
    ..\..\..\..\..\..\modules\nrfx\drivers\src\nrfx_gpiote.c 0x00000000   Number         0  nrfx_gpiote.o ABSOLUTE
    ..\..\..\..\..\..\modules\nrfx\drivers\src\nrfx_ppi.c 0x00000000   Number         0  nrfx_ppi.o ABSOLUTE
    ..\..\..\..\..\..\modules\nrfx\drivers\src\nrfx_saadc.c 0x00000000   Number         0  nrfx_saadc.o ABSOLUTE
    ..\..\..\..\..\..\modules\nrfx\drivers\src\nrfx_timer.c 0x00000000   Number         0  nrfx_timer.o ABSOLUTE
    ..\..\..\..\..\..\modules\nrfx\drivers\src\nrfx_twi.c 0x00000000   Number         0  nrfx_twi.o ABSOLUTE
    ..\..\..\..\..\..\modules\nrfx\drivers\src\nrfx_twim.c 0x00000000   Number         0  nrfx_twim.o ABSOLUTE
    ..\..\..\..\..\..\modules\nrfx\drivers\src\nrfx_uart.c 0x00000000   Number         0  nrfx_uart.o ABSOLUTE
    ..\..\..\..\..\..\modules\nrfx\drivers\src\nrfx_uarte.c 0x00000000   Number         0  nrfx_uarte.o ABSOLUTE
    ..\..\..\..\..\..\modules\nrfx\drivers\src\prs\nrfx_prs.c 0x00000000   Number         0  nrfx_prs.o ABSOLUTE
    ..\..\..\..\..\..\modules\nrfx\soc\nrfx_atomic.c 0x00000000   Number         0  nrfx_atomic.o ABSOLUTE
    ..\..\..\main.c                          0x00000000   Number         0  main.o ABSOLUTE
    ..\..\..\usr_lib\PanTompkins\PanTompkins.c 0x00000000   Number         0  pantompkins.o ABSOLUTE
    ..\..\..\usr_lib\filter.c                0x00000000   Number         0  filter.o ABSOLUTE
    ..\..\..\usr_lib\hardware\ad8233.c       0x00000000   Number         0  ad8233.o ABSOLUTE
    ..\..\..\usr_lib\hardware\sc7a20.c       0x00000000   Number         0  sc7a20.o ABSOLUTE
    ..\..\..\usr_lib\hardware\sc7a20_test.c  0x00000000   Number         0  sc7a20_test.o ABSOLUTE
    ..\..\..\usr_lib\tasks\Task_PanTompkins.c 0x00000000   Number         0  task_pantompkins.o ABSOLUTE
    ..\..\..\usr_lib\tasks\Task_led.c        0x00000000   Number         0  task_led.o ABSOLUTE
    ..\..\..\usr_lib\tasks\start_tasks.c     0x00000000   Number         0  start_tasks.o ABSOLUTE
    ..\\..\\..\\..\\..\\..\\components\\boards\\boards.c 0x00000000   Number         0  boards.o ABSOLUTE
    ..\\..\\..\\..\\..\\..\\components\\drivers_nrf\\nrf_soc_nosd\\nrf_nvic.c 0x00000000   Number         0  nrf_nvic.o ABSOLUTE
    ..\\..\\..\\..\\..\\..\\components\\drivers_nrf\\nrf_soc_nosd\\nrf_soc.c 0x00000000   Number         0  nrf_soc.o ABSOLUTE
    ..\\..\\..\\..\\..\\..\\components\\libraries\\atomic\\nrf_atomic.c 0x00000000   Number         0  nrf_atomic.o ABSOLUTE
    ..\\..\\..\\..\\..\\..\\components\\libraries\\balloc\\nrf_balloc.c 0x00000000   Number         0  nrf_balloc.o ABSOLUTE
    ..\\..\\..\\..\\..\\..\\components\\libraries\\bsp\\bsp.c 0x00000000   Number         0  bsp.o ABSOLUTE
    ..\\..\\..\\..\\..\\..\\components\\libraries\\button\\app_button.c 0x00000000   Number         0  app_button.o ABSOLUTE
    ..\\..\\..\\..\\..\\..\\components\\libraries\\log\\src\\nrf_log_frontend.c 0x00000000   Number         0  nrf_log_frontend.o ABSOLUTE
    ..\\..\\..\\..\\..\\..\\components\\libraries\\log\\src\\nrf_log_str_formatter.c 0x00000000   Number         0  nrf_log_str_formatter.o ABSOLUTE
    ..\\..\\..\\..\\..\\..\\components\\libraries\\memobj\\nrf_memobj.c 0x00000000   Number         0  nrf_memobj.o ABSOLUTE
    ..\\..\\..\\..\\..\\..\\components\\libraries\\mpu\\nrf_mpu_lib.c 0x00000000   Number         0  nrf_mpu_lib.o ABSOLUTE
    ..\\..\\..\\..\\..\\..\\components\\libraries\\ringbuf\\nrf_ringbuf.c 0x00000000   Number         0  nrf_ringbuf.o ABSOLUTE
    ..\\..\\..\\..\\..\\..\\components\\libraries\\strerror\\nrf_strerror.c 0x00000000   Number         0  nrf_strerror.o ABSOLUTE
    ..\\..\\..\\..\\..\\..\\components\\libraries\\timer\\app_timer_freertos.c 0x00000000   Number         0  app_timer_freertos.o ABSOLUTE
    ..\\..\\..\\..\\..\\..\\components\\libraries\\util\\app_error.c 0x00000000   Number         0  app_error.o ABSOLUTE
    ..\\..\\..\\..\\..\\..\\components\\libraries\\util\\app_error_handler_keil.c 0x00000000   Number         0  app_error_handler_keil.o ABSOLUTE
    ..\\..\\..\\..\\..\\..\\components\\libraries\\util\\app_error_weak.c 0x00000000   Number         0  app_error_weak.o ABSOLUTE
    ..\\..\\..\\..\\..\\..\\components\\libraries\\util\\app_util_platform.c 0x00000000   Number         0  app_util_platform.o ABSOLUTE
    ..\\..\\..\\..\\..\\..\\components\\libraries\\util\\nrf_assert.c 0x00000000   Number         0  nrf_assert.o ABSOLUTE
    ..\\..\\..\\..\\..\\..\\external\\fprintf\\nrf_fprintf.c 0x00000000   Number         0  nrf_fprintf.o ABSOLUTE
    ..\\..\\..\\..\\..\\..\\external\\fprintf\\nrf_fprintf_format.c 0x00000000   Number         0  nrf_fprintf_format.o ABSOLUTE
    ..\\..\\..\\..\\..\\..\\external\\freertos\\portable\\ARM\\nrf52\\port.c 0x00000000   Number         0  port.o ABSOLUTE
    ..\\..\\..\\..\\..\\..\\external\\freertos\\portable\\CMSIS\\nrf52\\port_cmsis.c 0x00000000   Number         0  port_cmsis.o ABSOLUTE
    ..\\..\\..\\..\\..\\..\\external\\freertos\\portable\\CMSIS\\nrf52\\port_cmsis_systick.c 0x00000000   Number         0  port_cmsis_systick.o ABSOLUTE
    ..\\..\\..\\..\\..\\..\\external\\freertos\\source\\croutine.c 0x00000000   Number         0  croutine.o ABSOLUTE
    ..\\..\\..\\..\\..\\..\\external\\freertos\\source\\event_groups.c 0x00000000   Number         0  event_groups.o ABSOLUTE
    ..\\..\\..\\..\\..\\..\\external\\freertos\\source\\list.c 0x00000000   Number         0  list.o ABSOLUTE
    ..\\..\\..\\..\\..\\..\\external\\freertos\\source\\portable\\MemMang\\heap_1.c 0x00000000   Number         0  heap_1.o ABSOLUTE
    ..\\..\\..\\..\\..\\..\\external\\freertos\\source\\queue.c 0x00000000   Number         0  queue.o ABSOLUTE
    ..\\..\\..\\..\\..\\..\\external\\freertos\\source\\stream_buffer.c 0x00000000   Number         0  stream_buffer.o ABSOLUTE
    ..\\..\\..\\..\\..\\..\\external\\freertos\\source\\tasks.c 0x00000000   Number         0  tasks.o ABSOLUTE
    ..\\..\\..\\..\\..\\..\\external\\freertos\\source\\timers.c 0x00000000   Number         0  timers.o ABSOLUTE
    ..\\..\\..\\..\\..\\..\\integration\\nrfx\\legacy\\nrf_drv_clock.c 0x00000000   Number         0  nrf_drv_clock.o ABSOLUTE
    ..\\..\\..\\..\\..\\..\\integration\\nrfx\\legacy\\nrf_drv_ppi.c 0x00000000   Number         0  nrf_drv_ppi.o ABSOLUTE
    ..\\..\\..\\..\\..\\..\\integration\\nrfx\\legacy\\nrf_drv_twi.c 0x00000000   Number         0  nrf_drv_twi.o ABSOLUTE
    ..\\..\\..\\..\\..\\..\\integration\\nrfx\\legacy\\nrf_drv_uart.c 0x00000000   Number         0  nrf_drv_uart.o ABSOLUTE
    ..\\..\\..\\..\\..\\..\\modules\\nrfx\\drivers\\src\\nrfx_clock.c 0x00000000   Number         0  nrfx_clock.o ABSOLUTE
    ..\\..\\..\\..\\..\\..\\modules\\nrfx\\drivers\\src\\nrfx_gpiote.c 0x00000000   Number         0  nrfx_gpiote.o ABSOLUTE
    ..\\..\\..\\..\\..\\..\\modules\\nrfx\\drivers\\src\\nrfx_ppi.c 0x00000000   Number         0  nrfx_ppi.o ABSOLUTE
    ..\\..\\..\\..\\..\\..\\modules\\nrfx\\drivers\\src\\nrfx_saadc.c 0x00000000   Number         0  nrfx_saadc.o ABSOLUTE
    ..\\..\\..\\..\\..\\..\\modules\\nrfx\\drivers\\src\\nrfx_timer.c 0x00000000   Number         0  nrfx_timer.o ABSOLUTE
    ..\\..\\..\\..\\..\\..\\modules\\nrfx\\drivers\\src\\nrfx_twi.c 0x00000000   Number         0  nrfx_twi.o ABSOLUTE
    ..\\..\\..\\..\\..\\..\\modules\\nrfx\\drivers\\src\\nrfx_twim.c 0x00000000   Number         0  nrfx_twim.o ABSOLUTE
    ..\\..\\..\\..\\..\\..\\modules\\nrfx\\drivers\\src\\nrfx_uart.c 0x00000000   Number         0  nrfx_uart.o ABSOLUTE
    ..\\..\\..\\..\\..\\..\\modules\\nrfx\\drivers\\src\\nrfx_uarte.c 0x00000000   Number         0  nrfx_uarte.o ABSOLUTE
    ..\\..\\..\\..\\..\\..\\modules\\nrfx\\drivers\\src\\prs\\nrfx_prs.c 0x00000000   Number         0  nrfx_prs.o ABSOLUTE
    ..\\..\\..\\..\\..\\..\\modules\\nrfx\\soc\\nrfx_atomic.c 0x00000000   Number         0  nrfx_atomic.o ABSOLUTE
    ..\\..\\..\\main.c                       0x00000000   Number         0  main.o ABSOLUTE
    ..\\..\\..\\usr_lib\\hardware\\ad8233.c  0x00000000   Number         0  ad8233.o ABSOLUTE
    ..\\..\\..\\usr_lib\\hardware\\sc7a20.c  0x00000000   Number         0  sc7a20.o ABSOLUTE
    ..\\..\\..\\usr_lib\\tasks\\Task_PanTompkins.c 0x00000000   Number         0  task_pantompkins.o ABSOLUTE
    ..\\..\\..\\usr_lib\\tasks\\Task_led.c   0x00000000   Number         0  task_led.o ABSOLUTE
    ..\\..\\..\\usr_lib\\tasks\\start_tasks.c 0x00000000   Number         0  start_tasks.o ABSOLUTE
    RTE/Device/nRF52840_xxAA/arm_startup_nrf52840.s 0x00000000   Number         0  arm_startup_nrf52840.o ABSOLUTE
    RTE/Device/nRF52840_xxAA/system_nrf52.c  0x00000000   Number         0  system_nrf52.o ABSOLUTE
    RTE\Device\nRF52840_xxAA\system_nrf52.c  0x00000000   Number         0  system_nrf52.o ABSOLUTE
    cdcmple.s                                0x00000000   Number         0  cdcmple.o ABSOLUTE
    dc.s                                     0x00000000   Number         0  dc.o ABSOLUTE
    handlers.s                               0x00000000   Number         0  handlers.o ABSOLUTE
    init.s                                   0x00000000   Number         0  init.o ABSOLUTE
    .ARM.Collect$$$$00000000                 0x00000200   Section        0  entry.o(.ARM.Collect$$$$00000000)
    .ARM.Collect$$$$00000001                 0x00000200   Section        4  entry2.o(.ARM.Collect$$$$00000001)
    .ARM.Collect$$$$00000004                 0x00000204   Section        4  entry5.o(.ARM.Collect$$$$00000004)
    .ARM.Collect$$$$00000008                 0x00000208   Section        0  entry7b.o(.ARM.Collect$$$$00000008)
    .ARM.Collect$$$$0000000A                 0x00000208   Section        0  entry8b.o(.ARM.Collect$$$$0000000A)
    .ARM.Collect$$$$0000000B                 0x00000208   Section        8  entry9a.o(.ARM.Collect$$$$0000000B)
    .ARM.Collect$$$$0000000E                 0x00000210   Section        4  entry12b.o(.ARM.Collect$$$$0000000E)
    .ARM.Collect$$$$0000000F                 0x00000214   Section        0  entry10a.o(.ARM.Collect$$$$0000000F)
    .ARM.Collect$$$$00000011                 0x00000214   Section        0  entry11a.o(.ARM.Collect$$$$00000011)
    .ARM.Collect$$$$00002712                 0x00000214   Section        4  entry2.o(.ARM.Collect$$$$00002712)
    __lit__00000000                          0x00000214   Data           4  entry2.o(.ARM.Collect$$$$00002712)
    .emb_text                                0x00000218   Section      152  port.o(.emb_text)
    $v0                                      0x00000218   Number         0  port.o(.emb_text)
    .text                                    0x000002b0   Section       36  arm_startup_nrf52840.o(.text)
    $v0                                      0x000002b0   Number         0  arm_startup_nrf52840.o(.text)
    .text                                    0x000002d4   Section        0  llshl.o(.text)
    .text                                    0x000002f2   Section        0  llushr.o(.text)
    .text                                    0x00000312   Section        0  memcpya.o(.text)
    .text                                    0x00000336   Section        0  memseta.o(.text)
    .text                                    0x0000035a   Section        0  dmul.o(.text)
    .text                                    0x0000043e   Section        0  f2d.o(.text)
    .text                                    0x00000464   Section        0  d2f.o(.text)
    .text                                    0x0000049c   Section        0  iusefp.o(.text)
    .text                                    0x0000049c   Section        0  fepilogue.o(.text)
    .text                                    0x0000050a   Section        0  depilogue.o(.text)
    .text                                    0x000005c4   Section       36  init.o(.text)
    i.DerivFilter                            0x000005e8   Section        0  pantompkins.o(i.DerivFilter)
    i.GPIOTE_IRQHandler                      0x00000634   Section        0  nrfx_gpiote.o(i.GPIOTE_IRQHandler)
    i.HPFilter                               0x000006d8   Section        0  pantompkins.o(i.HPFilter)
    i.LPFilter                               0x00000768   Section        0  pantompkins.o(i.LPFilter)
    i.LearningPhase1                         0x000007dc   Section        0  pantompkins.o(i.LearningPhase1)
    i.MVAFilter                              0x00000874   Section        0  pantompkins.o(i.MVAFilter)
    i.POWER_CLOCK_IRQHandler                 0x000008ec   Section        0  nrfx_clock.o(i.POWER_CLOCK_IRQHandler)
    i.PT_StateMachine                        0x00000990   Section        0  pantompkins.o(i.PT_StateMachine)
    i.PT_init                                0x00000b80   Section        0  pantompkins.o(i.PT_init)
    i.PeakDtcBP                              0x00000c6c   Section        0  pantompkins.o(i.PeakDtcBP)
    i.PeakDtcDR                              0x00000c9c   Section        0  pantompkins.o(i.PeakDtcDR)
    i.PeakDtcI                               0x00000ccc   Section        0  pantompkins.o(i.PeakDtcI)
    i.RTC1_IRQHandler                        0x00000cf4   Section        0  port_cmsis_systick.o(i.RTC1_IRQHandler)
    i.SAADC_IRQHandler                       0x00000d5c   Section        0  nrfx_saadc.o(i.SAADC_IRQHandler)
    i.SPIM0_SPIS0_TWIM0_TWIS0_SPI0_TWI0_IRQHandler 0x00000ea4   Section        0  nrfx_twim.o(i.SPIM0_SPIS0_TWIM0_TWIS0_SPI0_TWI0_IRQHandler)
    i.SQRFilter                              0x00000eb4   Section        0  pantompkins.o(i.SQRFilter)
    i.SystemInit                             0x00000ef8   Section        0  system_nrf52.o(i.SystemInit)
    i.TIMER0_IRQHandler                      0x000010d4   Section        0  nrfx_timer.o(i.TIMER0_IRQHandler)
    i.TIMER1_IRQHandler                      0x000010e8   Section        0  nrfx_timer.o(i.TIMER1_IRQHandler)
    i.TIMER2_IRQHandler                      0x000010fc   Section        0  nrfx_timer.o(i.TIMER2_IRQHandler)
    i.TIMER3_IRQHandler                      0x00001110   Section        0  nrfx_timer.o(i.TIMER3_IRQHandler)
    i.TIMER4_IRQHandler                      0x00001124   Section        0  nrfx_timer.o(i.TIMER4_IRQHandler)
    i.UARTE0_UART0_IRQHandler                0x00001138   Section        0  nrfx_prs.o(i.UARTE0_UART0_IRQHandler)
    i.UpdateRR                               0x00001144   Section        0  pantompkins.o(i.UpdateRR)
    i.UpdateThF                              0x00001230   Section        0  pantompkins.o(i.UpdateThF)
    i.UpdateThI                              0x0000128c   Section        0  pantompkins.o(i.UpdateThI)
    i._NRFX_IRQ_PENDING_CLEAR                0x000012dc   Section        0  nrfx_twim.o(i._NRFX_IRQ_PENDING_CLEAR)
    _NRFX_IRQ_PENDING_CLEAR                  0x000012dd   Thumb Code    26  nrfx_twim.o(i._NRFX_IRQ_PENDING_CLEAR)
    i.__scatterload_copy                     0x000012f6   Section       14  handlers.o(i.__scatterload_copy)
    i.__scatterload_null                     0x00001304   Section        2  handlers.o(i.__scatterload_null)
    i.__scatterload_zeroinit                 0x00001306   Section       14  handlers.o(i.__scatterload_zeroinit)
    i.ad8233_init                            0x00001314   Section        0  ad8233.o(i.ad8233_init)
    i.app_error_fault_handler                0x0000136c   Section        0  app_error_weak.o(i.app_error_fault_handler)
    i.app_error_handler_bare                 0x0000139c   Section        0  app_error.o(i.app_error_handler_bare)
    i.app_util_critical_region_enter         0x000013b2   Section        0  app_util_platform.o(i.app_util_critical_region_enter)
    i.app_util_critical_region_exit          0x000013b6   Section        0  app_util_platform.o(i.app_util_critical_region_exit)
    i.app_util_disable_irq                   0x000013bc   Section        0  app_util_platform.o(i.app_util_disable_irq)
    i.app_util_enable_irq                    0x000013cc   Section        0  app_util_platform.o(i.app_util_enable_irq)
    i.channel_port_get                       0x000013e0   Section        0  nrfx_gpiote.o(i.channel_port_get)
    channel_port_get                         0x000013e1   Thumb Code    10  nrfx_gpiote.o(i.channel_port_get)
    i.irq_handler                            0x000013f0   Section        0  nrfx_timer.o(i.irq_handler)
    irq_handler                              0x000013f1   Thumb Code    70  nrfx_timer.o(i.irq_handler)
    i.is_allocated_channel                   0x00001438   Section        0  nrfx_ppi.o(i.is_allocated_channel)
    is_allocated_channel                     0x00001439   Thumb Code    20  nrfx_ppi.o(i.is_allocated_channel)
    i.is_programmable_app_channel            0x00001450   Section        0  nrfx_ppi.o(i.is_programmable_app_channel)
    is_programmable_app_channel              0x00001451   Thumb Code    12  nrfx_ppi.o(i.is_programmable_app_channel)
    i.low_pass_filter                        0x0000145c   Section        0  filter.o(i.low_pass_filter)
    i.low_pass_filter_init                   0x0000148c   Section        0  filter.o(i.low_pass_filter_init)
    i.main                                   0x000014f4   Section        0  main.o(i.main)
    i.moving_average_filter                  0x00001508   Section        0  filter.o(i.moving_average_filter)
    i.moving_average_filter_init             0x0000156c   Section        0  filter.o(i.moving_average_filter_init)
    i.nrf_bitmask_bit_is_set                 0x00001580   Section        0  nrfx_gpiote.o(i.nrf_bitmask_bit_is_set)
    nrf_bitmask_bit_is_set                   0x00001581   Thumb Code    16  nrfx_gpiote.o(i.nrf_bitmask_bit_is_set)
    i.nrf_clock_event_check                  0x00001590   Section        0  nrfx_clock.o(i.nrf_clock_event_check)
    nrf_clock_event_check                    0x00001591   Thumb Code    14  nrfx_clock.o(i.nrf_clock_event_check)
    i.nrf_clock_event_clear                  0x0000159e   Section        0  nrfx_clock.o(i.nrf_clock_event_clear)
    nrf_clock_event_clear                    0x0000159f   Thumb Code    16  nrfx_clock.o(i.nrf_clock_event_clear)
    i.nrf_drv_ppi_init                       0x000015b0   Section        0  nrf_drv_ppi.o(i.nrf_drv_ppi_init)
    i.nrf_gpio_cfg_output                    0x000015c8   Section        0  ad8233.o(i.nrf_gpio_cfg_output)
    nrf_gpio_cfg_output                      0x000015c9   Thumb Code    24  ad8233.o(i.nrf_gpio_cfg_output)
    i.nrf_gpio_cfg_sense_set                 0x000015e0   Section        0  nrfx_gpiote.o(i.nrf_gpio_cfg_sense_set)
    nrf_gpio_cfg_sense_set                   0x000015e1   Thumb Code    48  nrfx_gpiote.o(i.nrf_gpio_cfg_sense_set)
    i.nrf_gpio_latches_read_and_clear        0x00001610   Section        0  nrfx_gpiote.o(i.nrf_gpio_latches_read_and_clear)
    nrf_gpio_latches_read_and_clear          0x00001611   Thumb Code    42  nrfx_gpiote.o(i.nrf_gpio_latches_read_and_clear)
    i.nrf_gpio_pin_port_decode               0x00001640   Section        0  nrfx_gpiote.o(i.nrf_gpio_pin_port_decode)
    nrf_gpio_pin_port_decode                 0x00001641   Thumb Code    22  nrfx_gpiote.o(i.nrf_gpio_pin_port_decode)
    i.nrf_gpio_pin_port_decode               0x0000165c   Section        0  ad8233.o(i.nrf_gpio_pin_port_decode)
    nrf_gpio_pin_port_decode                 0x0000165d   Thumb Code    22  ad8233.o(i.nrf_gpio_pin_port_decode)
    i.nrf_gpio_pin_write                     0x00001678   Section        0  ad8233.o(i.nrf_gpio_pin_write)
    nrf_gpio_pin_write                       0x00001679   Thumb Code    38  ad8233.o(i.nrf_gpio_pin_write)
    i.nrf_gpiote_event_clear                 0x000016a0   Section        0  nrfx_gpiote.o(i.nrf_gpiote_event_clear)
    nrf_gpiote_event_clear                   0x000016a1   Thumb Code    16  nrfx_gpiote.o(i.nrf_gpiote_event_clear)
    i.nrf_gpiote_event_is_set                0x000016b4   Section        0  nrfx_gpiote.o(i.nrf_gpiote_event_is_set)
    nrf_gpiote_event_is_set                  0x000016b5   Thumb Code    12  nrfx_gpiote.o(i.nrf_gpiote_event_is_set)
    i.nrf_rtc_event_clear                    0x000016c4   Section        0  port_cmsis_systick.o(i.nrf_rtc_event_clear)
    nrf_rtc_event_clear                      0x000016c5   Thumb Code    12  port_cmsis_systick.o(i.nrf_rtc_event_clear)
    i.nrf_saadc_buffer_init                  0x000016d0   Section        0  nrfx_saadc.o(i.nrf_saadc_buffer_init)
    nrf_saadc_buffer_init                    0x000016d1   Thumb Code    10  nrfx_saadc.o(i.nrf_saadc_buffer_init)
    i.nrf_saadc_channel_input_set            0x000016e0   Section        0  nrfx_saadc.o(i.nrf_saadc_channel_input_set)
    nrf_saadc_channel_input_set              0x000016e1   Thumb Code    16  nrfx_saadc.o(i.nrf_saadc_channel_input_set)
    i.nrf_saadc_event_check                  0x000016f4   Section        0  nrfx_saadc.o(i.nrf_saadc_event_check)
    nrf_saadc_event_check                    0x000016f5   Thumb Code    12  nrfx_saadc.o(i.nrf_saadc_event_check)
    i.nrf_saadc_event_clear                  0x00001704   Section        0  nrfx_saadc.o(i.nrf_saadc_event_clear)
    nrf_saadc_event_clear                    0x00001705   Thumb Code    16  nrfx_saadc.o(i.nrf_saadc_event_clear)
    i.nrf_timer_event_clear                  0x00001718   Section        0  nrfx_timer.o(i.nrf_timer_event_clear)
    nrf_timer_event_clear                    0x00001719   Thumb Code    12  nrfx_timer.o(i.nrf_timer_event_clear)
    i.nrf_twim_event_check                   0x00001724   Section        0  nrfx_twim.o(i.nrf_twim_event_check)
    nrf_twim_event_check                     0x00001725   Thumb Code    10  nrfx_twim.o(i.nrf_twim_event_check)
    i.nrf_twim_event_clear                   0x0000172e   Section        0  nrfx_twim.o(i.nrf_twim_event_clear)
    nrf_twim_event_clear                     0x0000172f   Thumb Code    12  nrfx_twim.o(i.nrf_twim_event_clear)
    i.nrfx_ppi_channel_alloc                 0x0000173c   Section        0  nrfx_ppi.o(i.nrfx_ppi_channel_alloc)
    i.nrfx_ppi_channel_assign                0x0000179c   Section        0  nrfx_ppi.o(i.nrfx_ppi_channel_assign)
    i.nrfx_ppi_channel_enable                0x000017e0   Section        0  nrfx_ppi.o(i.nrfx_ppi_channel_enable)
    i.nrfx_saadc_buffer_convert              0x00001808   Section        0  nrfx_saadc.o(i.nrfx_saadc_buffer_convert)
    i.nrfx_saadc_channel_init                0x000018ac   Section        0  nrfx_saadc.o(i.nrfx_saadc_channel_init)
    i.nrfx_saadc_init                        0x00001938   Section        0  nrfx_saadc.o(i.nrfx_saadc_init)
    i.nrfx_saadc_sample_task_get             0x000019cc   Section        0  nrfx_saadc.o(i.nrfx_saadc_sample_task_get)
    i.nrfx_timer_compare                     0x000019e8   Section        0  nrfx_timer.o(i.nrfx_timer_compare)
    i.nrfx_timer_enable                      0x00001a24   Section        0  nrfx_timer.o(i.nrfx_timer_enable)
    i.nrfx_timer_extended_compare            0x00001a40   Section        0  nrfx_timer.o(i.nrfx_timer_extended_compare)
    i.nrfx_timer_init                        0x00001a6c   Section        0  nrfx_timer.o(i.nrfx_timer_init)
    i.nvmc_config                            0x00001b2c   Section        0  system_nrf52.o(i.nvmc_config)
    i.port_event_handle                      0x00001b44   Section        0  nrfx_gpiote.o(i.port_event_handle)
    port_event_handle                        0x00001b45   Thumb Code   202  nrfx_gpiote.o(i.port_event_handle)
    i.port_handler_polarity_get              0x00001c14   Section        0  nrfx_gpiote.o(i.port_handler_polarity_get)
    port_handler_polarity_get                0x00001c15   Thumb Code    12  nrfx_gpiote.o(i.port_handler_polarity_get)
    i.prvResetNextTaskUnblockTime            0x00001c24   Section        0  tasks.o(i.prvResetNextTaskUnblockTime)
    prvResetNextTaskUnblockTime              0x00001c25   Thumb Code    26  tasks.o(i.prvResetNextTaskUnblockTime)
    i.saadc_callback                         0x00001c44   Section        0  ad8233.o(i.saadc_callback)
    i.saadc_init                             0x00001cb0   Section        0  ad8233.o(i.saadc_init)
    i.saadc_sampling_event_enable            0x00001cf8   Section        0  ad8233.o(i.saadc_sampling_event_enable)
    i.saadc_sampling_event_init              0x00001d14   Section        0  ad8233.o(i.saadc_sampling_event_init)
    i.timer_handler                          0x00001da8   Section        0  ad8233.o(i.timer_handler)
    i.twim_irq_handler                       0x00001dac   Section        0  nrfx_twim.o(i.twim_irq_handler)
    twim_irq_handler                         0x00001dad   Thumb Code   400  nrfx_twim.o(i.twim_irq_handler)
    i.uxListRemove                           0x00001f40   Section        0  list.o(i.uxListRemove)
    i.vListInsertEnd                         0x00001f66   Section        0  list.o(i.vListInsertEnd)
    i.vTaskSwitchContext                     0x00001f80   Section        0  tasks.o(i.vTaskSwitchContext)
    i.xTaskGetSchedulerState                 0x00001fc4   Section        0  tasks.o(i.xTaskGetSchedulerState)
    i.xTaskGetTickCount                      0x00001fe0   Section        0  tasks.o(i.xTaskGetTickCount)
    i.xTaskIncrementTick                     0x00001fec   Section        0  tasks.o(i.xTaskIncrementTick)
    i.xfer_completeness_check                0x0000208c   Section        0  nrfx_twim.o(i.xfer_completeness_check)
    xfer_completeness_check                  0x0000208d   Thumb Code    98  nrfx_twim.o(i.xfer_completeness_check)
    .constdata                               0x000020f0   Section        8  nrfx_gpiote.o(.constdata)
    .constdata                               0x000020f8   Section        4  pantompkins.o(.constdata)
    PT_dptr                                  0x000020f8   Data           4  pantompkins.o(.constdata)
    .constdata                               0x00002100   Section       49  ad8233.o(.constdata)
    default_config                           0x00002100   Data           4  ad8233.o(.constdata)
    delay_machine_code                       0x00002110   Data           6  ad8233.o(.constdata)
    m_timer                                  0x00002118   Data           8  ad8233.o(.constdata)
    .data                                    0x20000000   Section        2  main.o(.data)
    .data                                    0x20000004   Section        4  main.o(.data)
    .data                                    0x20000008   Section        4  main.o(.data)
    .data                                    0x2000000c   Section       60  tasks.o(.data)
    uxDeletedTasksWaitingCleanUp             0x20000010   Data           4  tasks.o(.data)
    uxCurrentNumberOfTasks                   0x20000014   Data           4  tasks.o(.data)
    xTickCount                               0x20000018   Data           4  tasks.o(.data)
    uxTopReadyPriority                       0x2000001c   Data           4  tasks.o(.data)
    xSchedulerRunning                        0x20000020   Data           4  tasks.o(.data)
    uxPendedTicks                            0x20000024   Data           4  tasks.o(.data)
    xYieldPending                            0x20000028   Data           4  tasks.o(.data)
    xNumOfOverflows                          0x2000002c   Data           4  tasks.o(.data)
    uxTaskNumber                             0x20000030   Data           4  tasks.o(.data)
    xNextTaskUnblockTime                     0x20000034   Data           4  tasks.o(.data)
    xIdleTaskHandle                          0x20000038   Data           4  tasks.o(.data)
    uxSchedulerSuspended                     0x2000003c   Data           4  tasks.o(.data)
    pxDelayedTaskList                        0x20000040   Data           4  tasks.o(.data)
    pxOverflowDelayedTaskList                0x20000044   Data           4  tasks.o(.data)
    .data                                    0x20000048   Section        8  nrfx_clock.o(.data)
    m_clock_cb                               0x20000048   Data           8  nrfx_clock.o(.data)
    .data                                    0x20000050   Section        8  nrfx_ppi.o(.data)
    m_groups_allocated                       0x20000050   Data           1  nrfx_ppi.o(.data)
    m_channels_allocated                     0x20000054   Data           4  nrfx_ppi.o(.data)
    .data                                    0x20000058   Section        1  nrf_drv_ppi.o(.data)
    m_drv_state                              0x20000058   Data           1  nrf_drv_ppi.o(.data)
    .data                                    0x2000005c   Section        8  nrfx_prs.o(.data)
    m_prs_box_4                              0x2000005c   Data           8  nrfx_prs.o(.data)
    .data                                    0x20000064   Section        4  app_util_platform.o(.data)
    m_in_critical_region                     0x20000064   Data           4  app_util_platform.o(.data)
    .data                                    0x20000068   Section       54  pantompkins.o(.data)
    Prev_valBP                               0x20000068   Data           2  pantompkins.o(.data)
    Prev_Prev_valBP                          0x2000006a   Data           2  pantompkins.o(.data)
    Best_PeakBP                              0x2000006c   Data           2  pantompkins.o(.data)
    Prev_valDR                               0x2000006e   Data           2  pantompkins.o(.data)
    Prev_Prev_valDR                          0x20000070   Data           2  pantompkins.o(.data)
    Best_PeakDR                              0x20000072   Data           2  pantompkins.o(.data)
    Old_PeakDR                               0x20000074   Data           2  pantompkins.o(.data)
    Count_SinceRR                            0x20000076   Data           2  pantompkins.o(.data)
    RR1_p                                    0x20000078   Data           2  pantompkins.o(.data)
    RR2_p                                    0x2000007a   Data           2  pantompkins.o(.data)
    RR1_sum                                  0x2000007c   Data           2  pantompkins.o(.data)
    RR2_sum                                  0x2000007e   Data           2  pantompkins.o(.data)
    BlankTimeCnt                             0x20000080   Data           2  pantompkins.o(.data)
    SBcntI                                   0x20000082   Data           2  pantompkins.o(.data)
    SB_peakBP                                0x20000084   Data           2  pantompkins.o(.data)
    SB_peakDR                                0x20000086   Data           2  pantompkins.o(.data)
    y_h                                      0x20000088   Data           2  pantompkins.o(.data)
    st_mean_pkBP                             0x2000008a   Data           2  pantompkins.o(.data)
    MV_sum                                   0x2000008c   Data           2  pantompkins.o(.data)
    PEAKI_temp                               0x2000008e   Data           2  pantompkins.o(.data)
    st_mx_pk                                 0x20000090   Data           2  pantompkins.o(.data)
    st_mean_pk                               0x20000092   Data           2  pantompkins.o(.data)
    Prev_val                                 0x20000094   Data           2  pantompkins.o(.data)
    Prev_Prev_val                            0x20000096   Data           2  pantompkins.o(.data)
    SB_peakI                                 0x20000098   Data           2  pantompkins.o(.data)
    LP_y_new                                 0x2000009a   Data           2  pantompkins.o(.data)
    LP_y_old                                 0x2000009c   Data           2  pantompkins.o(.data)
    .data                                    0x200000a0   Section       24  filter.o(.data)
    fisrt_flag                               0x200000a0   Data           1  filter.o(.data)
    out_last                                 0x200000b4   Data           4  filter.o(.data)
    .data                                    0x200000b8   Section        8  ad8233.o(.data)
    m_ppi_channel                            0x200000b8   Data           1  ad8233.o(.data)
    .data                                    0x200000c0   Section        4  system_nrf52.o(.data)
    __tagsym$$used                           0x200000c0   Number         0  system_nrf52.o(.data)
    .bss                                     0x200000c4   Section       48  main.o(.bss)
    .bss                                     0x200000f4   Section      740  tasks.o(.bss)
    pxReadyTasksLists                        0x200000f4   Data         640  tasks.o(.bss)
    xDelayedTaskList1                        0x20000374   Data          20  tasks.o(.bss)
    xDelayedTaskList2                        0x20000388   Data          20  tasks.o(.bss)
    xPendingReadyList                        0x2000039c   Data          20  tasks.o(.bss)
    xTasksWaitingTermination                 0x200003b0   Data          20  tasks.o(.bss)
    xSuspendedTaskList                       0x200003c4   Data          20  tasks.o(.bss)
    .bss                                     0x200003d8   Section      108  nrfx_gpiote.o(.bss)
    m_cb                                     0x200003d8   Data         108  nrfx_gpiote.o(.bss)
    .bss                                     0x20000444   Section       48  nrfx_saadc.o(.bss)
    m_cb                                     0x20000444   Data          48  nrfx_saadc.o(.bss)
    .bss                                     0x20000474   Section       60  nrfx_timer.o(.bss)
    m_cb                                     0x20000474   Data          60  nrfx_timer.o(.bss)
    .bss                                     0x200004b0   Section       52  nrfx_twim.o(.bss)
    m_cb                                     0x200004b0   Data          52  nrfx_twim.o(.bss)
    .bss                                     0x200004e4   Section      234  pantompkins.o(.bss)
    PT_data                                  0x200004e4   Data         234  pantompkins.o(.bss)
    STACK                                    0x200005d0   Section     8192  arm_startup_nrf52840.o(STACK)

    Global Symbols

    Symbol Name                              Value     Ov Type        Size  Object(Section)

    BuildAttributes$$THM_ISAv4$E$P$D$K$B$S$7EM$VFPi3$EXTD16$VFPS$VFMA$PE$A:L22UL41UL21$X:L11$S22US41US21$IEEE1$IW$USESV6$~STKCKD$USESV7$~SHL$OTIME$ROPI$IEEEX$EBA8$MICROLIB$REQ8$EABIv2 0x00000000   Number         0  anon$$obj.o ABSOLUTE
    __ARM_use_no_argv                        0x00000000   Number         0  main.o ABSOLUTE
    __Vectors                                0x00000000   Data           4  arm_startup_nrf52840.o(RESET)
    __arm_fini_                               - Undefined Weak Reference
    __cpp_initialize__aeabi_                  - Undefined Weak Reference
    __cxa_finalize                            - Undefined Weak Reference
    __decompress                              - Undefined Weak Reference
    _clock_init                               - Undefined Weak Reference
    _microlib_exit                            - Undefined Weak Reference
    __Vectors_End                            0x00000200   Data           0  arm_startup_nrf52840.o(RESET)
    __Vectors_Size                           0x00000200   Number         0  arm_startup_nrf52840.o ABSOLUTE
    __main                                   0x00000201   Thumb Code     0  entry.o(.ARM.Collect$$$$00000000)
    _main_stk                                0x00000201   Thumb Code     0  entry2.o(.ARM.Collect$$$$00000001)
    _main_scatterload                        0x00000205   Thumb Code     0  entry5.o(.ARM.Collect$$$$00000004)
    __main_after_scatterload                 0x00000209   Thumb Code     0  entry5.o(.ARM.Collect$$$$00000004)
    _main_clock                              0x00000209   Thumb Code     0  entry7b.o(.ARM.Collect$$$$00000008)
    _main_cpp_init                           0x00000209   Thumb Code     0  entry8b.o(.ARM.Collect$$$$0000000A)
    _main_init                               0x00000209   Thumb Code     0  entry9a.o(.ARM.Collect$$$$0000000B)
    __rt_lib_shutdown_fini                   0x00000211   Thumb Code     0  entry12b.o(.ARM.Collect$$$$0000000E)
    __rt_final_cpp                           0x00000215   Thumb Code     0  entry10a.o(.ARM.Collect$$$$0000000F)
    __rt_final_exit                          0x00000215   Thumb Code     0  entry11a.o(.ARM.Collect$$$$00000011)
    SVC_Handler                              0x00000219   Thumb Code    28  port.o(.emb_text)
    vPortStartFirstTask                      0x00000239   Thumb Code    24  port.o(.emb_text)
    PendSV_Handler                           0x00000255   Thumb Code    88  port.o(.emb_text)
    Reset_Handler                            0x000002b1   Thumb Code     8  arm_startup_nrf52840.o(.text)
    NMI_Handler                              0x000002b9   Thumb Code     2  arm_startup_nrf52840.o(.text)
    HardFault_Handler                        0x000002bb   Thumb Code     2  arm_startup_nrf52840.o(.text)
    MemoryManagement_Handler                 0x000002bd   Thumb Code     2  arm_startup_nrf52840.o(.text)
    BusFault_Handler                         0x000002bf   Thumb Code     2  arm_startup_nrf52840.o(.text)
    UsageFault_Handler                       0x000002c1   Thumb Code     2  arm_startup_nrf52840.o(.text)
    DebugMon_Handler                         0x000002c5   Thumb Code     2  arm_startup_nrf52840.o(.text)
    SysTick_Handler                          0x000002c9   Thumb Code     2  arm_startup_nrf52840.o(.text)
    CCM_AAR_IRQHandler                       0x000002cb   Thumb Code     0  arm_startup_nrf52840.o(.text)
    COMP_LPCOMP_IRQHandler                   0x000002cb   Thumb Code     0  arm_startup_nrf52840.o(.text)
    CRYPTOCELL_IRQHandler                    0x000002cb   Thumb Code     0  arm_startup_nrf52840.o(.text)
    ECB_IRQHandler                           0x000002cb   Thumb Code     0  arm_startup_nrf52840.o(.text)
    FPU_IRQHandler                           0x000002cb   Thumb Code     0  arm_startup_nrf52840.o(.text)
    I2S_IRQHandler                           0x000002cb   Thumb Code     0  arm_startup_nrf52840.o(.text)
    MWU_IRQHandler                           0x000002cb   Thumb Code     0  arm_startup_nrf52840.o(.text)
    NFCT_IRQHandler                          0x000002cb   Thumb Code     0  arm_startup_nrf52840.o(.text)
    PDM_IRQHandler                           0x000002cb   Thumb Code     0  arm_startup_nrf52840.o(.text)
    PWM0_IRQHandler                          0x000002cb   Thumb Code     0  arm_startup_nrf52840.o(.text)
    PWM1_IRQHandler                          0x000002cb   Thumb Code     0  arm_startup_nrf52840.o(.text)
    PWM2_IRQHandler                          0x000002cb   Thumb Code     0  arm_startup_nrf52840.o(.text)
    PWM3_IRQHandler                          0x000002cb   Thumb Code     0  arm_startup_nrf52840.o(.text)
    QDEC_IRQHandler                          0x000002cb   Thumb Code     0  arm_startup_nrf52840.o(.text)
    QSPI_IRQHandler                          0x000002cb   Thumb Code     0  arm_startup_nrf52840.o(.text)
    RADIO_IRQHandler                         0x000002cb   Thumb Code     0  arm_startup_nrf52840.o(.text)
    RNG_IRQHandler                           0x000002cb   Thumb Code     0  arm_startup_nrf52840.o(.text)
    RTC0_IRQHandler                          0x000002cb   Thumb Code     0  arm_startup_nrf52840.o(.text)
    RTC2_IRQHandler                          0x000002cb   Thumb Code     0  arm_startup_nrf52840.o(.text)
    SPIM1_SPIS1_TWIM1_TWIS1_SPI1_TWI1_IRQHandler 0x000002cb   Thumb Code     0  arm_startup_nrf52840.o(.text)
    SPIM2_SPIS2_SPI2_IRQHandler              0x000002cb   Thumb Code     0  arm_startup_nrf52840.o(.text)
    SPIM3_IRQHandler                         0x000002cb   Thumb Code     0  arm_startup_nrf52840.o(.text)
    SWI0_EGU0_IRQHandler                     0x000002cb   Thumb Code     0  arm_startup_nrf52840.o(.text)
    SWI1_EGU1_IRQHandler                     0x000002cb   Thumb Code     0  arm_startup_nrf52840.o(.text)
    SWI2_EGU2_IRQHandler                     0x000002cb   Thumb Code     0  arm_startup_nrf52840.o(.text)
    SWI3_EGU3_IRQHandler                     0x000002cb   Thumb Code     0  arm_startup_nrf52840.o(.text)
    SWI4_EGU4_IRQHandler                     0x000002cb   Thumb Code     0  arm_startup_nrf52840.o(.text)
    SWI5_EGU5_IRQHandler                     0x000002cb   Thumb Code     0  arm_startup_nrf52840.o(.text)
    TEMP_IRQHandler                          0x000002cb   Thumb Code     0  arm_startup_nrf52840.o(.text)
    UARTE1_IRQHandler                        0x000002cb   Thumb Code     0  arm_startup_nrf52840.o(.text)
    USBD_IRQHandler                          0x000002cb   Thumb Code     0  arm_startup_nrf52840.o(.text)
    WDT_IRQHandler                           0x000002cb   Thumb Code     0  arm_startup_nrf52840.o(.text)
    __aeabi_llsl                             0x000002d5   Thumb Code    30  llshl.o(.text)
    _ll_shift_l                              0x000002d5   Thumb Code     0  llshl.o(.text)
    __aeabi_llsr                             0x000002f3   Thumb Code    32  llushr.o(.text)
    _ll_ushift_r                             0x000002f3   Thumb Code     0  llushr.o(.text)
    __aeabi_memcpy                           0x00000313   Thumb Code    36  memcpya.o(.text)
    __aeabi_memcpy4                          0x00000313   Thumb Code     0  memcpya.o(.text)
    __aeabi_memcpy8                          0x00000313   Thumb Code     0  memcpya.o(.text)
    __aeabi_memset                           0x00000337   Thumb Code    14  memseta.o(.text)
    __aeabi_memset4                          0x00000337   Thumb Code     0  memseta.o(.text)
    __aeabi_memset8                          0x00000337   Thumb Code     0  memseta.o(.text)
    __aeabi_memclr                           0x00000345   Thumb Code     4  memseta.o(.text)
    __aeabi_memclr4                          0x00000345   Thumb Code     0  memseta.o(.text)
    __aeabi_memclr8                          0x00000345   Thumb Code     0  memseta.o(.text)
    _memset$wrapper                          0x00000349   Thumb Code    18  memseta.o(.text)
    __aeabi_dmul                             0x0000035b   Thumb Code   228  dmul.o(.text)
    __aeabi_f2d                              0x0000043f   Thumb Code    38  f2d.o(.text)
    __aeabi_d2f                              0x00000465   Thumb Code    56  d2f.o(.text)
    __I$use$fp                               0x0000049d   Thumb Code     0  iusefp.o(.text)
    _float_round                             0x0000049d   Thumb Code    18  fepilogue.o(.text)
    _float_epilogue                          0x000004af   Thumb Code    92  fepilogue.o(.text)
    _double_round                            0x0000050b   Thumb Code    30  depilogue.o(.text)
    _double_epilogue                         0x00000529   Thumb Code   156  depilogue.o(.text)
    __scatterload                            0x000005c5   Thumb Code    28  init.o(.text)
    __scatterload_rt2                        0x000005c5   Thumb Code     0  init.o(.text)
    DerivFilter                              0x000005e9   Thumb Code    70  pantompkins.o(i.DerivFilter)
    GPIOTE_IRQHandler                        0x00000635   Thumb Code   156  nrfx_gpiote.o(i.GPIOTE_IRQHandler)
    HPFilter                                 0x000006d9   Thumb Code   134  pantompkins.o(i.HPFilter)
    LPFilter                                 0x00000769   Thumb Code   108  pantompkins.o(i.LPFilter)
    LearningPhase1                           0x000007dd   Thumb Code   144  pantompkins.o(i.LearningPhase1)
    MVAFilter                                0x00000875   Thumb Code   112  pantompkins.o(i.MVAFilter)
    POWER_CLOCK_IRQHandler                   0x000008ed   Thumb Code   154  nrfx_clock.o(i.POWER_CLOCK_IRQHandler)
    PT_StateMachine                          0x00000991   Thumb Code   488  pantompkins.o(i.PT_StateMachine)
    PT_init                                  0x00000b81   Thumb Code   224  pantompkins.o(i.PT_init)
    PeakDtcBP                                0x00000c6d   Thumb Code    42  pantompkins.o(i.PeakDtcBP)
    PeakDtcDR                                0x00000c9d   Thumb Code    42  pantompkins.o(i.PeakDtcDR)
    PeakDtcI                                 0x00000ccd   Thumb Code    32  pantompkins.o(i.PeakDtcI)
    RTC1_IRQHandler                          0x00000cf5   Thumb Code    96  port_cmsis_systick.o(i.RTC1_IRQHandler)
    SAADC_IRQHandler                         0x00000d5d   Thumb Code   320  nrfx_saadc.o(i.SAADC_IRQHandler)
    SPIM0_SPIS0_TWIM0_TWIS0_SPI0_TWI0_IRQHandler 0x00000ea5   Thumb Code     8  nrfx_twim.o(i.SPIM0_SPIS0_TWIM0_TWIS0_SPI0_TWI0_IRQHandler)
    SQRFilter                                0x00000eb5   Thumb Code    64  pantompkins.o(i.SQRFilter)
    SystemInit                               0x00000ef9   Thumb Code   420  system_nrf52.o(i.SystemInit)
    TIMER0_IRQHandler                        0x000010d5   Thumb Code    10  nrfx_timer.o(i.TIMER0_IRQHandler)
    TIMER1_IRQHandler                        0x000010e9   Thumb Code    10  nrfx_timer.o(i.TIMER1_IRQHandler)
    TIMER2_IRQHandler                        0x000010fd   Thumb Code    10  nrfx_timer.o(i.TIMER2_IRQHandler)
    TIMER3_IRQHandler                        0x00001111   Thumb Code    10  nrfx_timer.o(i.TIMER3_IRQHandler)
    TIMER4_IRQHandler                        0x00001125   Thumb Code    10  nrfx_timer.o(i.TIMER4_IRQHandler)
    UARTE0_UART0_IRQHandler                  0x00001139   Thumb Code     6  nrfx_prs.o(i.UARTE0_UART0_IRQHandler)
    UpdateRR                                 0x00001145   Thumb Code   228  pantompkins.o(i.UpdateRR)
    UpdateThF                                0x00001231   Thumb Code    88  pantompkins.o(i.UpdateThF)
    UpdateThI                                0x0000128d   Thumb Code    76  pantompkins.o(i.UpdateThI)
    __scatterload_copy                       0x000012f7   Thumb Code    14  handlers.o(i.__scatterload_copy)
    __scatterload_null                       0x00001305   Thumb Code     2  handlers.o(i.__scatterload_null)
    __scatterload_zeroinit                   0x00001307   Thumb Code    14  handlers.o(i.__scatterload_zeroinit)
    ad8233_init                              0x00001315   Thumb Code    84  ad8233.o(i.ad8233_init)
    app_error_fault_handler                  0x0000136d   Thumb Code    40  app_error_weak.o(i.app_error_fault_handler)
    app_error_handler_bare                   0x0000139d   Thumb Code    22  app_error.o(i.app_error_handler_bare)
    app_util_critical_region_enter           0x000013b3   Thumb Code     4  app_util_platform.o(i.app_util_critical_region_enter)
    app_util_critical_region_exit            0x000013b7   Thumb Code     4  app_util_platform.o(i.app_util_critical_region_exit)
    app_util_disable_irq                     0x000013bd   Thumb Code    12  app_util_platform.o(i.app_util_disable_irq)
    app_util_enable_irq                      0x000013cd   Thumb Code    14  app_util_platform.o(i.app_util_enable_irq)
    low_pass_filter                          0x0000145d   Thumb Code    42  filter.o(i.low_pass_filter)
    low_pass_filter_init                     0x0000148d   Thumb Code    92  filter.o(i.low_pass_filter_init)
    main                                     0x000014f5   Thumb Code    16  main.o(i.main)
    moving_average_filter                    0x00001509   Thumb Code    98  filter.o(i.moving_average_filter)
    moving_average_filter_init               0x0000156d   Thumb Code    16  filter.o(i.moving_average_filter_init)
    nrf_drv_ppi_init                         0x000015b1   Thumb Code    18  nrf_drv_ppi.o(i.nrf_drv_ppi_init)
    nrfx_ppi_channel_alloc                   0x0000173d   Thumb Code    88  nrfx_ppi.o(i.nrfx_ppi_channel_alloc)
    nrfx_ppi_channel_assign                  0x0000179d   Thumb Code    62  nrfx_ppi.o(i.nrfx_ppi_channel_assign)
    nrfx_ppi_channel_enable                  0x000017e1   Thumb Code    36  nrfx_ppi.o(i.nrfx_ppi_channel_enable)
    nrfx_saadc_buffer_convert                0x00001809   Thumb Code   154  nrfx_saadc.o(i.nrfx_saadc_buffer_convert)
    nrfx_saadc_channel_init                  0x000018ad   Thumb Code   132  nrfx_saadc.o(i.nrfx_saadc_channel_init)
    nrfx_saadc_init                          0x00001939   Thumb Code   130  nrfx_saadc.o(i.nrfx_saadc_init)
    nrfx_saadc_sample_task_get               0x000019cd   Thumb Code    20  nrfx_saadc.o(i.nrfx_saadc_sample_task_get)
    nrfx_timer_compare                       0x000019e9   Thumb Code    58  nrfx_timer.o(i.nrfx_timer_compare)
    nrfx_timer_enable                        0x00001a25   Thumb Code    24  nrfx_timer.o(i.nrfx_timer_enable)
    nrfx_timer_extended_compare              0x00001a41   Thumb Code    42  nrfx_timer.o(i.nrfx_timer_extended_compare)
    nrfx_timer_init                          0x00001a6d   Thumb Code   188  nrfx_timer.o(i.nrfx_timer_init)
    nvmc_config                              0x00001b2d   Thumb Code    14  system_nrf52.o(i.nvmc_config)
    saadc_callback                           0x00001c45   Thumb Code    88  ad8233.o(i.saadc_callback)
    saadc_init                               0x00001cb1   Thumb Code    58  ad8233.o(i.saadc_init)
    saadc_sampling_event_enable              0x00001cf9   Thumb Code    24  ad8233.o(i.saadc_sampling_event_enable)
    saadc_sampling_event_init                0x00001d15   Thumb Code   136  ad8233.o(i.saadc_sampling_event_init)
    timer_handler                            0x00001da9   Thumb Code     2  ad8233.o(i.timer_handler)
    uxListRemove                             0x00001f41   Thumb Code    38  list.o(i.uxListRemove)
    vListInsertEnd                           0x00001f67   Thumb Code    24  list.o(i.vListInsertEnd)
    vTaskSwitchContext                       0x00001f81   Thumb Code    60  tasks.o(i.vTaskSwitchContext)
    xTaskGetSchedulerState                   0x00001fc5   Thumb Code    22  tasks.o(i.xTaskGetSchedulerState)
    xTaskGetTickCount                        0x00001fe1   Thumb Code     6  tasks.o(i.xTaskGetTickCount)
    xTaskIncrementTick                       0x00001fed   Thumb Code   150  tasks.o(i.xTaskIncrementTick)
    Region$$Table$$Base                      0x00002134   Number         0  anon$$obj.o(Region$$Table)
    Region$$Table$$Limit                     0x00002154   Number         0  anon$$obj.o(Region$$Table)
    adc_value                                0x20000000   Data           2  main.o(.data)
    adc_MVA                                  0x20000004   Data           4  main.o(.data)
    adc_LPF                                  0x20000008   Data           4  main.o(.data)
    pxCurrentTCB                             0x2000000c   Data           4  tasks.o(.data)
    fc                                       0x200000a4   Data           4  filter.o(.data)
    Ts                                       0x200000a8   Data           4  filter.o(.data)
    pi                                       0x200000ac   Data           4  filter.o(.data)
    alpha                                    0x200000b0   Data           4  filter.o(.data)
    m_buffer_pool                            0x200000ba   Data           6  ad8233.o(.data)
    SystemCoreClock                          0x200000c0   Data           4  system_nrf52.o(.data)
    MVA_data                                 0x200000c4   Data          48  main.o(.bss)
    __initial_sp                             0x200025d0   Data           0  arm_startup_nrf52840.o(STACK)



==============================================================================

Memory Map of the image

  Image Entry point : 0x00000201

  Load Region LR_IROM1 (Base: 0x00000000, Size: 0x00002218, Max: 0x00100000, ABSOLUTE)

    Execution Region ER_IROM1 (Exec base: 0x00000000, Load base: 0x00000000, Size: 0x00002154, Max: 0x00100000, ABSOLUTE)

    Exec Addr    Load Addr    Size         Type   Attr      Idx    E Section Name        Object

    0x00000000   0x00000000   0x00000200   Data   RO         5309    RESET               arm_startup_nrf52840.o
    0x00000200   0x00000200   0x00000000   Code   RO         5407  * .ARM.Collect$$$$00000000  mc_w.l(entry.o)
    0x00000200   0x00000200   0x00000004   Code   RO         5458    .ARM.Collect$$$$00000001  mc_w.l(entry2.o)
    0x00000204   0x00000204   0x00000004   Code   RO         5461    .ARM.Collect$$$$00000004  mc_w.l(entry5.o)
    0x00000208   0x00000208   0x00000000   Code   RO         5463    .ARM.Collect$$$$00000008  mc_w.l(entry7b.o)
    0x00000208   0x00000208   0x00000000   Code   RO         5465    .ARM.Collect$$$$0000000A  mc_w.l(entry8b.o)
    0x00000208   0x00000208   0x00000008   Code   RO         5466    .ARM.Collect$$$$0000000B  mc_w.l(entry9a.o)
    0x00000210   0x00000210   0x00000004   Code   RO         5473    .ARM.Collect$$$$0000000E  mc_w.l(entry12b.o)
    0x00000214   0x00000214   0x00000000   Code   RO         5468    .ARM.Collect$$$$0000000F  mc_w.l(entry10a.o)
    0x00000214   0x00000214   0x00000000   Code   RO         5470    .ARM.Collect$$$$00000011  mc_w.l(entry11a.o)
    0x00000214   0x00000214   0x00000004   Code   RO         5459    .ARM.Collect$$$$00002712  mc_w.l(entry2.o)
    0x00000218   0x00000218   0x00000098   Code   RO          777    .emb_text           port.o
    0x000002b0   0x000002b0   0x00000024   Code   RO         5310    .text               arm_startup_nrf52840.o
    0x000002d4   0x000002d4   0x0000001e   Code   RO         5410    .text               mc_w.l(llshl.o)
    0x000002f2   0x000002f2   0x00000020   Code   RO         5412    .text               mc_w.l(llushr.o)
    0x00000312   0x00000312   0x00000024   Code   RO         5414    .text               mc_w.l(memcpya.o)
    0x00000336   0x00000336   0x00000024   Code   RO         5416    .text               mc_w.l(memseta.o)
    0x0000035a   0x0000035a   0x000000e4   Code   RO         5424    .text               mf_w.l(dmul.o)
    0x0000043e   0x0000043e   0x00000026   Code   RO         5430    .text               mf_w.l(f2d.o)
    0x00000464   0x00000464   0x00000038   Code   RO         5432    .text               mf_w.l(d2f.o)
    0x0000049c   0x0000049c   0x00000000   Code   RO         5483    .text               mc_w.l(iusefp.o)
    0x0000049c   0x0000049c   0x0000006e   Code   RO         5484    .text               mf_w.l(fepilogue.o)
    0x0000050a   0x0000050a   0x000000ba   Code   RO         5486    .text               mf_w.l(depilogue.o)
    0x000005c4   0x000005c4   0x00000024   Code   RO         5494    .text               mc_w.l(init.o)
    0x000005e8   0x000005e8   0x0000004c   Code   RO         4634    i.DerivFilter       pantompkins.o
    0x00000634   0x00000634   0x000000a4   Code   RO         2299    i.GPIOTE_IRQHandler  nrfx_gpiote.o
    0x000006d8   0x000006d8   0x00000090   Code   RO         4635    i.HPFilter          pantompkins.o
    0x00000768   0x00000768   0x00000074   Code   RO         4636    i.LPFilter          pantompkins.o
    0x000007dc   0x000007dc   0x00000098   Code   RO         4637    i.LearningPhase1    pantompkins.o
    0x00000874   0x00000874   0x00000078   Code   RO         4638    i.MVAFilter         pantompkins.o
    0x000008ec   0x000008ec   0x000000a4   Code   RO         2159    i.POWER_CLOCK_IRQHandler  nrfx_clock.o
    0x00000990   0x00000990   0x000001f0   Code   RO         4639    i.PT_StateMachine   pantompkins.o
    0x00000b80   0x00000b80   0x000000ec   Code   RO         4655    i.PT_init           pantompkins.o
    0x00000c6c   0x00000c6c   0x00000030   Code   RO         4656    i.PeakDtcBP         pantompkins.o
    0x00000c9c   0x00000c9c   0x00000030   Code   RO         4657    i.PeakDtcDR         pantompkins.o
    0x00000ccc   0x00000ccc   0x00000028   Code   RO         4658    i.PeakDtcI          pantompkins.o
    0x00000cf4   0x00000cf4   0x00000068   Code   RO          862    i.RTC1_IRQHandler   port_cmsis_systick.o
    0x00000d5c   0x00000d5c   0x00000148   Code   RO         2621    i.SAADC_IRQHandler  nrfx_saadc.o
    0x00000ea4   0x00000ea4   0x00000010   Code   RO         3121    i.SPIM0_SPIS0_TWIM0_TWIS0_SPI0_TWI0_IRQHandler  nrfx_twim.o
    0x00000eb4   0x00000eb4   0x00000044   Code   RO         4659    i.SQRFilter         pantompkins.o
    0x00000ef8   0x00000ef8   0x000001dc   Code   RO         5318    i.SystemInit        system_nrf52.o
    0x000010d4   0x000010d4   0x00000014   Code   RO         2773    i.TIMER0_IRQHandler  nrfx_timer.o
    0x000010e8   0x000010e8   0x00000014   Code   RO         2774    i.TIMER1_IRQHandler  nrfx_timer.o
    0x000010fc   0x000010fc   0x00000014   Code   RO         2775    i.TIMER2_IRQHandler  nrfx_timer.o
    0x00001110   0x00001110   0x00000014   Code   RO         2776    i.TIMER3_IRQHandler  nrfx_timer.o
    0x00001124   0x00001124   0x00000014   Code   RO         2777    i.TIMER4_IRQHandler  nrfx_timer.o
    0x00001138   0x00001138   0x0000000c   Code   RO         3353    i.UARTE0_UART0_IRQHandler  nrfx_prs.o
    0x00001144   0x00001144   0x000000ec   Code   RO         4660    i.UpdateRR          pantompkins.o
    0x00001230   0x00001230   0x0000005c   Code   RO         4661    i.UpdateThF         pantompkins.o
    0x0000128c   0x0000128c   0x00000050   Code   RO         4662    i.UpdateThI         pantompkins.o
    0x000012dc   0x000012dc   0x0000001a   Code   RO         3122    i._NRFX_IRQ_PENDING_CLEAR  nrfx_twim.o
    0x000012f6   0x000012f6   0x0000000e   Code   RO         5498    i.__scatterload_copy  mc_w.l(handlers.o)
    0x00001304   0x00001304   0x00000002   Code   RO         5499    i.__scatterload_null  mc_w.l(handlers.o)
    0x00001306   0x00001306   0x0000000e   Code   RO         5500    i.__scatterload_zeroinit  mc_w.l(handlers.o)
    0x00001314   0x00001314   0x00000058   Code   RO         4854    i.ad8233_init       ad8233.o
    0x0000136c   0x0000136c   0x00000030   Code   RO         3961    i.app_error_fault_handler  app_error_weak.o
    0x0000139c   0x0000139c   0x00000016   Code   RO         3905    i.app_error_handler_bare  app_error.o
    0x000013b2   0x000013b2   0x00000004   Code   RO         4065    i.app_util_critical_region_enter  app_util_platform.o
    0x000013b6   0x000013b6   0x00000004   Code   RO         4066    i.app_util_critical_region_exit  app_util_platform.o
    0x000013ba   0x000013ba   0x00000002   PAD
    0x000013bc   0x000013bc   0x00000010   Code   RO         4067    i.app_util_disable_irq  app_util_platform.o
    0x000013cc   0x000013cc   0x00000014   Code   RO         4068    i.app_util_enable_irq  app_util_platform.o
    0x000013e0   0x000013e0   0x00000010   Code   RO         2302    i.channel_port_get  nrfx_gpiote.o
    0x000013f0   0x000013f0   0x00000046   Code   RO         2778    i.irq_handler       nrfx_timer.o
    0x00001436   0x00001436   0x00000002   PAD
    0x00001438   0x00001438   0x00000018   Code   RO         2928    i.is_allocated_channel  nrfx_ppi.o
    0x00001450   0x00001450   0x0000000c   Code   RO         2931    i.is_programmable_app_channel  nrfx_ppi.o
    0x0000145c   0x0000145c   0x00000030   Code   RO         4818    i.low_pass_filter   filter.o
    0x0000148c   0x0000148c   0x00000068   Code   RO         4819    i.low_pass_filter_init  filter.o
    0x000014f4   0x000014f4   0x00000014   Code   RO            4    i.main              main.o
    0x00001508   0x00001508   0x00000062   Code   RO         4820    i.moving_average_filter  filter.o
    0x0000156a   0x0000156a   0x00000002   PAD
    0x0000156c   0x0000156c   0x00000014   Code   RO         4821    i.moving_average_filter_init  filter.o
    0x00001580   0x00001580   0x00000010   Code   RO         2303    i.nrf_bitmask_bit_is_set  nrfx_gpiote.o
    0x00001590   0x00001590   0x0000000e   Code   RO         2160    i.nrf_clock_event_check  nrfx_clock.o
    0x0000159e   0x0000159e   0x00000010   Code   RO         2161    i.nrf_clock_event_clear  nrfx_clock.o
    0x000015ae   0x000015ae   0x00000002   PAD
    0x000015b0   0x000015b0   0x00000018   Code   RO         3068    i.nrf_drv_ppi_init  nrf_drv_ppi.o
    0x000015c8   0x000015c8   0x00000018   Code   RO         4855    i.nrf_gpio_cfg_output  ad8233.o
    0x000015e0   0x000015e0   0x00000030   Code   RO         2306    i.nrf_gpio_cfg_sense_set  nrfx_gpiote.o
    0x00001610   0x00001610   0x00000030   Code   RO         2307    i.nrf_gpio_latches_read_and_clear  nrfx_gpiote.o
    0x00001640   0x00001640   0x0000001c   Code   RO         2309    i.nrf_gpio_pin_port_decode  nrfx_gpiote.o
    0x0000165c   0x0000165c   0x0000001c   Code   RO         4856    i.nrf_gpio_pin_port_decode  ad8233.o
    0x00001678   0x00001678   0x00000026   Code   RO         4857    i.nrf_gpio_pin_write  ad8233.o
    0x0000169e   0x0000169e   0x00000002   PAD
    0x000016a0   0x000016a0   0x00000014   Code   RO         2313    i.nrf_gpiote_event_clear  nrfx_gpiote.o
    0x000016b4   0x000016b4   0x00000010   Code   RO         2314    i.nrf_gpiote_event_is_set  nrfx_gpiote.o
    0x000016c4   0x000016c4   0x0000000c   Code   RO          863    i.nrf_rtc_event_clear  port_cmsis_systick.o
    0x000016d0   0x000016d0   0x00000010   Code   RO         2622    i.nrf_saadc_buffer_init  nrfx_saadc.o
    0x000016e0   0x000016e0   0x00000014   Code   RO         2623    i.nrf_saadc_channel_input_set  nrfx_saadc.o
    0x000016f4   0x000016f4   0x00000010   Code   RO         2624    i.nrf_saadc_event_check  nrfx_saadc.o
    0x00001704   0x00001704   0x00000014   Code   RO         2625    i.nrf_saadc_event_clear  nrfx_saadc.o
    0x00001718   0x00001718   0x0000000c   Code   RO         2779    i.nrf_timer_event_clear  nrfx_timer.o
    0x00001724   0x00001724   0x0000000a   Code   RO         3125    i.nrf_twim_event_check  nrfx_twim.o
    0x0000172e   0x0000172e   0x0000000c   Code   RO         3126    i.nrf_twim_event_clear  nrfx_twim.o
    0x0000173a   0x0000173a   0x00000002   PAD
    0x0000173c   0x0000173c   0x00000060   Code   RO         2932    i.nrfx_ppi_channel_alloc  nrfx_ppi.o
    0x0000179c   0x0000179c   0x00000044   Code   RO         2933    i.nrfx_ppi_channel_assign  nrfx_ppi.o
    0x000017e0   0x000017e0   0x00000028   Code   RO         2935    i.nrfx_ppi_channel_enable  nrfx_ppi.o
    0x00001808   0x00001808   0x000000a4   Code   RO         2629    i.nrfx_saadc_buffer_convert  nrfx_saadc.o
    0x000018ac   0x000018ac   0x0000008c   Code   RO         2631    i.nrfx_saadc_channel_init  nrfx_saadc.o
    0x00001938   0x00001938   0x00000094   Code   RO         2633    i.nrfx_saadc_init   nrfx_saadc.o
    0x000019cc   0x000019cc   0x0000001c   Code   RO         2638    i.nrfx_saadc_sample_task_get  nrfx_saadc.o
    0x000019e8   0x000019e8   0x0000003a   Code   RO         2782    i.nrfx_timer_compare  nrfx_timer.o
    0x00001a22   0x00001a22   0x00000002   PAD
    0x00001a24   0x00001a24   0x0000001c   Code   RO         2786    i.nrfx_timer_enable  nrfx_timer.o
    0x00001a40   0x00001a40   0x0000002a   Code   RO         2787    i.nrfx_timer_extended_compare  nrfx_timer.o
    0x00001a6a   0x00001a6a   0x00000002   PAD
    0x00001a6c   0x00001a6c   0x000000c0   Code   RO         2789    i.nrfx_timer_init   nrfx_timer.o
    0x00001b2c   0x00001b2c   0x00000018   Code   RO         5319    i.nvmc_config       system_nrf52.o
    0x00001b44   0x00001b44   0x000000d0   Code   RO         2347    i.port_event_handle  nrfx_gpiote.o
    0x00001c14   0x00001c14   0x00000010   Code   RO         2348    i.port_handler_polarity_get  nrfx_gpiote.o
    0x00001c24   0x00001c24   0x00000020   Code   RO         1274    i.prvResetNextTaskUnblockTime  tasks.o
    0x00001c44   0x00001c44   0x0000006c   Code   RO         4858    i.saadc_callback    ad8233.o
    0x00001cb0   0x00001cb0   0x00000048   Code   RO         4859    i.saadc_init        ad8233.o
    0x00001cf8   0x00001cf8   0x0000001c   Code   RO         4860    i.saadc_sampling_event_enable  ad8233.o
    0x00001d14   0x00001d14   0x00000094   Code   RO         4861    i.saadc_sampling_event_init  ad8233.o
    0x00001da8   0x00001da8   0x00000002   Code   RO         4862    i.timer_handler     ad8233.o
    0x00001daa   0x00001daa   0x00000002   PAD
    0x00001dac   0x00001dac   0x00000194   Code   RO         3138    i.twim_irq_handler  nrfx_twim.o
    0x00001f40   0x00001f40   0x00000026   Code   RO          729    i.uxListRemove      list.o
    0x00001f66   0x00001f66   0x00000018   Code   RO          733    i.vListInsertEnd    list.o
    0x00001f7e   0x00001f7e   0x00000002   PAD
    0x00001f80   0x00001f80   0x00000044   Code   RO         1303    i.vTaskSwitchContext  tasks.o
    0x00001fc4   0x00001fc4   0x0000001c   Code   RO         1310    i.xTaskGetSchedulerState  tasks.o
    0x00001fe0   0x00001fe0   0x0000000c   Code   RO         1311    i.xTaskGetTickCount  tasks.o
    0x00001fec   0x00001fec   0x000000a0   Code   RO         1313    i.xTaskIncrementTick  tasks.o
    0x0000208c   0x0000208c   0x00000062   Code   RO         3140    i.xfer_completeness_check  nrfx_twim.o
    0x000020ee   0x000020ee   0x00000002   PAD
    0x000020f0   0x000020f0   0x00000008   Data   RO         2350    .constdata          nrfx_gpiote.o
    0x000020f8   0x000020f8   0x00000004   Data   RO         4664    .constdata          pantompkins.o
    0x000020fc   0x000020fc   0x00000004   PAD
    0x00002100   0x00002100   0x00000031   Data   RO         4863    .constdata          ad8233.o
    0x00002131   0x00002131   0x00000003   PAD
    0x00002134   0x00002134   0x00000020   Data   RO         5496    Region$$Table       anon$$obj.o


    Execution Region RW_IRAM1 (Exec base: 0x20000000, Load base: 0x00002154, Size: 0x000025d0, Max: 0x00040000, ABSOLUTE)

    Exec Addr    Load Addr    Size         Type   Attr      Idx    E Section Name        Object

    0x20000000   0x00002154   0x00000002   Data   RW           10    .data               main.o
    0x20000002   0x00002156   0x00000002   PAD
    0x20000004   0x00002158   0x00000004   Data   RW           11    .data               main.o
    0x20000008   0x0000215c   0x00000004   Data   RW           12    .data               main.o
    0x2000000c   0x00002160   0x0000003c   Data   RW         1322    .data               tasks.o
    0x20000048   0x0000219c   0x00000008   Data   RW         2177    .data               nrfx_clock.o
    0x20000050   0x000021a4   0x00000008   Data   RW         2957    .data               nrfx_ppi.o
    0x20000058   0x000021ac   0x00000001   Data   RW         3070    .data               nrf_drv_ppi.o
    0x20000059   0x000021ad   0x00000003   PAD
    0x2000005c   0x000021b0   0x00000008   Data   RW         3358    .data               nrfx_prs.o
    0x20000064   0x000021b8   0x00000004   Data   RW         4071    .data               app_util_platform.o
    0x20000068   0x000021bc   0x00000036   Data   RW         4665    .data               pantompkins.o
    0x2000009e   0x000021f2   0x00000002   PAD
    0x200000a0   0x000021f4   0x00000018   Data   RW         4822    .data               filter.o
    0x200000b8   0x0000220c   0x00000008   Data   RW         4864    .data               ad8233.o
    0x200000c0   0x00002214   0x00000004   Data   RW         5321    .data               system_nrf52.o
    0x200000c4        -       0x00000030   Zero   RW            6    .bss                main.o
    0x200000f4        -       0x000002e4   Zero   RW         1321    .bss                tasks.o
    0x200003d8        -       0x0000006c   Zero   RW         2349    .bss                nrfx_gpiote.o
    0x20000444        -       0x00000030   Zero   RW         2640    .bss                nrfx_saadc.o
    0x20000474        -       0x0000003c   Zero   RW         2794    .bss                nrfx_timer.o
    0x200004b0        -       0x00000034   Zero   RW         3141    .bss                nrfx_twim.o
    0x200004e4        -       0x000000ea   Zero   RW         4663    .bss                pantompkins.o
    0x200005ce   0x00002218   0x00000002   PAD
    0x200005d0        -       0x00002000   Zero   RW         5307    STACK               arm_startup_nrf52840.o


==============================================================================

Image component sizes


      Code (inc. data)   RO Data    RW Data    ZI Data      Debug   Object Name

       536         60         49          8          0      37454   ad8233.o
        22          0          0          0          0       2513   app_error.o
        48          8          0          0          0      30877   app_error_weak.o
        44         10          0          4          0       3276   app_util_platform.o
        36          8        512          0       8192        924   arm_startup_nrf52840.o
         0          0          0          0          0        548   boards.o
         0          0          0          0          0      13464   event_groups.o
       270         22          0         24          0       3459   filter.o
        62          0          0          0          0       1880   list.o
        20          4          0         10         48      58474   main.o
        24          6          0          1          0        943   nrf_drv_ppi.o
       194         10          0          8          0      39358   nrfx_clock.o
       580         44          8          0        108      21918   nrfx_gpiote.o
       240         22          0          8          0      10461   nrfx_ppi.o
        12          6          0          8          0       2010   nrfx_prs.o
       880         70          0          0         48      21637   nrfx_saadc.o
       502         58          0          0         60      17206   nrfx_timer.o
       566         12          0          0         52      50801   nrfx_twim.o
      1952        100          4         54        234      11207   pantompkins.o
       152         14          0          0          0        684   port.o
       116          8          0          0          0       4266   port_cmsis_systick.o
       500         66          0          4          0      31549   system_nrf52.o
       300         36          0         60        740       8417   tasks.o

    ----------------------------------------------------------------------
      7078        564        612        196       9484     373326   Object Totals
         0          0         32          0          0          0   (incl. Generated)
        22          0          7          7          2          0   (incl. Padding)

    ----------------------------------------------------------------------

      Code (inc. data)   RO Data    RW Data    ZI Data      Debug   Library Member Name

         0          0          0          0          0          0   entry.o
         0          0          0          0          0          0   entry10a.o
         0          0          0          0          0          0   entry11a.o
         4          0          0          0          0          0   entry12b.o
         8          4          0          0          0          0   entry2.o
         4          0          0          0          0          0   entry5.o
         0          0          0          0          0          0   entry7b.o
         0          0          0          0          0          0   entry8b.o
         8          4          0          0          0          0   entry9a.o
        30          0          0          0          0          0   handlers.o
        36          8          0          0          0         68   init.o
         0          0          0          0          0          0   iusefp.o
        30          0          0          0          0         68   llshl.o
        32          0          0          0          0         68   llushr.o
        36          0          0          0          0         68   memcpya.o
        36          0          0          0          0        108   memseta.o
        56          0          0          0          0         88   d2f.o
       186          0          0          0          0        176   depilogue.o
       228          0          0          0          0         96   dmul.o
        38          0          0          0          0         68   f2d.o
       110          0          0          0          0        168   fepilogue.o

    ----------------------------------------------------------------------
       842         16          0          0          0        976   Library Totals
         0          0          0          0          0          0   (incl. Padding)

    ----------------------------------------------------------------------

      Code (inc. data)   RO Data    RW Data    ZI Data      Debug   Library Name

       224         16          0          0          0        380   mc_w.l
       618          0          0          0          0        596   mf_w.l

    ----------------------------------------------------------------------
       842         16          0          0          0        976   Library Totals

    ----------------------------------------------------------------------

==============================================================================


      Code (inc. data)   RO Data    RW Data    ZI Data      Debug   

      7920        580        612        196       9484     365942   Grand Totals
      7920        580        612        196       9484     365942   ELF Image Totals
      7920        580        612        196          0          0   ROM Totals

==============================================================================

    Total RO  Size (Code + RO Data)                 8532 (   8.33kB)
    Total RW  Size (RW Data + ZI Data)              9680 (   9.45kB)
    Total ROM Size (Code + RO Data + RW Data)       8728 (   8.52kB)

==============================================================================

